#==============================================================================
#
# bgt.map
# doel: serveren van bgt kaart wms
#
#==============================================================================

MAP
  NAME                      "bgt"
  INCLUDE                   "header.inc"

  WEB
    METADATA
      "ows_title"           "bgt"
      "ows_abstract"        "Basisregistratie Grootschalige Topografie"
    END
  END

  IMAGECOLOR                "#fefafa"





  #=============================================================================
  # LAYERS HOOGTELIGGING 0
  #=============================================================================

  LAYER
    NAME                    waterdeel_vlak0
    GROUP                   waterdeel
    INCLUDE                 "connection_basiskaart.inc"
    DATA                    "geometrie FROM bgt.waterdeel_vlak0 USING srid=28992 USING UNIQUE identificatie_lokaalid"
	PROCESSING              "CLOSE_CONNECTION=DEFER"
    TYPE                    POLYGON
    CLASSITEM               bgt_type
    MAXSCALEDENOM           4000
    PROJECTION
      "init=epsg:28992"
    END
    METADATA
     "wms_title"            "waterdeel_vlak0"
	 "wms_group_title"      "waterdeel"
    END
    CLASS
	  # bgt_type: {greppel, droge sloot,niet-bgt,transitie,waterloop,watervlakte}
      MAXSCALEDENOM   4000
      STYLE
        COLOR         "#95c6d5"
      END
    END
  END

  #-----------------------------------------------------------------------------

  LAYER
    NAME                    terreindeel_vlak0
    GROUP                   terreindeel
    INCLUDE                 "connection_basiskaart.inc"
    DATA                    "geometrie FROM bgt.terreindeel_vlak0 USING srid=28992 USING UNIQUE identificatie_lokaalid"
	PROCESSING              "CLOSE_CONNECTION=DEFER"
    TYPE                    POLYGON
	CLASSITEM               bgt_fysiekvoorkomen
    MAXSCALEDENOM           4000
    PROJECTION
      "init=epsg:28992"
    END
    METADATA
     "wms_title"            "terreindeel_vlak0"
	 "wms_group_title"      "terreindeel"
    END
    CLASS
      EXPRESSION      erf
      MAXSCALEDENOM   4000
      STYLE
	    COLOR         "#f9f9e7"
        OUTLINECOLOR  "#c9c7c2"
        WIDTH         1
        LINECAP       BUTT
        LINEJOIN      MITER
      END
    END
    CLASS
      EXPRESSION      {gesloten verharding,half verhard,onverhard,open verharding,zand}
      MAXSCALEDENOM   4000
      STYLE
	    COLOR         "#f6f6f4"
        OUTLINECOLOR  "#c9c7c2"
        WIDTH         1
        LINECAP       BUTT
        LINEJOIN      MITER
      END
    END
    CLASS
	  # {boomteelt,bouwland,duin,fruitteelt,gemengd bos,grasland agrarisch,grasland overig,groenvoorziening,houtwal,
	  #  loofbos,moeras,naaldbos,rietland,struiken,transitie,zand}
      MAXSCALEDENOM   4000
      STYLE
	    COLOR         "#dceacf"
		OUTLINECOLOR  "#c9c7c2"
		WIDTH         1
        LINECAP       BUTT
        LINEJOIN      MITER
      END
    END
  END

  #-----------------------------------------------------------------------------

  LAYER
    NAME                    wegdeel_vlak0
    GROUP                   wegdeel
    INCLUDE                 "connection_basiskaart.inc"
    DATA                    "geometrie FROM bgt.wegdeel_vlak0 USING srid=28992 USING UNIQUE identificatie_lokaalid"
	PROCESSING              "CLOSE_CONNECTION=DEFER"
    TYPE                    POLYGON
	CLASSITEM               bgt_functie
    MAXSCALEDENOM           4000
    PROJECTION
      "init=epsg:28992"
    END
    METADATA
     "wms_title"            "wegdeel_vlak0"
	 "wms_group_title"      "wegdeel"
    END
    CLASS
	  EXPRESSION      {berm,verkeerseiland}
      MAXSCALEDENOM   4000
      STYLE
        COLOR         "#f6f6f4"
        OUTLINECOLOR  "#acacac"
		WIDTH         0.5
        LINECAP       BUTT
        LINEJOIN      MITER
      END
    END
    CLASS
	  # {baan voor vliegverkeer,fietspad,inrit,OV-baan,overweg,parkeervlak,rijbaan autosnelweg,rijbaan autoweg,
	  #  rijbaan lokale weg,rijbaan regionale weg,ruiterpad,transitie,voetgangersgebied,voetpad,voetpad op trap,woonerf}
      MAXSCALEDENOM   4000
      STYLE
        COLOR         "#ffffff"
        OUTLINECOLOR  "#acacac"
		WIDTH         0.5
        LINECAP       BUTT
        LINEJOIN      MITER
      END
    END
  END

  #-----------------------------------------------------------------------------

  LAYER
    NAME                    gebouw_vlak0
    GROUP                   gebouw
    INCLUDE                 "connection_basiskaart.inc"
    DATA                    "geometrie FROM bgt.gebouw_vlak0 USING srid=28992 USING UNIQUE identificatie_lokaalid"
	PROCESSING              "CLOSE_CONNECTION=DEFER"
    TYPE                    POLYGON
	CLASSITEM               bgt_type
    MAXSCALEDENOM           4000
    PROJECTION
      "init=epsg:28992"
    END
    METADATA
     "wms_title"            "gebouw_vlak0"
	 "wms_group_title"      "gebouw"
    END
    CLASS
	  # overig bouwwerk
	  EXPRESSION      {bassin,bezinkbak,lage trafo,niet-bgt,open loods,opslagtank,overkapping,transitie,windturbine}
      MAXSCALEDENOM   4000
      STYLE
        COLOR         "#e0ded8"
        OUTLINECOLOR  "#c9c7c2"
		WIDTH         1
        LINECAP       BUTT
        LINEJOIN      MITER
      END
    END
    CLASS
	  # pand; gebouwinstallatie plus_type: {bordes,bunker,luifel,onbekend,schuur,toegangstrap,voedersilo}
      MAXSCALEDENOM   4000
      STYLE
        COLOR         "#ebeae6"
        OUTLINECOLOR  "#c9c7c2"
		WIDTH         1
        LINECAP       BUTT
        LINEJOIN      MITER
      END
    END
  END

  #-----------------------------------------------------------------------------

  LAYER
    NAME                    inrichtingselement_vlak0
    GROUP                   inrichtingselement
    INCLUDE                 "connection_basiskaart.inc"
    DATA                    "geometrie FROM bgt.inrichtingselement_vlak0 USING srid=28992 USING UNIQUE identificatie_lokaalid"
	PROCESSING              "CLOSE_CONNECTION=DEFER"
    TYPE                    POLYGON
    CLASSITEM               bgt_type
    MAXSCALEDENOM           4000
    PROJECTION
      "init=epsg:28992"
    END
    METADATA
     "wms_title"            "inrichtingselement_vlak0"
	 "wms_group_title"      "inrichtingselement"
    END
    CLASS
	  EXPRESSION      steiger
      MAXSCALEDENOM   4000
      STYLE
	    COLOR         "#f6f6f4"
        OUTLINECOLOR  "#acacac80"
		WIDTH         1
        LINECAP       BUTT
        LINEJOIN      MITER
      END
    END
    CLASS
	  EXPRESSION      {gemaal,hoogspanningsmast,sluis,stuw,transitie}
      MAXSCALEDENOM   4000
      STYLE
	    COLOR         "#ebeae6"
        OUTLINECOLOR  "#e0ded8"
		WIDTH         1
        LINECAP       BUTT
        LINEJOIN      MITER
      END
    END
    CLASS
	  # {kademuur,muur,niet-bgt}
      MAXSCALEDENOM   4000
      STYLE
        COLOR         "#ff0000"
        OUTLINECOLOR  "#c9c7c2"
		WIDTH         1
        LINECAP       BUTT
        LINEJOIN      MITER
      END
    END
  END

  #-----------------------------------------------------------------------------

  LAYER
    NAME                    waterdeel_lijn0
    GROUP                   waterdeel
    INCLUDE                 "connection_basiskaart.inc"
    DATA                    "geometrie FROM bgt.waterdeel_lijn0 USING srid=28992 USING UNIQUE identificatie_lokaalid"
	PROCESSING              "CLOSE_CONNECTION=DEFER"
    TYPE                    LINE
    CLASSITEM               plus_type
    MAXSCALEDENOM           4000
    PROJECTION
      "init=epsg:28992"
    END
    METADATA
     "wms_title"            "waterdeel_lijn0"
	 "wms_group_title"      "waterdeel"
    END
    CLASS
	  # plus_type: {duiker}
      MAXSCALEDENOM 4000
      STYLE
        COLOR "#95c6d5"
		WIDTH 2
      END
    END
  END

  #-----------------------------------------------------------------------------

  LAYER
    NAME                    spoor_lijn0
    GROUP                   spoor
    INCLUDE                 "connection_basiskaart.inc"
    DATA                    "geometrie FROM bgt.spoor_lijn0 USING srid=28992 USING UNIQUE identificatie_lokaalid"
	PROCESSING              "CLOSE_CONNECTION=DEFER"
    TYPE                    LINE
	CLASSITEM               bgt_functie
    MAXSCALEDENOM           4000
    PROJECTION
      "init=epsg:28992"
    END
    METADATA
     "wms_title"            "spoor_lijn0"
	 "wms_group_title"      "spoor"
    END
	CLASS
	  EXPRESSION       sneltram
      MAXSCALEDENOM    4000
      STYLE
        WIDTH          3
        COLOR          "#fc7f7f"
        PATTERN
          8
          8
        END
        LINECAP        BUTT
        LINEJOIN       MITER
      END
	  STYLE
        WIDTH          1
        COLOR          "#ffffff"
        LINECAP        BUTT
        LINEJOIN       MITER
      END
	END
	CLASS
	  EXPRESSION      tram
      MAXSCALEDENOM   4000
	  STYLE
        WIDTH         2
        COLOR         "#fc7f7f"
        LINECAP       BUTT
        LINEJOIN      MITER
      END
	END
	CLASS
	  EXPRESSION       trein
      MAXSCALEDENOM    4000
      STYLE
        WIDTH          3
        COLOR          "#9d9d9d"
        LINECAP        BUTT
        LINEJOIN       MITER
      END
	  STYLE
        WIDTH          1
        COLOR          "#ffffff"
        PATTERN
          8
          8
        END
        LINECAP        BUTT
        LINEJOIN       MITER
      END
	END
  END


  #-----------------------------------------------------------------------------

  LAYER
    NAME                    inrichtingselement_lijn0
    GROUP                   inrichtingselement
    INCLUDE                 "connection_basiskaart.inc"
    DATA                    "geometrie FROM bgt.inrichtingselement_lijn0 USING srid=28992 USING UNIQUE identificatie_lokaalid"
	PROCESSING              "CLOSE_CONNECTION=DEFER"
    TYPE                    LINE
    CLASSITEM               bgt_type
    MAXSCALEDENOM           4000
    PROJECTION
      "init=epsg:28992"
    END
    METADATA
     "wms_title"            "inrichtingselement_lijn0"
	 "wms_group_title"      "inrichtingselement"
    END
    CLASS
	  # bgt_type: {damwand,geluidsscherm,hek,kademuur,muur,niet-bgt,stuw,transitie,walbescherming}
      MAXSCALEDENOM 4000
      STYLE
        COLOR "#e0ded8"
		WIDTH 1
      END
    END
  END

  #-----------------------------------------------------------------------------

  LAYER
    NAME                    inrichtingselement_punt0
    GROUP                   inrichtingselement
    INCLUDE                 "connection_basiskaart.inc"
    DATA                    "geometrie FROM bgt.inrichtingselement_punt0 USING srid=28992 USING UNIQUE identificatie_lokaalid"
	PROCESSING              "CLOSE_CONNECTION=DEFER"
    TYPE                    POINT
	CLASSITEM               plus_type
    MAXSCALEDENOM           4000
    PROJECTION
      "init=epsg:28992"
    END
    METADATA
     "wms_title"            "inrichtingselement_punt0"
	 "wms_group_title"      "inrichtingselement"
    END
    CLASS
	  # plus_type: {abri,afval apart plaats,afvalbak,betaalautomaat,boom,brandkraan / -put,CAI-kast,elektrakast,fietsenrek,
	  #            herdenkingsmonument,inspectie- / rioolput,kolk,kunstobject,lichtmast,onbekend,openbaar toilet,pomp,
	  #			   reclamezuil,telefooncel}
      MAXSCALEDENOM 4000
      STYLE
        SYMBOL         'continue'
        SIZE           6
        COLOR          "#ff0000"
        OUTLINECOLOR   "#000000"
        WIDTH          1
      END
    END
  END





  #=============================================================================
  # LAYERS HOOGTELIGGING 1
  #=============================================================================

  LAYER
    NAME                    waterdeel_vlak1
    GROUP                   waterdeel
    INCLUDE                 "connection_basiskaart.inc"
    DATA                    "geometrie FROM bgt.waterdeel_vlak1 USING srid=28992 USING UNIQUE identificatie_lokaalid"
	PROCESSING              "CLOSE_CONNECTION=DEFER"
    TYPE                    POLYGON
    CLASSITEM               bgt_type
    MAXSCALEDENOM           4000
    PROJECTION
      "init=epsg:28992"
    END
    METADATA
     "wms_title"            "waterdeel_vlak1"
	 "wms_group_title"      "waterdeel"
    END
    CLASS
      MAXSCALEDENOM 4000
      STYLE
        COLOR "#95c6d5"
      END
    END
  END

  #-----------------------------------------------------------------------------

  LAYER
    NAME                    terreindeel_vlak1
    GROUP                   terreindeel
    INCLUDE                 "connection_basiskaart.inc"
    DATA                    "geometrie FROM bgt.terreindeel_vlak1 USING srid=28992 USING UNIQUE identificatie_lokaalid"
	PROCESSING              "CLOSE_CONNECTION=DEFER"
    TYPE                    POLYGON
	CLASSITEM               bgt_fysiekvoorkomen
    MAXSCALEDENOM           4000
    PROJECTION
      "init=epsg:28992"
    END
    METADATA
     "wms_title"            "terreindeel_vlak1"
	 "wms_group_title"      "terreindeel"
    END
    CLASS
      EXPRESSION      "erf"
      MAXSCALEDENOM   4000
      STYLE
	    COLOR         "#f9f9e7"
        OUTLINECOLOR  "#c9c7c2"
        WIDTH         1
        LINECAP       BUTT
        LINEJOIN      MITER
      END
    END
    CLASS
      EXPRESSION      {gesloten verharding,half verhard,onverhard,open verharding,zand}
      MAXSCALEDENOM   4000
      STYLE
	    COLOR         "#f6f6f4"
        OUTLINECOLOR  "#c9c7c2"
        WIDTH         1
        LINECAP       BUTT
        LINEJOIN      MITER
      END
    END
    CLASS
      MAXSCALEDENOM   4000
      STYLE
	    COLOR         "#dceacf"
		OUTLINECOLOR  "#c9c7c2"
		WIDTH         1
        LINECAP       BUTT
        LINEJOIN      MITER
      END
    END
  END

  #-----------------------------------------------------------------------------

  LAYER
    NAME                    wegdeel_vlak1
    GROUP                   wegdeel
    INCLUDE                 "connection_basiskaart.inc"
    DATA                    "geometrie FROM bgt.wegdeel_vlak1 USING srid=28992 USING UNIQUE identificatie_lokaalid"
	PROCESSING              "CLOSE_CONNECTION=DEFER"
    TYPE                    POLYGON
	CLASSITEM               bgt_functie
    MAXSCALEDENOM           4000
    PROJECTION
      "init=epsg:28992"
    END
    METADATA
     "wms_title"            "wegdeel_vlak1"
	 "wms_group_title"      "wegdeel"
    END
    CLASS
	  EXPRESSION      {berm,verkeerseiland}
      MAXSCALEDENOM   4000
      STYLE
        COLOR         "#f6f6f4"
        OUTLINECOLOR  "#acacac"
		WIDTH         0.5
        LINECAP       BUTT
        LINEJOIN      MITER
      END
    END
    CLASS
      MAXSCALEDENOM   4000
      STYLE
        COLOR         "#ffffff"
        OUTLINECOLOR  "#acacac"
		WIDTH         0.5
        LINECAP       BUTT
        LINEJOIN      MITER
      END
    END
  END

  #-----------------------------------------------------------------------------

  LAYER
    NAME                    gebouw_vlak1
    GROUP                   gebouw
    INCLUDE                 "connection_basiskaart.inc"
    DATA                    "geometrie FROM bgt.gebouw_vlak1 USING srid=28992 USING UNIQUE identificatie_lokaalid"
	PROCESSING              "CLOSE_CONNECTION=DEFER"
    TYPE                    POLYGON
	CLASSITEM               bgt_type
    MAXSCALEDENOM           4000
    PROJECTION
      "init=epsg:28992"
    END
    METADATA
     "wms_title"            "gebouw_vlak1"
	 "wms_group_title"      "gebouw"
    END
    CLASS
	  # overig bouwwerk
	  EXPRESSION      {bassin,bezinkbak,lage trafo,niet-bgt,open loods,opslagtank,overkapping,transitie,windturbine}
      MAXSCALEDENOM   4000
      STYLE
        COLOR         "#e0ded8"
        OUTLINECOLOR  "#c9c7c2"
		WIDTH         1
        LINECAP       BUTT
        LINEJOIN      MITER
      END
    END
    CLASS
	  # pand en gebouwinstallatie
      MAXSCALEDENOM   4000
      STYLE
        COLOR         "#ebeae6"
        OUTLINECOLOR  "#c9c7c2"
		WIDTH         1
        LINECAP       BUTT
        LINEJOIN      MITER
      END
    END
  END

  #-----------------------------------------------------------------------------

  LAYER
    NAME                    inrichtingselement_vlak1
    GROUP                   inrichtingselement
    INCLUDE                 "connection_basiskaart.inc"
    DATA                    "geometrie FROM bgt.inrichtingselement_vlak1 USING srid=28992 USING UNIQUE identificatie_lokaalid"
	PROCESSING              "CLOSE_CONNECTION=DEFER"
    TYPE                    POLYGON
    CLASSITEM               bgt_type
    MAXSCALEDENOM           4000
    PROJECTION
      "init=epsg:28992"
    END
    METADATA
     "wms_title"            "inrichtingselement_vlak1"
	 "wms_group_title"      "inrichtingselement"
    END
    CLASS
	  EXPRESSION      steiger
      MAXSCALEDENOM   4000
      STYLE
	    COLOR         "#f6f6f4"
        OUTLINECOLOR  "#acacac80"
		WIDTH         1
        LINECAP       BUTT
        LINEJOIN      MITER
      END
    END
    CLASS
	  EXPRESSION      {gemaal,hoogspanningsmast,sluis,stuw,transitie}
      MAXSCALEDENOM   4000
      STYLE
	    COLOR         "#ebeae6"
        OUTLINECOLOR  "#e0ded8"
		WIDTH         1
        LINECAP       BUTT
        LINEJOIN      MITER
      END
    END
    CLASS
      MAXSCALEDENOM   4000
      STYLE
        COLOR         "#ff0000"
        OUTLINECOLOR  "#c9c7c2"
		WIDTH         1
        LINECAP       BUTT
        LINEJOIN      MITER
      END
    END
  END

  #-----------------------------------------------------------------------------

  LAYER
    NAME                    spoor_lijn1
    GROUP                   spoor
    INCLUDE                 "connection_basiskaart.inc"
    DATA                    "geometrie FROM bgt.spoor_lijn1 USING srid=28992 USING UNIQUE identificatie_lokaalid"
	PROCESSING              "CLOSE_CONNECTION=DEFER"
    TYPE                    LINE
	CLASSITEM               bgt_functie
    MAXSCALEDENOM           4000
    PROJECTION
      "init=epsg:28992"
    END
    METADATA
     "wms_title"            "spoor_lijn1"
	 "wms_group_title"      "spoor"
    END
	CLASS
	  EXPRESSION       sneltram
      MAXSCALEDENOM    4000
      STYLE
        WIDTH          3
        COLOR          "#fc7f7f"
        PATTERN
          8
          8
        END
        LINECAP        BUTT
        LINEJOIN       MITER
      END
	  STYLE
        WIDTH          1
        COLOR          "#ffffff"
        LINECAP        BUTT
        LINEJOIN       MITER
      END
	END
	CLASS
	  EXPRESSION      tram
      MAXSCALEDENOM   4000
	  STYLE
        WIDTH         2
        COLOR         "#fc7f7f"
        LINECAP       BUTT
        LINEJOIN      MITER
      END
	END
	CLASS
	  EXPRESSION       trein
      MAXSCALEDENOM    4000
      STYLE
        WIDTH          3
        COLOR          "#9d9d9d"
        LINECAP        BUTT
        LINEJOIN       MITER
      END
	  STYLE
        WIDTH          1
        COLOR          "#ffffff"
        PATTERN
          8
          8
        END
        LINECAP        BUTT
        LINEJOIN       MITER
      END
	END
  END

  #-----------------------------------------------------------------------------

  LAYER
    NAME                    inrichtingselement_lijn1
    GROUP                   inrichtingselement
    INCLUDE                 "connection_basiskaart.inc"
    DATA                    "geometrie FROM bgt.inrichtingselement_lijn1 USING srid=28992 USING UNIQUE identificatie_lokaalid"
	PROCESSING              "CLOSE_CONNECTION=DEFER"
    TYPE                    LINE
    CLASSITEM               bgt_type
    MAXSCALEDENOM           4000
    PROJECTION
      "init=epsg:28992"
    END
    METADATA
     "wms_title"            "inrichtingselement_lijn1"
	 "wms_group_title"      "inrichtingselement"
    END
    CLASS
      MAXSCALEDENOM 4000
      STYLE
        COLOR "#ff0000"
		WIDTH 2
      END
    END
  END

  #-----------------------------------------------------------------------------

  LAYER
    NAME                    inrichtingselement_punt1
    GROUP                   inrichtingselement
    INCLUDE                 "connection_basiskaart.inc"
    DATA                    "geometrie FROM bgt.inrichtingselement_punt1 USING srid=28992 USING UNIQUE identificatie_lokaalid"
	PROCESSING              "CLOSE_CONNECTION=DEFER"
    TYPE                    POINT
    CLASSITEM               plus_type
    MAXSCALEDENOM           4000
    PROJECTION
      "init=epsg:28992"
    END
    METADATA
     "wms_title"            "inrichtingselement_punt1"
	 "wms_group_title"      "inrichtingselement"
    END
    CLASS
      MAXSCALEDENOM 4000
      STYLE
        SYMBOL         'continue'
        SIZE           8
        COLOR          "#ff0000"
        OUTLINECOLOR   "#000000"
        WIDTH          1
      END
    END
  END





  #=============================================================================
  # LAYERS HOOGTELIGGING 2
  #=============================================================================

  LAYER
    NAME                    terreindeel_vlak2
    GROUP                   terreindeel
    INCLUDE                 "connection_basiskaart.inc"
    DATA                    "geometrie FROM bgt.terreindeel_vlak2 USING srid=28992 USING UNIQUE identificatie_lokaalid"
	PROCESSING              "CLOSE_CONNECTION=DEFER"
    TYPE                    POLYGON
	CLASSITEM               bgt_fysiekvoorkomen
    MAXSCALEDENOM           4000
    PROJECTION
      "init=epsg:28992"
    END
    METADATA
     "wms_title"            "terreindeel_vlak2"
	 "wms_group_title"      "terreindeel"
    END
    CLASS
      EXPRESSION      "erf"
      MAXSCALEDENOM   4000
      STYLE
	    COLOR         "#f9f9e7"
        OUTLINECOLOR  "#c9c7c2"
        WIDTH         1
        LINECAP       BUTT
        LINEJOIN      MITER
      END
    END
    CLASS
      EXPRESSION      {gesloten verharding,half verhard,onverhard,open verharding,zand}
      MAXSCALEDENOM   4000
      STYLE
	    COLOR         "#f6f6f4"
        OUTLINECOLOR  "#c9c7c2"
        WIDTH         1
        LINECAP       BUTT
        LINEJOIN      MITER
      END
    END
    CLASS
      MAXSCALEDENOM   4000
      STYLE
	    COLOR         "#dceacf"
		OUTLINECOLOR  "#c9c7c2"
		WIDTH         1
        LINECAP       BUTT
        LINEJOIN      MITER
      END
    END
  END

  #-----------------------------------------------------------------------------

  LAYER
    NAME                    wegdeel_vlak2
    GROUP                   wegdeel
    INCLUDE                 "connection_basiskaart.inc"
    DATA                    "geometrie FROM bgt.wegdeel_vlak2 USING srid=28992 USING UNIQUE identificatie_lokaalid"
	PROCESSING              "CLOSE_CONNECTION=DEFER"
    TYPE                    POLYGON
    CLASSITEM               bgt_functie
    MAXSCALEDENOM           4000
    PROJECTION
      "init=epsg:28992"
    END
    METADATA
     "wms_title"            "wegdeel_vlak2"
	 "wms_group_title"      "wegdeel"
    END
    CLASS
	  EXPRESSION      {berm,verkeerseiland}
      MAXSCALEDENOM   4000
      STYLE
        COLOR         "#f6f6f4"
        OUTLINECOLOR  "#acacac"
		WIDTH         0.5
        LINECAP       BUTT
        LINEJOIN      MITER
      END
    END
    CLASS
      MAXSCALEDENOM   4000
      STYLE
        COLOR         "#ffffff"
        OUTLINECOLOR  "#acacac"
		WIDTH         0.5
        LINECAP       BUTT
        LINEJOIN      MITER
      END
    END
  END

  #-----------------------------------------------------------------------------

  LAYER
    NAME                    gebouw_vlak2
    GROUP                   gebouw
    INCLUDE                 "connection_basiskaart.inc"
    DATA                    "geometrie FROM bgt.gebouw_vlak2 USING srid=28992 USING UNIQUE identificatie_lokaalid"
	PROCESSING              "CLOSE_CONNECTION=DEFER"
    TYPE                    POLYGON
	CLASSITEM               bgt_type
    MAXSCALEDENOM           4000
    PROJECTION
      "init=epsg:28992"
    END
    METADATA
     "wms_title"            "gebouw_vlak2"
	 "wms_group_title"      "gebouw"
    END
    CLASS
	  # overig bouwwerk
	  EXPRESSION      {bassin,bezinkbak,lage trafo,niet-bgt,open loods,opslagtank,overkapping,transitie,windturbine}
      MAXSCALEDENOM   4000
      STYLE
        COLOR         "#e0ded8"
        OUTLINECOLOR  "#c9c7c2"
		WIDTH         1
        LINECAP       BUTT
        LINEJOIN      MITER
      END
    END
    CLASS
	  # pand en gebouwinstallatie
      MAXSCALEDENOM   4000
      STYLE
        COLOR         "#ebeae6"
        OUTLINECOLOR  "#c9c7c2"
		WIDTH         1
        LINECAP       BUTT
        LINEJOIN      MITER
      END
    END
  END

  #-----------------------------------------------------------------------------

  LAYER
    NAME                    inrichtingselement_vlak2
    GROUP                   inrichtingselement
    INCLUDE                 "connection_basiskaart.inc"
    DATA                    "geometrie FROM bgt.inrichtingselement_vlak2 USING srid=28992 USING UNIQUE identificatie_lokaalid"
	PROCESSING              "CLOSE_CONNECTION=DEFER"
    TYPE                    POLYGON
    CLASSITEM               bgt_type
    MAXSCALEDENOM           4000
    PROJECTION
      "init=epsg:28992"
    END
    METADATA
     "wms_title"            "inrichtingselement_vlak2"
	 "wms_group_title"      "inrichtingselement"
    END
    CLASS
	  EXPRESSION      steiger
      MAXSCALEDENOM   4000
      STYLE
	    COLOR         "#f6f6f4"
        OUTLINECOLOR  "#acacac80"
		WIDTH         1
        LINECAP       BUTT
        LINEJOIN      MITER
      END
    END
    CLASS
	  EXPRESSION      {gemaal,hoogspanningsmast,sluis,stuw,transitie}
      MAXSCALEDENOM   4000
      STYLE
	    COLOR         "#ebeae6"
        OUTLINECOLOR  "#e0ded8"
		WIDTH         1
        LINECAP       BUTT
        LINEJOIN      MITER
      END
    END
    CLASS
      MAXSCALEDENOM   4000
      STYLE
        COLOR         "#ff0000"
        OUTLINECOLOR  "#c9c7c2"
		WIDTH         1
        LINECAP       BUTT
        LINEJOIN      MITER
      END
    END
  END

  #-----------------------------------------------------------------------------

  LAYER
    NAME                    spoor_lijn2
    GROUP                   spoor
    INCLUDE                 "connection_basiskaart.inc"
    DATA                    "geometrie FROM bgt.spoor_lijn2 USING srid=28992 USING UNIQUE identificatie_lokaalid"
	PROCESSING              "CLOSE_CONNECTION=DEFER"
    TYPE                    LINE
	CLASSITEM               bgt_functie
    MAXSCALEDENOM           4000
    PROJECTION
      "init=epsg:28992"
    END
    METADATA
     "wms_title"            "spoor_lijn2"
	 "wms_group_title"      "spoor"
    END
	CLASS
	  EXPRESSION       sneltram
      MAXSCALEDENOM    4000
      STYLE
        WIDTH          3
        COLOR          "#fc7f7f"
        PATTERN
          8
          8
        END
        LINECAP        BUTT
        LINEJOIN       MITER
      END
	  STYLE
        WIDTH          1
        COLOR          "#ffffff"
        LINECAP        BUTT
        LINEJOIN       MITER
      END
	END
	CLASS
	  EXPRESSION      tram
      MAXSCALEDENOM   4000
	  STYLE
        WIDTH         2
        COLOR         "#fc7f7f"
        LINECAP       BUTT
        LINEJOIN      MITER
      END
	END
	CLASS
	  EXPRESSION       trein
      MAXSCALEDENOM    4000
      STYLE
        WIDTH          3
        COLOR          "#9d9d9d"
        LINECAP        BUTT
        LINEJOIN       MITER
      END
	  STYLE
        WIDTH          1
        COLOR          "#ffffff"
        PATTERN
          8
          8
        END
        LINECAP        BUTT
        LINEJOIN       MITER
      END
	END
  END

  #-----------------------------------------------------------------------------

  LAYER
    NAME                    inrichtingselement_lijn2
    GROUP                   inrichtingselement
    INCLUDE                 "connection_basiskaart.inc"
    DATA                    "geometrie FROM bgt.inrichtingselement_lijn2 USING srid=28992 USING UNIQUE identificatie_lokaalid"
	PROCESSING              "CLOSE_CONNECTION=DEFER"
    TYPE                    LINE
    CLASSITEM               bgt_type
    MAXSCALEDENOM           4000
    PROJECTION
      "init=epsg:28992"
    END
    METADATA
     "wms_title"            "inrichtingselement_lijn2"
	 "wms_group_title"      "inrichtingselement"
    END
    CLASS
      MAXSCALEDENOM 4000
      STYLE
        COLOR "#ff0000"
		WIDTH 2
      END
    END
  END

  #-----------------------------------------------------------------------------

  LAYER
    NAME                    inrichtingselement_punt2
    GROUP                   inrichtingselement
    INCLUDE                 "connection_basiskaart.inc"
    DATA                    "geometrie FROM bgt.inrichtingselement_punt2 USING srid=28992 USING UNIQUE identificatie_lokaalid"
	PROCESSING              "CLOSE_CONNECTION=DEFER"
    TYPE                    POINT
    CLASSITEM               plus_type
    MAXSCALEDENOM           4000
    PROJECTION
      "init=epsg:28992"
    END
    METADATA
     "wms_title"            "inrichtingselement_punt2"
	 "wms_group_title"      "inrichtingselement"
    END
    CLASS
      MAXSCALEDENOM 4000
      STYLE
        SYMBOL         'continue'
        SIZE           8
        COLOR          "#ff0000"
        OUTLINECOLOR   "#000000"
        WIDTH          1
      END
    END
  END





  #=============================================================================
  # LAYERS HOOGTELIGGING 3
  #=============================================================================

  LAYER
    NAME                    terreindeel_vlak3
    GROUP                   terreindeel
    INCLUDE                 "connection_basiskaart.inc"
    DATA                    "geometrie FROM bgt.terreindeel_vlak3 USING srid=28992 USING UNIQUE identificatie_lokaalid"
	PROCESSING              "CLOSE_CONNECTION=DEFER"
    TYPE                    POLYGON
	CLASSITEM               bgt_fysiekvoorkomen
    MAXSCALEDENOM           4000
    PROJECTION
      "init=epsg:28992"
    END
    METADATA
     "wms_title"            "terreindeel_vlak3"
	 "wms_group_title"      "terreindeel"
    END
    CLASS
      EXPRESSION      "erf"
      MAXSCALEDENOM   4000
      STYLE
	    COLOR         "#f9f9e7"
        OUTLINECOLOR  "#c9c7c2"
        WIDTH         1
        LINECAP       BUTT
        LINEJOIN      MITER
      END
    END
    CLASS
      EXPRESSION      {gesloten verharding,half verhard,onverhard,open verharding,zand}
      MAXSCALEDENOM   4000
      STYLE
	    COLOR         "#f6f6f4"
        OUTLINECOLOR  "#c9c7c2"
        WIDTH         1
        LINECAP       BUTT
        LINEJOIN      MITER
      END
    END
    CLASS
      MAXSCALEDENOM   4000
      STYLE
	    COLOR         "#dceacf"
		OUTLINECOLOR  "#c9c7c2"
		WIDTH         1
        LINECAP       BUTT
        LINEJOIN      MITER
      END
    END
  END

  #-----------------------------------------------------------------------------

  LAYER
    NAME                    wegdeel_vlak3
    GROUP                   wegdeel
    INCLUDE                 "connection_basiskaart.inc"
    DATA                    "geometrie FROM bgt.wegdeel_vlak3 USING srid=28992 USING UNIQUE identificatie_lokaalid"
	PROCESSING              "CLOSE_CONNECTION=DEFER"
    TYPE                    POLYGON
    CLASSITEM               bgt_functie
    MAXSCALEDENOM           4000
    PROJECTION
      "init=epsg:28992"
    END
    METADATA
     "wms_title"            "wegdeel_vlak3"
	 "wms_group_title"      "wegdeel"
    END
    CLASS
	  EXPRESSION      {berm,verkeerseiland}
      MAXSCALEDENOM   4000
      STYLE
        COLOR         "#f6f6f4"
        OUTLINECOLOR  "#acacac"
		WIDTH         0.5
        LINECAP       BUTT
        LINEJOIN      MITER
      END
    END
    CLASS
      MAXSCALEDENOM   4000
      STYLE
        COLOR         "#ffffff"
        OUTLINECOLOR  "#acacac"
		WIDTH         0.5
        LINECAP       BUTT
        LINEJOIN      MITER
      END
    END
  END

  #-----------------------------------------------------------------------------

  LAYER
    NAME                    gebouw_vlak3
    GROUP                   gebouw
    INCLUDE                 "connection_basiskaart.inc"
    DATA                    "geometrie FROM bgt.gebouw_vlak3 USING srid=28992 USING UNIQUE identificatie_lokaalid"
	PROCESSING              "CLOSE_CONNECTION=DEFER"
    TYPE                    POLYGON
	CLASSITEM               bgt_type
    MAXSCALEDENOM           4000
    PROJECTION
      "init=epsg:28992"
    END
    METADATA
     "wms_title"            "gebouw_vlak3"
	 "wms_group_title"      "gebouw"
    END
    CLASS
	  # overig bouwwerk
	  EXPRESSION      {bassin,bezinkbak,lage trafo,niet-bgt,open loods,opslagtank,overkapping,transitie,windturbine}
      MAXSCALEDENOM   4000
      STYLE
        COLOR         "#e0ded8"
        OUTLINECOLOR  "#c9c7c2"
		WIDTH         1
        LINECAP       BUTT
        LINEJOIN      MITER
      END
    END
    CLASS
	  # pand en gebouwinstallatie
      MAXSCALEDENOM   4000
      STYLE
        COLOR         "#ebeae6"
        OUTLINECOLOR  "#c9c7c2"
		WIDTH         1
        LINECAP       BUTT
        LINEJOIN      MITER
      END
    END
  END

  #-----------------------------------------------------------------------------

  LAYER
    NAME                    inrichtingselement_vlak3
    GROUP                   inrichtingselement
    INCLUDE                 "connection_basiskaart.inc"
    DATA                    "geometrie FROM bgt.inrichtingselement_vlak3 USING srid=28992 USING UNIQUE identificatie_lokaalid"
	PROCESSING              "CLOSE_CONNECTION=DEFER"
    TYPE                    POLYGON
    CLASSITEM               bgt_type
    MAXSCALEDENOM           4000
    PROJECTION
      "init=epsg:28992"
    END
    METADATA
     "wms_title"            "inrichtingselement_vlak3"
	 "wms_group_title"      "inrichtingselement"
    END
    CLASS
	  EXPRESSION      steiger
      MAXSCALEDENOM   4000
      STYLE
	    COLOR         "#f6f6f4"
        OUTLINECOLOR  "#acacac80"
		WIDTH         1
        LINECAP       BUTT
        LINEJOIN      MITER
      END
    END
    CLASS
	  EXPRESSION      {gemaal,hoogspanningsmast,sluis,stuw,transitie}
      MAXSCALEDENOM   4000
      STYLE
	    COLOR         "#ebeae6"
        OUTLINECOLOR  "#e0ded8"
		WIDTH         1
        LINECAP       BUTT
        LINEJOIN      MITER
      END
    END
    CLASS
      MAXSCALEDENOM   4000
      STYLE
        COLOR         "#ff0000"
        OUTLINECOLOR  "#c9c7c2"
		WIDTH         1
        LINECAP       BUTT
        LINEJOIN      MITER
      END
    END
  END

  #-----------------------------------------------------------------------------

  LAYER
    NAME                    inrichtingselement_lijn3
    GROUP                   inrichtingselement
    INCLUDE                 "connection_basiskaart.inc"
    DATA                    "geometrie FROM bgt.inrichtingselement_lijn3 USING srid=28992 USING UNIQUE identificatie_lokaalid"
	PROCESSING              "CLOSE_CONNECTION=DEFER"
    TYPE                    LINE
    CLASSITEM               bgt_type
    MAXSCALEDENOM           4000
    PROJECTION
      "init=epsg:28992"
    END
    METADATA
     "wms_title"            "inrichtingselement_lijn3"
	 "wms_group_title"      "inrichtingselement"
    END
    CLASS
      MAXSCALEDENOM 4000
      STYLE
        COLOR "#ff0000"
		WIDTH 2
      END
    END
  END





  #=============================================================================
  # LAYERS HOOGTELIGGING 4
  #=============================================================================

  LAYER
    NAME                    gebouw_vlak4
    GROUP                   gebouw
    INCLUDE                 "connection_basiskaart.inc"
    DATA                    "geometrie FROM bgt.gebouw_vlak4 USING srid=28992 USING UNIQUE identificatie_lokaalid"
	PROCESSING              "CLOSE_CONNECTION=DEFER"
    TYPE                    POLYGON
	CLASSITEM               bgt_type
    MAXSCALEDENOM           4000
    PROJECTION
      "init=epsg:28992"
    END
    METADATA
     "wms_title"            "gebouw_vlak4"
	 "wms_group_title"      "gebouw"
    END
    CLASS
	  # overig bouwwerk
	  EXPRESSION      {bassin,bezinkbak,lage trafo,niet-bgt,open loods,opslagtank,overkapping,transitie,windturbine}
      MAXSCALEDENOM   4000
      STYLE
        COLOR         "#e0ded8"
        OUTLINECOLOR  "#c9c7c2"
		WIDTH         1
        LINECAP       BUTT
        LINEJOIN      MITER
      END
    END
    CLASS
	  # pand en gebouwinstallatie
      MAXSCALEDENOM   4000
      STYLE
        COLOR         "#ebeae6"
        OUTLINECOLOR  "#c9c7c2"
		WIDTH         1
        LINECAP       BUTT
        LINEJOIN      MITER
      END
    END
  END



# (NOG) NIET IN MAPFILE:
# alles onder hoogteligging 0
# tunneldeel
# overbruggingsdeel
# vegetatieobject
# inrichtingselement, vlakken, lijnen en punten

#=============================================================================
END