#==============================================================================
# bgt_inrichtingselementen.map
#==============================================================================
# doel: serveren van BGT (plus) inrichtingselementen
#
#==============================================================================

MAP
	NAME                      "bgt_inrichtingselementen"
	INCLUDE                   "header.inc"

	WEB
		METADATA
			"ows_title"           "bgt_inrichtingselementen"
			"ows_abstract"        "Basisregistratie Grootschalige Topografie PLUS"
		END
	END



#==============================================================================
# Symbolen in SVG
# 10 px WIDTH
# Document to image SIZE
# ANCHORPOINT default is 0.5 0.5 # midden
#==============================================================================
	SYMBOL
		NAME "circle"
		TYPE ellipse
		FILLED true
		POINTS
			10 10
		END 
	END 
#==============================================================================
# AFVALBAK
	SYMBOL
		NAME "AFVALBAK"
		TYPE svg
		IMAGE "symbols/bgt/afvalbak.svg"
	END
	SYMBOL
		NAME "BAK"
		TYPE svg
		IMAGE "symbols/bgt/bak.svg"
	END
	SYMBOL
		NAME "BAK_klein"
		TYPE svg
		IMAGE "symbols/bgt/bak_klein.svg"
	END
#==============================================================================
# BORD
	SYMBOL
		NAME "BORD"
		TYPE svg
		IMAGE "symbols/bgt/bord.svg"
	END
#==============================================================================
# KAST
	SYMBOL
		NAME "KAST"
		TYPE svg
		IMAGE "symbols/bgt/kast.svg"
		ANCHORPOINT 0.5 1   # midden onder
	END
#==============================================================================
# MAST
	SYMBOL
		NAME "MAST"
		TYPE svg
		IMAGE "symbols/bgt/mast.svg"
		ANCHORPOINT 0.5 1   # midden onder
	END
#==============================================================================
# SCHEIDING
#==============================================================================
# PAAL
	SYMBOL
		NAME "PAAL"
		TYPE ellipse
		FILLED true
		POINTS
			10 10
		END 
	END 
	SYMBOL
		NAME "LICHTMAST"
		TYPE svg
		IMAGE "symbols/bgt/lantaarn.svg"
	END
#==============================================================================
# PUT
	SYMBOL
		NAME "PUT"
		TYPE svg
		IMAGE "symbols/bgt/put.svg"
	END
	SYMBOL
		NAME "KOLK"
		TYPE svg
		IMAGE "symbols/bgt/kolk.svg"
	END
#==============================================================================
# STRAATMEUBILAIR
	SYMBOL
		NAME "STRAATMEUBILAIR"
		TYPE svg
		IMAGE "symbols/bgt/straatmeubilair.svg"
	END
	Banken komen niet voor in Amsterdam
	 SYMBOL
	 	NAME "BANK"
	 	TYPE svg
	 	IMAGE "symbols/bgt/bank.svg"
	 END
	SYMBOL
		NAME "RECLAMEZUIL"
		TYPE svg
		IMAGE "symbols/bgt/reclamezuil.svg"
	END
	SYMBOL
		NAME "ABRI"
		TYPE svg
		IMAGE "symbols/bgt/abri.svg"
		ANCHORPOINT 0.5 1   # midden onder
	END
	SYMBOL
		NAME "KUNST"
		TYPE svg
		IMAGE "symbols/bgt/kunstobject.svg"
	END
	SYMBOL
		NAME "HERDENKINGSMONUMENT"
		TYPE svg
		IMAGE "symbols/bgt/herdenkingsmonument.svg"
		ANCHORPOINT 0.5 1   # midden onder
	END
	SYMBOL
		NAME "OPENBAARTOILET"
		TYPE svg
		IMAGE "symbols/bgt/openbaartoilet.svg"
	END
#==============================================================================
# SENSOR
	SYMBOL
		NAME "SENSOR"
		TYPE svg
		IMAGE "symbols/bgt/sensor.svg"
	END
#==============================================================================
# VEGETATIE
	SYMBOL
		NAME "VEGETATIE"
		TYPE svg
		IMAGE "symbols/bgt/vegetatieobject.svg"
	END



#==============================================================================
# HOOGTENIVEAU 0
#==============================================================================

	LAYER 
		NAME 		put
		GROUP 		put
		INCLUDE 	"connection_basiskaart.inc"
		DATA		"geometrie FROM bgt.inrichtingselement_punt0 USING srid=28992 USING UNIQUE identificatie_lokaalid"
		PROCESSING 	"CLOSE_CONNECTION=DEFER"
		TYPE		POINT
		CLASSITEM  	plus_type
		MAXSCALEDENOM 5000
		PROJECTION
			"init=epsg:28992"
		END
		METADATA
			"wms_title"  	   "put"
			"wms_group_title"  "put"
		END

		CLASS
			EXPRESSION		{benzine-_olieput,brandkraan / -put,drainageput,gasput,inspectie- / rioolput,waterleidingput}
			MAXSCALEDENOM 	2000
			MINSCALEDENOM 	1500
			STYLE
				SYMBOL "circle"
				SIZE 2
				COLOR "#0088aa"
			END
		END

		CLASS
			EXPRESSION		{benzine- / olieput,brandkraan / -put,drainageput,gasput,inspectie- / rioolput,waterleidingput}
			MAXSCALEDENOM 	1500
			MINSCALEDENOM 	1000
			STYLE
				SYMBOL "PUT"
				SIZE 3
			END
		END

		CLASS
			EXPRESSION		{benzine- / olieput,brandkraan / -put,drainageput,gasput,inspectie- / rioolput,waterleidingput}
			MAXSCALEDENOM 	1000
			MINSCALEDENOM 	400
			STYLE
				SYMBOL "PUT"
				SIZE 5
			END
		END

		CLASS
			EXPRESSION		{benzine- / olieput,brandkraan / -put,drainageput,gasput,inspectie- / rioolput,waterleidingput}
			MAXSCALEDENOM 	400
			MINSCALEDENOM 	200
			STYLE
				SYMBOL "PUT"
				SIZE 10
			END
		END

		CLASS
			EXPRESSION		{benzine- / olieput,brandkraan / -put,drainageput,gasput,inspectie- / rioolput,waterleidingput}
			MAXSCALEDENOM 	200
			MINSCALEDENOM 	0
			STYLE
				SYMBOL "PUT"
				SIZE 15
			END
		END

	END

#------------------------------------------------------------------------------

	LAYER 
		NAME 		put_kolk
		GROUP 		put
		INCLUDE 	"connection_basiskaart.inc"
		DATA		"geometrie FROM bgt.inrichtingselement_punt0 USING srid=28992 USING UNIQUE identificatie_lokaalid"
		PROCESSING 	"CLOSE_CONNECTION=DEFER"
		TYPE		POINT
		CLASSITEM  	plus_type
		MAXSCALEDENOM 5000
		PROJECTION
			"init=epsg:28992"
		END
		METADATA
			"wms_title"  	   "put_kolk"
			"wms_group_title"  "put"
		END

		CLASS
			EXPRESSION		{kolk}
			MAXSCALEDENOM 	2000
			MINSCALEDENOM 	1500
			STYLE
				SYMBOL "circle"
				SIZE 2
				COLOR "#0088aa"
			END
		END

		CLASS
			EXPRESSION		{kolk}
			MAXSCALEDENOM 	1500
			MINSCALEDENOM 	1000
			STYLE
				SYMBOL "KOLK"
				SIZE 3
			END
		END

		CLASS
			EXPRESSION		{kolk}
			MAXSCALEDENOM 	1000
			MINSCALEDENOM 	400
			STYLE
				SYMBOL "KOLK"
				SIZE 5
			END
		END

		CLASS
			EXPRESSION		{kolk}
			MAXSCALEDENOM 	400
			MINSCALEDENOM 	200
			STYLE
				SYMBOL "KOLK"
				SIZE 10
			END
		END

		CLASS
			EXPRESSION		{kolk}
			MAXSCALEDENOM 	200
			MINSCALEDENOM 	0
			STYLE
				SYMBOL "KOLK"
				SIZE 15
			END
		END

	END

#------------------------------------------------------------------------------

	LAYER 
		NAME 		afvalbak
		GROUP 		afvalbak
		INCLUDE 	"connection_basiskaart.inc"
		DATA		"geometrie FROM bgt.inrichtingselement_punt0 USING srid=28992 USING UNIQUE identificatie_lokaalid"
		PROCESSING 	"CLOSE_CONNECTION=DEFER"
		TYPE		POINT
		CLASSITEM  	plus_type
		MAXSCALEDENOM 5000
		PROJECTION
			"init=epsg:28992"
		END
		METADATA
			"wms_title"  "afvalbak"
			"wms_group_title"  "afvalbak"
		END

		CLASS
			EXPRESSION 		{afvalbak,afval apart plaats}
			MAXSCALEDENOM 	3000
			MINSCALEDENOM 	1500
			STYLE
				SYMBOL "circle"
				SIZE 2
				COLOR "#333333"
			END
		END

		CLASS
			EXPRESSION 		{afvalbak,afval apart plaats}
			MAXSCALEDENOM 	1500
			MINSCALEDENOM 	1000
			STYLE
				SYMBOL "BAK_klein"
				SIZE 5
			END
		END

		CLASS
			EXPRESSION 		{afvalbak,afval apart plaats}
			MAXSCALEDENOM 	1000
			MINSCALEDENOM 	400
			STYLE
				SYMBOL "BAK_klein"
				SIZE 5
			END
		END

		CLASS
			EXPRESSION 		{afvalbak,afval apart plaats}
			MAXSCALEDENOM 	400
			MINSCALEDENOM 	200
			STYLE
				SYMBOL "BAK"
				SIZE 15
			END
		END

		CLASS
			EXPRESSION 		{afvalbak,afval apart plaats}
			MAXSCALEDENOM 	200
			MINSCALEDENOM 	0
			STYLE
				SYMBOL "AFVALBAK"
				SIZE 30
			END
		END

	END

#------------------------------------------------------------------------------

	LAYER 
		NAME 		bord
		GROUP 		bord
		INCLUDE 	"connection_basiskaart.inc"
		DATA		"geometrie FROM bgt.inrichtingselement_punt0 USING srid=28992 USING UNIQUE identificatie_lokaalid"
		PROCESSING 	"CLOSE_CONNECTION=DEFER"
		TYPE		POINT
		CLASSITEM  	plus_type
		MAXSCALEDENOM 5000
		PROJECTION
			"init=epsg:28992"
		END
		METADATA
			"wms_title"  "bord"
			"wms_group_title"  "bord"
		END

		CLASS
			EXPRESSION		{informatiebord,reclamebord,straatnaambord,verkeersbord,verklikker transportleiding,wegwijzer}
			MAXSCALEDENOM 	2000
			MINSCALEDENOM 	1500
			STYLE
				SYMBOL "circle"
				SIZE 2
				COLOR "#333333"
			END
		END

		CLASS
			EXPRESSION		{informatiebord,reclamebord,straatnaambord,verkeersbord,verklikker transportleiding,wegwijzer}
			MAXSCALEDENOM 	1500
			MINSCALEDENOM 	1000
			STYLE
				SYMBOL "BORD"
				SIZE 5
			END
		END

		CLASS
			EXPRESSION		{informatiebord,reclamebord,straatnaambord,verkeersbord,verklikker transportleiding,wegwijzer}
			MAXSCALEDENOM 	1000
			MINSCALEDENOM 	400
			STYLE
				SYMBOL "BORD"
				SIZE 5
			END
		END

		CLASS
			EXPRESSION		{informatiebord,reclamebord,straatnaambord,verkeersbord,verklikker transportleiding,wegwijzer}
			MAXSCALEDENOM 	400
			MINSCALEDENOM 	200
			STYLE
				SYMBOL "BORD"
				SIZE 15
			END
		END

		CLASS
			EXPRESSION		{informatiebord,reclamebord,straatnaambord,verkeersbord,verklikker transportleiding,wegwijzer}
			MAXSCALEDENOM 	200
			MINSCALEDENOM 	0
			STYLE
				SYMBOL "BORD"
				SIZE 30
			END
		END

	END

#------------------------------------------------------------------------------

	LAYER 
		NAME 		kast
		GROUP 		kast
		INCLUDE 	"connection_basiskaart.inc"
		DATA		"geometrie FROM bgt.inrichtingselement_punt0 USING srid=28992 USING UNIQUE identificatie_lokaalid"
		PROCESSING 	"CLOSE_CONNECTION=DEFER"
		TYPE		POINT
		CLASSITEM  	plus_type
		MAXSCALEDENOM 5000
		PROJECTION
			"init=epsg:28992"
		END
		METADATA
			"wms_title"  "kast"
			"wms_group_title"  "kast"
		END

		CLASS
			EXPRESSION	{CAI-kast,elektrakast,gaskast,gms kast,openbare verlichtingkast,rioolkast,telecom kast,telkast,verkeersregelinstallatiekast}
			MAXSCALEDENOM 	3000
			MINSCALEDENOM 	1500
			STYLE
				SYMBOL "circle"
				SIZE 2
				COLOR "#333333"
			END
		END

		CLASS
			EXPRESSION	{CAI-kast,elektrakast,gaskast,gms kast,openbare verlichtingkast,rioolkast,telecom kast,telkast,verkeersregelinstallatiekast}
			MAXSCALEDENOM 	1500
			MINSCALEDENOM 	1000
			STYLE
				SYMBOL "KAST"
				SIZE 5
			END
		END

		CLASS
			EXPRESSION	{CAI-kast,elektrakast,gaskast,gms kast,openbare verlichtingkast,rioolkast,telecom kast,telkast,verkeersregelinstallatiekast}
			MAXSCALEDENOM 	1000
			MINSCALEDENOM 	400
			STYLE
				SYMBOL "KAST"
				SIZE 5
			END
		END

		CLASS
			EXPRESSION	{CAI-kast,elektrakast,gaskast,gms kast,openbare verlichtingkast,rioolkast,telecom kast,telkast,verkeersregelinstallatiekast}
			MAXSCALEDENOM 	400
			MINSCALEDENOM 	200
			STYLE
				SYMBOL "KAST"
				SIZE 15
			END
		END

		CLASS
			EXPRESSION	{CAI-kast,elektrakast,gaskast,gms kast,openbare verlichtingkast,rioolkast,telecom kast,telkast,verkeersregelinstallatiekast}
			MAXSCALEDENOM 	200
			MINSCALEDENOM 	0
			STYLE
				SYMBOL "KAST"
				SIZE 30
			END
		END

	END

#------------------------------------------------------------------------------

	LAYER 
		NAME 		mast
		GROUP 		mast
		INCLUDE 	"connection_basiskaart.inc"
		DATA		"geometrie FROM bgt.inrichtingselement_punt0 USING srid=28992 USING UNIQUE identificatie_lokaalid"
		PROCESSING 	"CLOSE_CONNECTION=DEFER"
		TYPE		POINT
		CLASSITEM  	plus_type
		MAXSCALEDENOM 5000
		PROJECTION
			"init=epsg:28992"
		END
		METADATA
			"wms_title"  "mast"
			"wms_group_title"  "mast"
		END

		CLASS
			EXPRESSION		{zendmast}
			MAXSCALEDENOM 	5000
			STYLE
				SYMBOL "MAST"
				SIZE 10
			END
		END

	END

#------------------------------------------------------------------------------

	LAYER 
		NAME 		scheiding_l
		GROUP 		scheiding
		INCLUDE 	"connection_basiskaart.inc"
		DATA		"geometrie FROM bgt.inrichtingselement_lijn0 USING srid=28992 USING UNIQUE identificatie_lokaalid"
		PROCESSING 	"CLOSE_CONNECTION=DEFER"
		TYPE		LINE
		CLASSITEM  	plus_type
		MAXSCALEDENOM 5000
		PROJECTION
			"init=epsg:28992"
		END
		METADATA
			"wms_title"  "scheiding_l"
			"wms_group_title"  "scheiding"
		END

		CLASS
			EXPRESSION		{damwand,geluidsscherm,hek,kademuur,draadraster,faunaraster,walbescherming,rooster,wildrooster}
			MAXSCALEDENOM 	5000
			STYLE
				OPACITY 80
				WIDTH 2
				OUTLINECOLOR "#C9C7C2"
				LINECAP BUTT
				LINEJOIN MITER
			END
		END

	END

	LAYER 
		NAME 		scheiding_v
		GROUP 		scheiding
		INCLUDE 	"connection_basiskaart.inc"
		DATA		"geometrie FROM bgt.inrichtingselement_vlak0 USING srid=28992 USING UNIQUE identificatie_lokaalid"
		PROCESSING 	"CLOSE_CONNECTION=DEFER"
		TYPE		POLYGON
		CLASSITEM  	plus_type
		MAXSCALEDENOM 5000
		PROJECTION
			"init=epsg:28992"
		END
		METADATA
			"wms_title"  "scheiding_v"
			"wms_group_title"  "scheiding"
		END

		CLASS
			EXPRESSION		{rooster,wildrooster,muur,keermuur,kademuur}
			MAXSCALEDENOM 	5000
			STYLE
				COLOR         "#E0DED8"
				OUTLINECOLOR  "#C9C7C2"
				WIDTH         0.5
				LINECAP BUTT
				LINEJOIN MITER
			END
		END

	END

#------------------------------------------------------------------------------

	LAYER 
		NAME 		paal
		GROUP 		paal
		INCLUDE 	"connection_basiskaart.inc"
		DATA		"geometrie FROM bgt.inrichtingselement_punt0 USING srid=28992 USING UNIQUE identificatie_lokaalid"
		PROCESSING 	"CLOSE_CONNECTION=DEFER"
		TYPE		POINT
		CLASSITEM  	plus_type
		MAXSCALEDENOM 5000
		PROJECTION
			"init=epsg:28992"
		END
		METADATA
			"wms_title"  		"paal"
			"wms_group_title"  "paal"
		END

		CLASS
			EXPRESSION		{afsluitpaal,drukknoppaal,haltepaal,hectometerpaal,poller,telpaal,verkeersbordpaal,verkeersregelinstallatiepaal,vlaggenmast}
			MAXSCALEDENOM 	5000
			STYLE
				SYMBOL "PAAL"
				SIZE 4
				COLOR "#666666"
			END
		END

	END

	LAYER 
		NAME 		lichtmast
		GROUP 		paal
		INCLUDE 	"connection_basiskaart.inc"
		DATA		"geometrie FROM bgt.inrichtingselement_punt0 USING srid=28992 USING UNIQUE identificatie_lokaalid"
		PROCESSING 	"CLOSE_CONNECTION=DEFER"
		TYPE		POINT
		CLASSITEM  	plus_type
		MAXSCALEDENOM 5000
		PROJECTION
			"init=epsg:28992"
		END
		METADATA
			"wms_title"  		"lichtmast"
			"wms_group_title"  "paal"
		END

		CLASS
			EXPRESSION		{lichtmast}
			MAXSCALEDENOM 	5000
			MINSCALEDENOM 	2500
			STYLE
				SYMBOL "circle"
				SIZE 1.5	
				COLOR "#ffcc00"
			END
		END

		CLASS
			EXPRESSION		{lichtmast}
			MAXSCALEDENOM 	2500
			MINSCALEDENOM 	1000
			STYLE
				SYMBOL "LICHTMAST"
				SIZE 10
			END
		END

		CLASS
			EXPRESSION		{lichtmast}
			MAXSCALEDENOM 	1000
			MINSCALEDENOM 	400
			STYLE
				SYMBOL "LICHTMAST"
				SIZE 15
			END
		END

		CLASS
			EXPRESSION		{lichtmast}
			MAXSCALEDENOM 	400
			MINSCALEDENOM 	200
			STYLE
				SYMBOL "LICHTMAST"
				SIZE 25
			END
		END

		CLASS
			EXPRESSION		{lichtmast}
			MAXSCALEDENOM 	200
			MINSCALEDENOM 	0
			STYLE
				SYMBOL "LICHTMAST"
				SIZE 35
			END
		END

	END

#------------------------------------------------------------------------------

# De volgende lagen komen niet regelmatig verspreid in Amsterdam voor en zijn daarom als simple icoon verbeeld:
#bank,betaalautomaat,brievenbus,fietsenkluis,fietsenrek,lichtpunt,slagboom,speelvoorziening,telefooncel

	LAYER 
		NAME 		straatmeubilair
		GROUP 		straatmeubilair
		INCLUDE 	"connection_basiskaart.inc"
		DATA		"geometrie FROM bgt.inrichtingselement_punt0 USING srid=28992 USING UNIQUE identificatie_lokaalid"
		PROCESSING 	"CLOSE_CONNECTION=DEFER"
		TYPE		POINT
		CLASSITEM  	plus_type
		MAXSCALEDENOM 5000
		PROJECTION
			"init=epsg:28992"
		END
		METADATA
			"wms_title"  		"straatmeubilair"
			"wms_group_title"  "straatmeubilair"
		END

		CLASS
			EXPRESSION		{bank,betaalautomaat,brievenbus,fietsenkluis,fietsenrek,lichtpunt,slagboom,speelvoorziening,telefooncel}
			MAXSCALEDENOM 	3000
			MINSCALEDENOM 	1500
			STYLE
				SYMBOL "circle"
				SIZE 2
				COLOR "#dd6c27"
			END
		END

		CLASS
			EXPRESSION		{bank,betaalautomaat,brievenbus,fietsenkluis,fietsenrek,lichtpunt,slagboom,speelvoorziening,telefooncel}
			MAXSCALEDENOM 	1500
			MINSCALEDENOM 	1000
			STYLE
				SYMBOL "STRAATMEUBILAIR"
				SIZE 5
			END
		END

		CLASS
			EXPRESSION		{bank,betaalautomaat,brievenbus,fietsenkluis,fietsenrek,lichtpunt,slagboom,speelvoorziening,telefooncel}
			MAXSCALEDENOM 	1000
			MINSCALEDENOM 	500
			STYLE
				SYMBOL "STRAATMEUBILAIR"
				SIZE 10
			END
		END

		CLASS
			EXPRESSION		{bank,betaalautomaat,brievenbus,fietsenkluis,fietsenrek,lichtpunt,slagboom,speelvoorziening,telefooncel}
			MAXSCALEDENOM 	500
			MINSCALEDENOM 	200
			STYLE
				SYMBOL "STRAATMEUBILAIR"
				SIZE 15	
			END
		END

		CLASS
			EXPRESSION		{bank,betaalautomaat,brievenbus,fietsenkluis,fietsenrek,lichtpunt,slagboom,speelvoorziening,telefooncel}
			MAXSCALEDENOM 	200
			MINSCALEDENOM 	0
			STYLE
				SYMBOL "STRAATMEUBILAIR"
				SIZE 25
			END
		END

	END

	LAYER 
		NAME 		straatmeubilair_reclamezuil
		GROUP 		straatmeubilair
		INCLUDE 	"connection_basiskaart.inc"
		DATA		"geometrie FROM bgt.inrichtingselement_punt0 USING srid=28992 USING UNIQUE identificatie_lokaalid"
		PROCESSING 	"CLOSE_CONNECTION=DEFER"
		TYPE		POINT
		CLASSITEM  	plus_type
		MAXSCALEDENOM 5000
		PROJECTION
			"init=epsg:28992"
		END
		METADATA
			"wms_title"  		"straatmeubilair_reclamezuil"
			"wms_group_title"  "straatmeubilair"
		END

		CLASS
			EXPRESSION		{reclamezuil}
			MAXSCALEDENOM 	3000
			MINSCALEDENOM 	1500
			STYLE
				SYMBOL "circle"
				SIZE 2
				COLOR "#dd6c27"
			END
		END

		CLASS
			EXPRESSION		{reclamezuil}
			MAXSCALEDENOM 	1500
			MINSCALEDENOM 	1000
			STYLE
				SYMBOL "RECLAMEZUIL"
				SIZE 5
			END
		END

		CLASS
			EXPRESSION		{reclamezuil}
			MAXSCALEDENOM 	1000
			MINSCALEDENOM 	500
			STYLE
				SYMBOL "RECLAMEZUIL"
				SIZE 10
			END
		END

		CLASS
			EXPRESSION		{reclamezuil}
			MAXSCALEDENOM 	500
			MINSCALEDENOM 	200
			STYLE
				SYMBOL "RECLAMEZUIL"
				SIZE 20
			END
		END

		CLASS
			EXPRESSION		{reclamezuil}
			MAXSCALEDENOM 	200
			MINSCALEDENOM 	0
			STYLE
				SYMBOL "RECLAMEZUIL"
				SIZE 30
			END
		END

	END

	LAYER 
		NAME 		straatmeubilair_abri
		GROUP 		straatmeubilair
		INCLUDE 	"connection_basiskaart.inc"
		DATA		"geometrie FROM bgt.inrichtingselement_punt0 USING srid=28992 USING UNIQUE identificatie_lokaalid"
		PROCESSING 	"CLOSE_CONNECTION=DEFER"
		TYPE		POINT
		CLASSITEM  	plus_type
		MAXSCALEDENOM 5000
		PROJECTION
			"init=epsg:28992"
		END
		METADATA
			"wms_title"  		"straatmeubilair_abri"
			"wms_group_title"  "straatmeubilair"
		END

		CLASS
			EXPRESSION		{abri}
			MAXSCALEDENOM 	3000
			MINSCALEDENOM 	1500
			STYLE
				SYMBOL "circle"
				SIZE 2
				COLOR "#dd6c27"
			END
		END

		CLASS
			EXPRESSION		{abri}
			MAXSCALEDENOM 	1500
			MINSCALEDENOM 	1000
			STYLE
				SYMBOL "ABRI"
				SIZE 10
			END
		END

		CLASS
			EXPRESSION		{abri}
			MAXSCALEDENOM 	1000
			MINSCALEDENOM 	500
			STYLE
				SYMBOL "ABRI"
				SIZE 15
			END
		END

		CLASS
			EXPRESSION		{abri}
			MAXSCALEDENOM 	500
			MINSCALEDENOM 	200
			STYLE
				SYMBOL "ABRI"
				SIZE 25
			END
		END

		CLASS
			EXPRESSION		{abri}
			MAXSCALEDENOM 	200
			MINSCALEDENOM 	0
			STYLE
				SYMBOL "ABRI"
				SIZE 35
			END
		END

	END

	LAYER 
		NAME 		straatmeubilair_kunst
		GROUP 		straatmeubilair
		INCLUDE 	"connection_basiskaart.inc"
		DATA		"geometrie FROM bgt.inrichtingselement_punt0 USING srid=28992 USING UNIQUE identificatie_lokaalid"
		PROCESSING 	"CLOSE_CONNECTION=DEFER"
		TYPE		POINT
		CLASSITEM  	plus_type
		MAXSCALEDENOM 5000
		PROJECTION
			"init=epsg:28992"
		END
		METADATA
			"wms_title"  		"straatmeubilair_kunst"
			"wms_group_title"  "straatmeubilair"
		END

		CLASS
			EXPRESSION		{kunstobject}
			MAXSCALEDENOM 	3000
			MINSCALEDENOM 	1500
			STYLE
				SYMBOL "circle"
				SIZE 2
				COLOR "#dd6c27"
			END
		END

		CLASS
			EXPRESSION		{kunstobject}
			MAXSCALEDENOM 	1500
			MINSCALEDENOM 	1000
			STYLE
				SYMBOL "KUNST"
				SIZE 5
			END
		END

		CLASS
			EXPRESSION		{kunstobject}
			MAXSCALEDENOM 	1000
			MINSCALEDENOM 	500
			STYLE
				SYMBOL "KUNST"
				SIZE 10
			END
		END

		CLASS
			EXPRESSION		{kunstobject}
			MAXSCALEDENOM 	500
			MINSCALEDENOM 	200
			STYLE
				SYMBOL "KUNST"
				SIZE 20
			END
		END

		CLASS
			EXPRESSION		{kunstobject}
			MAXSCALEDENOM 	200
			MINSCALEDENOM 	0
			STYLE
				SYMBOL "KUNST"
				SIZE 25
			END
		END

	END

	LAYER 
		NAME 		straatmeubilair_herdenkingsmonument
		GROUP 		straatmeubilair
		INCLUDE 	"connection_basiskaart.inc"
		DATA		"geometrie FROM bgt.inrichtingselement_punt0 USING srid=28992 USING UNIQUE identificatie_lokaalid"
		PROCESSING 	"CLOSE_CONNECTION=DEFER"
		TYPE		POINT
		CLASSITEM  	plus_type
		MAXSCALEDENOM 5000
		PROJECTION
			"init=epsg:28992"
		END
		METADATA
			"wms_title"  		"straatmeubilair_herdenkingsmonument"
			"wms_group_title"  "straatmeubilair"
		END

		CLASS
			EXPRESSION		{herdenkingsmonument}
			MAXSCALEDENOM 	3000
			MINSCALEDENOM 	1500
			STYLE
				SYMBOL "circle"
				SIZE 2
				COLOR "#dd6c27"
			END
		END

		CLASS
			EXPRESSION		{herdenkingsmonument}
			MAXSCALEDENOM 	1500
			MINSCALEDENOM 	1000
			STYLE
				SYMBOL "HERDENKINGSMONUMENT"
				SIZE 5
			END
		END

		CLASS
			EXPRESSION		{herdenkingsmonument}
			MAXSCALEDENOM 	1000
			MINSCALEDENOM 	500
			STYLE
				SYMBOL "HERDENKINGSMONUMENT"
				SIZE 15
			END
		END

		CLASS
			EXPRESSION		{herdenkingsmonument}
			MAXSCALEDENOM 	500
			MINSCALEDENOM 	200
			STYLE
				SYMBOL "HERDENKINGSMONUMENT"
				SIZE 25	
			END
		END

		CLASS
			EXPRESSION		{herdenkingsmonument}
			MAXSCALEDENOM 	200
			MINSCALEDENOM 	0
			STYLE
				SYMBOL "HERDENKINGSMONUMENT"
				SIZE 25
			END
		END

	END

	LAYER 
		NAME 		straatmeubilair_openbaartoilet
		GROUP 		straatmeubilair
		INCLUDE 	"connection_basiskaart.inc"
		DATA		"geometrie FROM bgt.inrichtingselement_punt0 USING srid=28992 USING UNIQUE identificatie_lokaalid"
		PROCESSING 	"CLOSE_CONNECTION=DEFER"
		TYPE		POINT
		CLASSITEM  	plus_type
		MAXSCALEDENOM 5000
		PROJECTION
			"init=epsg:28992"
		END
		METADATA
			"wms_title"  		"straatmeubilair_openbaartoilet"
			"wms_group_title"  "straatmeubilair"
		END

		CLASS
			EXPRESSION		{openbaar toilet}
			MAXSCALEDENOM 	3000
			MINSCALEDENOM 	1500
			STYLE
				SYMBOL "circle"
				SIZE 2
				COLOR "#dd6c27"
			END
		END

		CLASS
			EXPRESSION		{openbaar toilet}
			MAXSCALEDENOM 	1500
			MINSCALEDENOM 	1000
			STYLE
				SYMBOL "OPENBAARTOILET"
				SIZE 5
			END
		END

		CLASS
			EXPRESSION		{openbaar toilet}
			MAXSCALEDENOM 	1000
			MINSCALEDENOM 	500
			STYLE
				SYMBOL "OPENBAARTOILET"
				SIZE 10
			END
		END

		CLASS
			EXPRESSION		{openbaar toilet}
			MAXSCALEDENOM 	500
			MINSCALEDENOM 	200
			STYLE
				SYMBOL "OPENBAARTOILET"
				SIZE 15	
			END
		END

		CLASS
			EXPRESSION		{openbaar toilet}
			MAXSCALEDENOM 	200
			MINSCALEDENOM 	0
			STYLE
				SYMBOL "OPENBAARTOILET"
				SIZE 25
			END
		END

	END

#------------------------------------------------------------------------------

	LAYER 
		NAME 		sensor
		GROUP 		sensor
		INCLUDE 	"connection_basiskaart.inc"
		DATA		"geometrie FROM bgt.inrichtingselement_punt0 USING srid=28992 USING UNIQUE identificatie_lokaalid"
		PROCESSING 	"CLOSE_CONNECTION=DEFER"
		TYPE		POINT
		CLASSITEM  	plus_type
		MAXSCALEDENOM 5000
		PROJECTION
			"init=epsg:28992"
		END
		METADATA
			"wms_title"  		"sensor"
			"wms_group_title"  "sensor"
		END

		CLASS
			EXPRESSION		{camera,flitser,waterstandmeter}
			MAXSCALEDENOM 	5000
			STYLE
				SYMBOL "SENSOR"
				SIZE 10
			END
		END

	END

#------------------------------------------------------------------------------

	LAYER 
		NAME 		vegetatie_p
		GROUP 		vegetatie
		INCLUDE 	"connection_basiskaart.inc"
		DATA		"geometrie FROM bgt.inrichtingselement_punt0 USING srid=28992 USING UNIQUE identificatie_lokaalid"
		PROCESSING 	"CLOSE_CONNECTION=DEFER"
		TYPE		POINT
		CLASSITEM  	plus_type
		MAXSCALEDENOM 5000
		PROJECTION
			"init=epsg:28992"
		END
		METADATA
			"wms_title"  		"vegetatie_p"
			"wms_group_title"  "vegetatie"
		END

		CLASS
			EXPRESSION		{boom}
			MAXSCALEDENOM 	5500
			MINSCALEDENOM 	4500
			STYLE
				SYMBOL "circle"
				SIZE 3	
				COLOR "#a0cc3a"
				OPACITY 70
			END
		END

		CLASS
			EXPRESSION		{boom}
			MAXSCALEDENOM 	4500
			MINSCALEDENOM 	1000
			STYLE
				SYMBOL "VEGETATIE"
				SIZE 10
			END
		END

		CLASS
			EXPRESSION		{boom}
			MAXSCALEDENOM 	1000
			MINSCALEDENOM 	400
			STYLE
				SYMBOL "VEGETATIE"
				SIZE 15
			END
		END

		CLASS
			EXPRESSION		{boom}
			MAXSCALEDENOM 	400
			MINSCALEDENOM 	200
			STYLE
				SYMBOL "VEGETATIE"
				SIZE 25
			END
		END

		CLASS
			EXPRESSION		{boom}
			MAXSCALEDENOM 	200
			MINSCALEDENOM 	0
			STYLE
				SYMBOL "VEGETATIE"
				SIZE 35
			END
		END

	END

	LAYER 
		NAME 		vegetatie_l
		GROUP 		vegetatie
		INCLUDE 	"connection_basiskaart.inc"
		DATA		"geometrie FROM bgt.inrichtingselement_lijn0 USING srid=28992 USING UNIQUE identificatie_lokaalid"
		PROCESSING 	"CLOSE_CONNECTION=DEFER"
		TYPE		LINE
		CLASSITEM  	plus_type
		MAXSCALEDENOM 5000
		PROJECTION
			"init=epsg:28992"
		END
		METADATA
			"wms_title"  		"vegetatie_l"
			"wms_group_title"  "vegetatie"
		END

		CLASS
			EXPRESSION		{haag}
			MAXSCALEDENOM 	5000
			STYLE
				WIDTH 2
				OUTLINECOLOR "#a0cc3a"
				LINECAP BUTT
				LINEJOIN MITER
			END
		END

	END

	LAYER 
		NAME 		vegetatie_v
		GROUP 		vegetatie
		INCLUDE 	"connection_basiskaart.inc"
		DATA		"geometrie FROM bgt.inrichtingselement_vlak0 USING srid=28992 USING UNIQUE identificatie_lokaalid"
		PROCESSING 	"CLOSE_CONNECTION=DEFER"
		TYPE		POLYGON
		CLASSITEM  	plus_type
		MAXSCALEDENOM 5000
		PROJECTION
			"init=epsg:28992"
		END
		METADATA
			"wms_title"  		"vegetatie_v"
			"wms_group_title"  "vegetatie"
		END

		CLASS
			EXPRESSION		{haag}
			MAXSCALEDENOM 	5000
			STYLE
				OPACITY 80
				COLOR "#a0cc3a"
			END
		END

	END

#------------------------------------------------------------------------------

	LAYER 
		NAME 		onbekend
		GROUP 		onbekend
		INCLUDE 	"connection_basiskaart.inc"
		DATA		"geometrie FROM bgt.inrichtingselement_punt0 USING srid=28992 USING UNIQUE identificatie_lokaalid"
		PROCESSING 	"CLOSE_CONNECTION=DEFER"
		TYPE		POINT
		CLASSITEM  	plus_type
		MAXSCALEDENOM 5000
		PROJECTION
			"init=epsg:28992"
		END
		METADATA
			"wms_title"  "onbekend"
			"wms_group_title"  "onbekend"
		END

		CLASS
			EXPRESSION		{onbekend}
			MAXSCALEDENOM 	5000
			MINSCALEDENOM   2000
			STYLE
				SYMBOL "circle"
				SIZE 5
				COLOR "#ff0000"
				OPACITY  30
			END
		END

		CLASS
			EXPRESSION		{onbekend}
			MAXSCALEDENOM 	2000
			STYLE
				SYMBOL "circle"
				SIZE 7
				COLOR "#ff0000"
				OPACITY  30
			END
		END

	END



#==============================================================================
#HOOGTENIVEAU 1
#==============================================================================

	LAYER 
		NAME 		put1
		GROUP 		put
		INCLUDE 	"connection_basiskaart.inc"
		DATA		"geometrie FROM bgt.inrichtingselement_punt1 USING srid=28992 USING UNIQUE identificatie_lokaalid"
		PROCESSING 	"CLOSE_CONNECTION=DEFER"
		TYPE		POINT
		CLASSITEM  	plus_type
		MAXSCALEDENOM 5000
		PROJECTION
			"init=epsg:28992"
		END
		METADATA
			"wms_title"  		"put1"
			"wms_group_title"  "put"
		END

		CLASS
			EXPRESSION		{benzine-_olieput,brandkraan / -put,drainageput,gasput,inspectie- / rioolput,waterleidingput}
			MAXSCALEDENOM 	2000
			MINSCALEDENOM 	1500
			STYLE
				SYMBOL "circle"
				SIZE 2
				COLOR "#0088aa"
			END
		END

		CLASS
			EXPRESSION		{benzine- / olieput,brandkraan / -put,drainageput,gasput,inspectie- / rioolput,waterleidingput}
			MAXSCALEDENOM 	1500
			MINSCALEDENOM 	1000
			STYLE
				SYMBOL "PUT"
				SIZE 3
			END
		END

		CLASS
			EXPRESSION		{benzine- / olieput,brandkraan / -put,drainageput,gasput,inspectie- / rioolput,waterleidingput}
			MAXSCALEDENOM 	1000
			MINSCALEDENOM 	400
			STYLE
				SYMBOL "PUT"
				SIZE 5
			END
		END

		CLASS
			EXPRESSION		{benzine- / olieput,brandkraan / -put,drainageput,gasput,inspectie- / rioolput,waterleidingput}
			MAXSCALEDENOM 	400
			MINSCALEDENOM 	200
			STYLE
				SYMBOL "PUT"
				SIZE 10
			END
		END

		CLASS
			EXPRESSION		{benzine- / olieput,brandkraan / -put,drainageput,gasput,inspectie- / rioolput,waterleidingput}
			MAXSCALEDENOM 	200
			MINSCALEDENOM 	0
			STYLE
				SYMBOL "PUT"
				SIZE 15
			END
		END

	END

	LAYER 
		NAME 		put_kolk1
		GROUP 		put
		INCLUDE 	"connection_basiskaart.inc"
		DATA		"geometrie FROM bgt.inrichtingselement_punt1 USING srid=28992 USING UNIQUE identificatie_lokaalid"
		PROCESSING 	"CLOSE_CONNECTION=DEFER"
		TYPE		POINT
		CLASSITEM  	plus_type
		MAXSCALEDENOM 5000
		PROJECTION
			"init=epsg:28992"
		END
		METADATA
			"wms_title"  		"put_kolk1"
			"wms_group_title"  "put"
		END

		CLASS
			EXPRESSION		{kolk}
			MAXSCALEDENOM 	2000
			MINSCALEDENOM 	1500
			STYLE
				SYMBOL "circle"
				SIZE 2
				COLOR "#0088aa"
			END
		END

		CLASS
			EXPRESSION		{kolk}
			MAXSCALEDENOM 	1500
			MINSCALEDENOM 	1000
			STYLE
				SYMBOL "KOLK"
				SIZE 3
			END
		END

		CLASS
			EXPRESSION		{kolk}
			MAXSCALEDENOM 	1000
			MINSCALEDENOM 	400
			STYLE
				SYMBOL "KOLK"
				SIZE 5
			END
		END

		CLASS
			EXPRESSION		{kolk}
			MAXSCALEDENOM 	400
			MINSCALEDENOM 	200
			STYLE
				SYMBOL "KOLK"
				SIZE 10
			END
		END

		CLASS
			EXPRESSION		{kolk}
			MAXSCALEDENOM 	200
			MINSCALEDENOM 	0
			STYLE
				SYMBOL "KOLK"
				SIZE 15
			END
		END

	END

#------------------------------------------------------------------------------

	LAYER 
		NAME 		afvalbak1
		GROUP 		afvalbak
		INCLUDE 	"connection_basiskaart.inc"
		DATA		"geometrie FROM bgt.inrichtingselement_punt1 USING srid=28992 USING UNIQUE identificatie_lokaalid"
		PROCESSING 	"CLOSE_CONNECTION=DEFER"
		TYPE		POINT
		CLASSITEM  	plus_type
		MAXSCALEDENOM 5000
		PROJECTION
			"init=epsg:28992"
		END
		METADATA
			"wms_title"  "afvalbak1"
			"wms_group_title"  "afvalbak"
		END

		CLASS
			EXPRESSION 		{afvalbak,afval apart plaats}
			MAXSCALEDENOM 	3000
			MINSCALEDENOM 	1500
			STYLE
				SYMBOL "circle"
				SIZE 2
				COLOR "#333333"
			END
		END

		CLASS
			EXPRESSION 		{afvalbak,afval apart plaats}
			MAXSCALEDENOM 	1500
			MINSCALEDENOM 	1000
			STYLE
				SYMBOL "BAK_klein"
				SIZE 5
			END
		END

		CLASS
			EXPRESSION 		{afvalbak,afval apart plaats}
			MAXSCALEDENOM 	1000
			MINSCALEDENOM 	400
			STYLE
				SYMBOL "BAK_klein"
				SIZE 5
			END
		END

		CLASS
			EXPRESSION 		{afvalbak,afval apart plaats}
			MAXSCALEDENOM 	400
			MINSCALEDENOM 	200
			STYLE
				SYMBOL "BAK"
				SIZE 15
			END
		END

		CLASS
			EXPRESSION 		{afvalbak,afval apart plaats}
			MAXSCALEDENOM 	200
			MINSCALEDENOM 	0
			STYLE
				SYMBOL "AFVALBAK"
				SIZE 30
			END
		END

	END

#------------------------------------------------------------------------------

	LAYER 
		NAME 		bord1
		GROUP 		bord
		INCLUDE 	"connection_basiskaart.inc"
		DATA		"geometrie FROM bgt.inrichtingselement_punt1 USING srid=28992 USING UNIQUE identificatie_lokaalid"
		PROCESSING 	"CLOSE_CONNECTION=DEFER"
		TYPE		POINT
		CLASSITEM  	plus_type
		MAXSCALEDENOM 5000
		PROJECTION
			"init=epsg:28992"
		END
		METADATA
			"wms_title"  "bord1"
			"wms_group_title"  "bord"
		END

		CLASS
			EXPRESSION		{informatiebord,reclamebord,straatnaambord,verkeersbord,verklikker transportleiding,wegwijzer}
			MAXSCALEDENOM 	2000
			MINSCALEDENOM 	1500
			STYLE
				SYMBOL "circle"
				SIZE 2
				COLOR "#333333"
			END
		END

		CLASS
			EXPRESSION		{informatiebord,reclamebord,straatnaambord,verkeersbord,verklikker transportleiding,wegwijzer}
			MAXSCALEDENOM 	1500
			MINSCALEDENOM 	1000
			STYLE
				SYMBOL "BORD"
				SIZE 5
			END
		END

		CLASS
			EXPRESSION		{informatiebord,reclamebord,straatnaambord,verkeersbord,verklikker transportleiding,wegwijzer}
			MAXSCALEDENOM 	1000
			MINSCALEDENOM 	400
			STYLE
				SYMBOL "BORD"
				SIZE 5
			END
		END

		CLASS
			EXPRESSION		{informatiebord,reclamebord,straatnaambord,verkeersbord,verklikker transportleiding,wegwijzer}
			MAXSCALEDENOM 	400
			MINSCALEDENOM 	200
			STYLE
				SYMBOL "BORD"
				SIZE 15
			END
		END

		CLASS
			EXPRESSION		{informatiebord,reclamebord,straatnaambord,verkeersbord,verklikker transportleiding,wegwijzer}
			MAXSCALEDENOM 	200
			MINSCALEDENOM 	0
			STYLE
				SYMBOL "BORD"
				SIZE 30
			END
		END

	END

#------------------------------------------------------------------------------

	LAYER 
		NAME 		kast1
		GROUP 		kast
		INCLUDE 	"connection_basiskaart.inc"
		DATA		"geometrie FROM bgt.inrichtingselement_punt1 USING srid=28992 USING UNIQUE identificatie_lokaalid"
		PROCESSING 	"CLOSE_CONNECTION=DEFER"
		TYPE		POINT
		CLASSITEM  	plus_type
		MAXSCALEDENOM 5000
		PROJECTION
			"init=epsg:28992"
		END
		METADATA
			"wms_title"  "kast1"
			"wms_group_title"  "kast"
		END

		CLASS
			EXPRESSION	{CAI-kast,elektrakast,gaskast,gms kast,openbare verlichtingkast,rioolkast,telecom kast,telkast,verkeersregelinstallatiekast}
			MAXSCALEDENOM 	3000
			MINSCALEDENOM 	1500
			STYLE
				SYMBOL "circle"
				SIZE 2
				COLOR "#333333"
			END
		END

		CLASS
			EXPRESSION	{CAI-kast,elektrakast,gaskast,gms kast,openbare verlichtingkast,rioolkast,telecom kast,telkast,verkeersregelinstallatiekast}
			MAXSCALEDENOM 	1500
			MINSCALEDENOM 	1000
			STYLE
				SYMBOL "KAST"
				SIZE 5
			END
		END

		CLASS
			EXPRESSION	{CAI-kast,elektrakast,gaskast,gms kast,openbare verlichtingkast,rioolkast,telecom kast,telkast,verkeersregelinstallatiekast}
			MAXSCALEDENOM 	1000
			MINSCALEDENOM 	400
			STYLE
				SYMBOL "KAST"
				SIZE 5
			END
		END

		CLASS
			EXPRESSION	{CAI-kast,elektrakast,gaskast,gms kast,openbare verlichtingkast,rioolkast,telecom kast,telkast,verkeersregelinstallatiekast}
			MAXSCALEDENOM 	400
			MINSCALEDENOM 	200
			STYLE
				SYMBOL "KAST"
				SIZE 15
			END
		END

		CLASS
			EXPRESSION	{CAI-kast,elektrakast,gaskast,gms kast,openbare verlichtingkast,rioolkast,telecom kast,telkast,verkeersregelinstallatiekast}
			MAXSCALEDENOM 	200
			MINSCALEDENOM 	0
			STYLE
				SYMBOL "KAST"
				SIZE 30
			END
		END

	END

#------------------------------------------------------------------------------

	LAYER 
		NAME 		mast1
		GROUP 		mast
		INCLUDE 	"connection_basiskaart.inc"
		DATA		"geometrie FROM bgt.inrichtingselement_punt1 USING srid=28992 USING UNIQUE identificatie_lokaalid"
		PROCESSING 	"CLOSE_CONNECTION=DEFER"
		TYPE		POINT
		CLASSITEM  	plus_type
		MAXSCALEDENOM 5000
		PROJECTION
			"init=epsg:28992"
		END
		METADATA
			"wms_title"  "mast1"
			"wms_group_title"  "mast"
		END

		CLASS
			EXPRESSION		{zendmast}
			MAXSCALEDENOM 	5000
			STYLE
				SYMBOL "MAST"
				SIZE 10
			END
		END

	END

#------------------------------------------------------------------------------

	LAYER 
		NAME 		scheiding_l1
		GROUP 		scheiding
		INCLUDE 	"connection_basiskaart.inc"
		DATA		"geometrie FROM bgt.inrichtingselement_lijn1 USING srid=28992 USING UNIQUE identificatie_lokaalid"
		PROCESSING 	"CLOSE_CONNECTION=DEFER"
		TYPE		LINE
		CLASSITEM  	plus_type
		MAXSCALEDENOM 5000
		PROJECTION
			"init=epsg:28992"
		END
		METADATA
			"wms_title"  "scheiding_l1"
			"wms_group_title"  "scheiding"
		END

		CLASS
			EXPRESSION		{damwand,geluidsscherm,hek,kademuur,draadraster,faunaraster,walbescherming,rooster,wildrooster}
			MAXSCALEDENOM 	5000
			STYLE
				OPACITY 80
				WIDTH 2
				OUTLINECOLOR "#C9C7C2"
				LINECAP BUTT
				LINEJOIN MITER
			END
		END

	END

	LAYER 
		NAME 		scheiding_v1
		GROUP 		scheiding
		INCLUDE 	"connection_basiskaart.inc"
		DATA		"geometrie FROM bgt.inrichtingselement_vlak1 USING srid=28992 USING UNIQUE identificatie_lokaalid"
		PROCESSING 	"CLOSE_CONNECTION=DEFER"
		TYPE		POLYGON
		CLASSITEM  	plus_type
		MAXSCALEDENOM 5000
		PROJECTION
			"init=epsg:28992"
		END
		METADATA
			"wms_title"  "scheiding_v1"
			"wms_group_title"  "scheiding"
		END

		CLASS
			EXPRESSION		{rooster,wildrooster,muur,keermuur,kademuur}
			MAXSCALEDENOM 	5000
			STYLE
				COLOR         "#E0DED8"
				OUTLINECOLOR  "#C9C7C2"
				WIDTH         0.5
				LINECAP BUTT
				LINEJOIN MITER
			END
		END

	END

#------------------------------------------------------------------------------

	LAYER 
		NAME 		paal1
		GROUP 		paal
		INCLUDE 	"connection_basiskaart.inc"
		DATA		"geometrie FROM bgt.inrichtingselement_punt1 USING srid=28992 USING UNIQUE identificatie_lokaalid"
		PROCESSING 	"CLOSE_CONNECTION=DEFER"
		TYPE		POINT
		CLASSITEM  	plus_type
		MAXSCALEDENOM 5000
		PROJECTION
			"init=epsg:28992"
		END
		METADATA
			"wms_title"  		"paal1"
			"wms_group_title"  "paal"
		END

		CLASS
			EXPRESSION		{afsluitpaal,drukknoppaal,haltepaal,hectometerpaal,poller,telpaal,verkeersbordpaal,verkeersregelinstallatiepaal,vlaggenmast}
			MAXSCALEDENOM 	5000
			STYLE
				SYMBOL "PAAL"
				SIZE 4
				COLOR "#666666"
			END
		END

	END

	LAYER 
		NAME 		lichtmast1
		GROUP 		paal
		INCLUDE 	"connection_basiskaart.inc"
		DATA		"geometrie FROM bgt.inrichtingselement_punt1 USING srid=28992 USING UNIQUE identificatie_lokaalid"
		PROCESSING 	"CLOSE_CONNECTION=DEFER"
		TYPE		POINT
		CLASSITEM  	plus_type
		MAXSCALEDENOM 5000
		PROJECTION
			"init=epsg:28992"
		END
		METADATA
			"wms_title"  		"lichtmast1"
			"wms_group_title"  "paal"
		END

		CLASS
			EXPRESSION		{lichtmast}
			MAXSCALEDENOM 	5000
			MINSCALEDENOM 	2500
			STYLE
				SYMBOL "circle"
				SIZE 1.5	
				COLOR "#ffcc00"
			END
		END

		CLASS
			EXPRESSION		{lichtmast}
			MAXSCALEDENOM 	2500
			MINSCALEDENOM 	1000
			STYLE
				SYMBOL "LICHTMAST"
				SIZE 10
			END
		END

		CLASS
			EXPRESSION		{lichtmast}
			MAXSCALEDENOM 	1000
			MINSCALEDENOM 	400
			STYLE
				SYMBOL "LICHTMAST"
				SIZE 15
			END
		END

		CLASS
			EXPRESSION		{lichtmast}
			MAXSCALEDENOM 	400
			MINSCALEDENOM 	200
			STYLE
				SYMBOL "LICHTMAST"
				SIZE 25
			END
		END

		CLASS
			EXPRESSION		{lichtmast}
			MAXSCALEDENOM 	200
			MINSCALEDENOM 	0
			STYLE
				SYMBOL "LICHTMAST"
				SIZE 35
			END
		END

	END

#------------------------------------------------------------------------------

# De volgende lagen komen niet regelmatig verspreid in Amsterdam voor en zijn daarom als simple icoon verbeeld:
#bank,betaalautomaat,brievenbus,fietsenkluis,fietsenrek,lichtpunt,slagboom,speelvoorziening,telefooncel

	LAYER 
		NAME 		straatmeubilair1
		GROUP 		straatmeubilair
		INCLUDE 	"connection_basiskaart.inc"
		DATA		"geometrie FROM bgt.inrichtingselement_punt1 USING srid=28992 USING UNIQUE identificatie_lokaalid"
		PROCESSING 	"CLOSE_CONNECTION=DEFER"
		TYPE		POINT
		CLASSITEM  	plus_type
		MAXSCALEDENOM 5000
		PROJECTION
			"init=epsg:28992"
		END
		METADATA
			"wms_title"  		"straatmeubilair1"
			"wms_group_title"  "straatmeubilair"
		END

		CLASS
			EXPRESSION		{bank,betaalautomaat,brievenbus,fietsenkluis,fietsenrek,lichtpunt,slagboom,speelvoorziening,telefooncel}
			MAXSCALEDENOM 	3000
			MINSCALEDENOM 	1500
			STYLE
				SYMBOL "circle"
				SIZE 2
				COLOR "#dd6c27"
			END
		END

		CLASS
			EXPRESSION		{bank,betaalautomaat,brievenbus,fietsenkluis,fietsenrek,lichtpunt,slagboom,speelvoorziening,telefooncel}
			MAXSCALEDENOM 	1500
			MINSCALEDENOM 	1000
			STYLE
				SYMBOL "STRAATMEUBILAIR"
				SIZE 5
			END
		END

		CLASS
			EXPRESSION		{bank,betaalautomaat,brievenbus,fietsenkluis,fietsenrek,lichtpunt,slagboom,speelvoorziening,telefooncel}
			MAXSCALEDENOM 	1000
			MINSCALEDENOM 	500
			STYLE
				SYMBOL "STRAATMEUBILAIR"
				SIZE 10
			END
		END

		CLASS
			EXPRESSION		{bank,betaalautomaat,brievenbus,fietsenkluis,fietsenrek,lichtpunt,slagboom,speelvoorziening,telefooncel}
			MAXSCALEDENOM 	500
			MINSCALEDENOM 	200
			STYLE
				SYMBOL "STRAATMEUBILAIR"
				SIZE 15	
			END
		END

		CLASS
			EXPRESSION		{bank,betaalautomaat,brievenbus,fietsenkluis,fietsenrek,lichtpunt,slagboom,speelvoorziening,telefooncel}
			MAXSCALEDENOM 	200
			MINSCALEDENOM 	0
			STYLE
				SYMBOL "STRAATMEUBILAIR"
				SIZE 25
			END
		END

	END

	LAYER 
		NAME 		straatmeubilair_reclamezuil1
		GROUP 		straatmeubilair
		INCLUDE 	"connection_basiskaart.inc"
		DATA		"geometrie FROM bgt.inrichtingselement_punt1 USING srid=28992 USING UNIQUE identificatie_lokaalid"
		PROCESSING 	"CLOSE_CONNECTION=DEFER"
		TYPE		POINT
		CLASSITEM  	plus_type
		MAXSCALEDENOM 5000
		PROJECTION
			"init=epsg:28992"
		END
		METADATA
			"wms_title"  		"straatmeubilair_reclamezuil1"
			"wms_group_title"  "straatmeubilair"
		END

		CLASS
			EXPRESSION		{reclamezuil}
			MAXSCALEDENOM 	3000
			MINSCALEDENOM 	1500
			STYLE
				SYMBOL "circle"
				SIZE 2
				COLOR "#dd6c27"
			END
		END

		CLASS
			EXPRESSION		{reclamezuil}
			MAXSCALEDENOM 	1500
			MINSCALEDENOM 	1000
			STYLE
				SYMBOL "RECLAMEZUIL"
				SIZE 5
			END
		END

		CLASS
			EXPRESSION		{reclamezuil}
			MAXSCALEDENOM 	1000
			MINSCALEDENOM 	500
			STYLE
				SYMBOL "RECLAMEZUIL"
				SIZE 10
			END
		END

		CLASS
			EXPRESSION		{reclamezuil}
			MAXSCALEDENOM 	500
			MINSCALEDENOM 	200
			STYLE
				SYMBOL "RECLAMEZUIL"
				SIZE 20
			END
		END

		CLASS
			EXPRESSION		{reclamezuil}
			MAXSCALEDENOM 	200
			MINSCALEDENOM 	0
			STYLE
				SYMBOL "RECLAMEZUIL"
				SIZE 30
			END
		END

	END

	LAYER 
		NAME 		straatmeubilair_abri1
		GROUP 		straatmeubilair
		INCLUDE 	"connection_basiskaart.inc"
		DATA		"geometrie FROM bgt.inrichtingselement_punt1 USING srid=28992 USING UNIQUE identificatie_lokaalid"
		PROCESSING 	"CLOSE_CONNECTION=DEFER"
		TYPE		POINT
		CLASSITEM  	plus_type
		MAXSCALEDENOM 5000
		PROJECTION
			"init=epsg:28992"
		END
		METADATA
			"wms_title"  		"straatmeubilair_abri1"
			"wms_group_title"  "straatmeubilair"
		END

		CLASS
			EXPRESSION		{abri}
			MAXSCALEDENOM 	3000
			MINSCALEDENOM 	1500
			STYLE
				SYMBOL "circle"
				SIZE 2
				COLOR "#dd6c27"
			END
		END

		CLASS
			EXPRESSION		{abri}
			MAXSCALEDENOM 	1500
			MINSCALEDENOM 	1000
			STYLE
				SYMBOL "ABRI"
				SIZE 10
			END
		END

		CLASS
			EXPRESSION		{abri}
			MAXSCALEDENOM 	1000
			MINSCALEDENOM 	500
			STYLE
				SYMBOL "ABRI"
				SIZE 15
			END
		END

		CLASS
			EXPRESSION		{abri}
			MAXSCALEDENOM 	500
			MINSCALEDENOM 	200
			STYLE
				SYMBOL "ABRI"
				SIZE 25
			END
		END

		CLASS
			EXPRESSION		{abri}
			MAXSCALEDENOM 	200
			MINSCALEDENOM 	0
			STYLE
				SYMBOL "ABRI"
				SIZE 35
			END
		END

	END

	LAYER 
		NAME 		straatmeubilair_kunst1
		GROUP 		straatmeubilair
		INCLUDE 	"connection_basiskaart.inc"
		DATA		"geometrie FROM bgt.inrichtingselement_punt1 USING srid=28992 USING UNIQUE identificatie_lokaalid"
		PROCESSING 	"CLOSE_CONNECTION=DEFER"
		TYPE		POINT
		CLASSITEM  	plus_type
		MAXSCALEDENOM 5000
		PROJECTION
			"init=epsg:28992"
		END
		METADATA
			"wms_title"  		"straatmeubilair_kunst1"
			"wms_group_title"  "straatmeubilair"
		END

		CLASS
			EXPRESSION		{kunstobject}
			MAXSCALEDENOM 	3000
			MINSCALEDENOM 	1500
			STYLE
				SYMBOL "circle"
				SIZE 2
				COLOR "#dd6c27"
			END
		END

		CLASS
			EXPRESSION		{kunstobject}
			MAXSCALEDENOM 	1500
			MINSCALEDENOM 	1000
			STYLE
				SYMBOL "KUNST"
				SIZE 5
			END
		END

		CLASS
			EXPRESSION		{kunstobject}
			MAXSCALEDENOM 	1000
			MINSCALEDENOM 	500
			STYLE
				SYMBOL "KUNST"
				SIZE 10
			END
		END

		CLASS
			EXPRESSION		{kunstobject}
			MAXSCALEDENOM 	500
			MINSCALEDENOM 	200
			STYLE
				SYMBOL "KUNST"
				SIZE 20
			END
		END

		CLASS
			EXPRESSION		{kunstobject}
			MAXSCALEDENOM 	200
			MINSCALEDENOM 	0
			STYLE
				SYMBOL "KUNST"
				SIZE 25
			END
		END

	END

	LAYER 
		NAME 		straatmeubilair_herdenkingsmonument1
		GROUP 		straatmeubilair
		INCLUDE 	"connection_basiskaart.inc"
		DATA		"geometrie FROM bgt.inrichtingselement_punt1 USING srid=28992 USING UNIQUE identificatie_lokaalid"
		PROCESSING 	"CLOSE_CONNECTION=DEFER"
		TYPE		POINT
		CLASSITEM  	plus_type
		MAXSCALEDENOM 5000
		PROJECTION
			"init=epsg:28992"
		END
		METADATA
			"wms_title"  		"straatmeubilair_herdenkingsmonument1"
			"wms_group_title"  "straatmeubilair"
		END

		CLASS
			EXPRESSION		{herdenkingsmonument}
			MAXSCALEDENOM 	3000
			MINSCALEDENOM 	1500
			STYLE
				SYMBOL "circle"
				SIZE 2
				COLOR "#dd6c27"
			END
		END

		CLASS
			EXPRESSION		{herdenkingsmonument}
			MAXSCALEDENOM 	1500
			MINSCALEDENOM 	1000
			STYLE
				SYMBOL "HERDENKINGSMONUMENT"
				SIZE 5
			END
		END

		CLASS
			EXPRESSION		{herdenkingsmonument}
			MAXSCALEDENOM 	1000
			MINSCALEDENOM 	500
			STYLE
				SYMBOL "HERDENKINGSMONUMENT"
				SIZE 15
			END
		END

		CLASS
			EXPRESSION		{herdenkingsmonument}
			MAXSCALEDENOM 	500
			MINSCALEDENOM 	200
			STYLE
				SYMBOL "HERDENKINGSMONUMENT"
				SIZE 25	
			END
		END

		CLASS
			EXPRESSION		{herdenkingsmonument}
			MAXSCALEDENOM 	200
			MINSCALEDENOM 	0
			STYLE
				SYMBOL "HERDENKINGSMONUMENT"
				SIZE 25
			END
		END

	END

	LAYER 
		NAME 		straatmeubilair_openbaartoilet1
		GROUP 		straatmeubilair
		INCLUDE 	"connection_basiskaart.inc"
		DATA		"geometrie FROM bgt.inrichtingselement_punt1 USING srid=28992 USING UNIQUE identificatie_lokaalid"
		PROCESSING 	"CLOSE_CONNECTION=DEFER"
		TYPE		POINT
		CLASSITEM  	plus_type
		MAXSCALEDENOM 5000
		PROJECTION
			"init=epsg:28992"
		END
		METADATA
			"wms_title"  		"straatmeubilair_openbaartoilet1"
			"wms_group_title"  "straatmeubilair"
		END

		CLASS
			EXPRESSION		{openbaar toilet}
			MAXSCALEDENOM 	3000
			MINSCALEDENOM 	1500
			STYLE
				SYMBOL "circle"
				SIZE 2
				COLOR "#dd6c27"
			END
		END

		CLASS
			EXPRESSION		{openbaar toilet}
			MAXSCALEDENOM 	1500
			MINSCALEDENOM 	1000
			STYLE
				SYMBOL "OPENBAARTOILET"
				SIZE 5
			END
		END

		CLASS
			EXPRESSION		{openbaar toilet}
			MAXSCALEDENOM 	1000
			MINSCALEDENOM 	500
			STYLE
				SYMBOL "OPENBAARTOILET"
				SIZE 10
			END
		END

		CLASS
			EXPRESSION		{openbaar toilet}
			MAXSCALEDENOM 	500
			MINSCALEDENOM 	200
			STYLE
				SYMBOL "OPENBAARTOILET"
				SIZE 15	
			END
		END

		CLASS
			EXPRESSION		{openbaar toilet}
			MAXSCALEDENOM 	200
			MINSCALEDENOM 	0
			STYLE
				SYMBOL "OPENBAARTOILET"
				SIZE 25
			END
		END

	END

#------------------------------------------------------------------------------

	LAYER 
		NAME 		sensor1
		GROUP 		sensor
		INCLUDE 	"connection_basiskaart.inc"
		DATA		"geometrie FROM bgt.inrichtingselement_punt1 USING srid=28992 USING UNIQUE identificatie_lokaalid"
		PROCESSING 	"CLOSE_CONNECTION=DEFER"
		TYPE		POINT
		CLASSITEM  	plus_type
		MAXSCALEDENOM 5000
		PROJECTION
			"init=epsg:28992"
		END
		METADATA
			"wms_title"  		"sensor1"
			"wms_group_title"  "sensor"
		END

		CLASS
			EXPRESSION		{camera,flitser,waterstandmeter}
			MAXSCALEDENOM 	5000
			STYLE
				SYMBOL "SENSOR"
				SIZE 10
			END
		END

	END

#------------------------------------------------------------------------------

	LAYER 
		NAME 		vegetatie_p1
		GROUP 		vegetatie
		INCLUDE 	"connection_basiskaart.inc"
		DATA		"geometrie FROM bgt.inrichtingselement_punt1 USING srid=28992 USING UNIQUE identificatie_lokaalid"
		PROCESSING 	"CLOSE_CONNECTION=DEFER"
		TYPE		POINT
		CLASSITEM  	plus_type
		MAXSCALEDENOM 5000
		PROJECTION
			"init=epsg:28992"
		END
		METADATA
			"wms_title"  		"vegetatie_p1"
			"wms_group_title"  "vegetatie"
		END

		CLASS
			EXPRESSION		{boom}
			MAXSCALEDENOM 	5500
			MINSCALEDENOM 	4500
			STYLE
				SYMBOL "circle"
				SIZE 3	
				COLOR "#a0cc3a"
				OPACITY 70
			END
		END

		CLASS
			EXPRESSION		{boom}
			MAXSCALEDENOM 	4500
			MINSCALEDENOM 	1000
			STYLE
				SYMBOL "VEGETATIE"
				SIZE 10
			END
		END

		CLASS
			EXPRESSION		{boom}
			MAXSCALEDENOM 	1000
			MINSCALEDENOM 	400
			STYLE
				SYMBOL "VEGETATIE"
				SIZE 15
			END
		END

		CLASS
			EXPRESSION		{boom}
			MAXSCALEDENOM 	400
			MINSCALEDENOM 	200
			STYLE
				SYMBOL "VEGETATIE"
				SIZE 25
			END
		END

		CLASS
			EXPRESSION		{boom}
			MAXSCALEDENOM 	200
			MINSCALEDENOM 	0
			STYLE
				SYMBOL "VEGETATIE"
				SIZE 35
			END
		END

	END

	LAYER 
		NAME 		vegetatie_l1
		GROUP 		vegetatie
		INCLUDE 	"connection_basiskaart.inc"
		DATA		"geometrie FROM bgt.inrichtingselement_lijn1 USING srid=28992 USING UNIQUE identificatie_lokaalid"
		PROCESSING 	"CLOSE_CONNECTION=DEFER"
		TYPE		LINE
		CLASSITEM  	plus_type
		MAXSCALEDENOM 5000
		PROJECTION
			"init=epsg:28992"
		END
		METADATA
			"wms_title"  		"vegetatie_l1"
			"wms_group_title"  "vegetatie"
		END

		CLASS
			EXPRESSION		{haag}
			MAXSCALEDENOM 	5000
			STYLE
				WIDTH 2
				OUTLINECOLOR "#a0cc3a"
				LINECAP BUTT
				LINEJOIN MITER
			END
		END

	END

	LAYER 
		NAME 		vegetatie_v1
		GROUP 		vegetatie
		INCLUDE 	"connection_basiskaart.inc"
		DATA		"geometrie FROM bgt.inrichtingselement_vlak1 USING srid=28992 USING UNIQUE identificatie_lokaalid"
		PROCESSING 	"CLOSE_CONNECTION=DEFER"
		TYPE		POLYGON
		CLASSITEM  	plus_type
		MAXSCALEDENOM 5000
		PROJECTION
			"init=epsg:28992"
		END
		METADATA
			"wms_title"  		"vegetatie_v1"
			"wms_group_title"  "vegetatie"
		END

		CLASS
			EXPRESSION		{haag}
			MAXSCALEDENOM 	5000
			STYLE
				OPACITY 80
				COLOR "#a0cc3a"
			END
		END

	END

#------------------------------------------------------------------------------

	LAYER 
		NAME 		onbekend1
		GROUP 		onbekend
		INCLUDE 	"connection_basiskaart.inc"
		DATA		"geometrie FROM bgt.inrichtingselement_punt1 USING srid=28992 USING UNIQUE identificatie_lokaalid"
		PROCESSING 	"CLOSE_CONNECTION=DEFER"
		TYPE		POINT
		CLASSITEM  	plus_type
		MAXSCALEDENOM 5000
		PROJECTION
			"init=epsg:28992"
		END
		METADATA
			"wms_title"  "onbekend1"
			"wms_group_title"  "onbekend"
		END

		CLASS
			EXPRESSION		{onbekend}
			MAXSCALEDENOM 	5000
			MINSCALEDENOM   2000
			STYLE
				SYMBOL "circle"
				SIZE 5
				COLOR "#ff0000"
				OPACITY  30
			END
		END

		CLASS
			EXPRESSION		{onbekend}
			MAXSCALEDENOM 	2000
			STYLE
				SYMBOL "circle"
				SIZE 7
				COLOR "#ff0000"
				OPACITY  30
			END
		END

	END



#==============================================================================
END