#==============================================================================
#
# gebieden.map
# doel: serveren van gebieden
#
#==============================================================================
#
# naam                  datum         wijziging
# ------------------    ----------    -----------------------------------------
# Rob Kromwijk          21-10-2015    schepping
#
#==============================================================================

MAP
  NAME "GEBIEDEN"
  INCLUDE "header.inc"


  WEB
    METADATA
      "ows_title"    "GEBIEDEN"
      "ows_abstract" "Gebieden met een geografische component, waarvan Amsterdam de bronhouder is"
    END
  END



  #=============================================================================
  # LAYERS
  #============================================================================= 
  
  LAYER
    NAME            "stadsdeel"
    GROUP           "gebieden"
    INCLUDE         "connection.inc"
    DATA            "geometrie FROM public.geo_bag_stadsdeel USING srid=28992 USING UNIQUE id"
    TYPE            POLYGON
    MINSCALEDENOM   100
    MAXSCALEDENOM   100001
    TEMPLATE        "fooOnlyForWMSGetFeatureInfo.html"
    PROJECTION
    "init=epsg:28992" 
    END
    
    METADATA
      "ows_title"           "stadsdeel"
      "ows_group_title"     "gebieden"
      "ows_abstract"        "Stadsdelen van de gemeente Amsterdam"
      "gml_featureid"       "ID"
      "gml_include_items"   "all"
    END

    CLASS
      STYLE
       ANTIALIAS    true
       OUTLINECOLOR 200 0 0
       WIDTH        2
      END 
    END
    
  END
  
  #-----------------------------------------------------------------------------   
  
  
  LAYER
    NAME            "buurtcombinatie"
    GROUP           "gebieden"
    INCLUDE         "connection.inc"
    DATA            "geometrie FROM public.geo_bag_buurtcombinatie USING srid=28992 USING UNIQUE id"
    TYPE            POLYGON
    MINSCALEDENOM   100
    MAXSCALEDENOM   40001
    TEMPLATE        "fooOnlyForWMSGetFeatureInfo.html"
    PROJECTION
    "init=epsg:28992" 
    END
    
    METADATA
      "ows_title"           "buurtcombinatie"
      "ows_abstract"        "Buurtcombinaties van de gemeente Amsterdam"
      "gml_featureid"       "ID"
      "gml_include_items"   "all"
    END

    CLASS
      STYLE
       ANTIALIAS    true
       OUTLINECOLOR 200 200 0
       WIDTH        2
      END 
    END
    
  END
  
  #-----------------------------------------------------------------------------     


  LAYER
    NAME            "buurt"
    GROUP           "gebieden"
    INCLUDE         "connection.inc"
    DATA            "geometrie FROM public.geo_bag_buurt USING srid=28992 USING UNIQUE id"
    TYPE            POLYGON
    MINSCALEDENOM   100
    MAXSCALEDENOM   20001
    TEMPLATE        "fooOnlyForWMSGetFeatureInfo.html"
    PROJECTION
    "init=epsg:28992" 
    END
    
    METADATA
      "ows_title"           "buurt"
      "ows_abstract"        "Buurten van de gemeente Amsterdam"
      "gml_featureid"       "ID"
      "gml_include_items"   "all"
    END

    CLASS
      STYLE
       ANTIALIAS    true
       OUTLINECOLOR 255 155 0
       WIDTH        2
      END 
    END
    
  END
  
  #-----------------------------------------------------------------------------   


  LAYER
    NAME            "bouwblok"
    GROUP           "gebieden"
    INCLUDE         "connection.inc"
    DATA            "geometrie FROM public.geo_bag_bouwblok USING srid=28992 USING UNIQUE id"
    TYPE            POLYGON
    MINSCALEDENOM   100
    MAXSCALEDENOM   5001
    TEMPLATE        "fooOnlyForWMSGetFeatureInfo.html"
    PROJECTION
    "init=epsg:28992" 
    END
    
    METADATA
      "ows_title"           "bouwblok"
      "ows_abstract"        "Bouwblokken van de gemeente Amsterdam"
      "gml_featureid"       "ID"
      "gml_include_items"   "all"
    END

    CLASS
      STYLE
       ANTIALIAS    true
       OUTLINECOLOR 0 150 255
       WIDTH        2
      END 
    END
    
  END
  
  #-----------------------------------------------------------------------------   
  
  
  LAYER
    NAME            "grootstedelijkgebied"
    GROUP           "gebieden"
    INCLUDE         "connection.inc"
    DATA            "geometrie FROM public.geo_bag_grootstedelijkgebied USING srid=28992 USING UNIQUE id"
    TYPE            POLYGON
    MINSCALEDENOM   100
    MAXSCALEDENOM   100001
    TEMPLATE        "fooOnlyForWMSGetFeatureInfo.html"
    PROJECTION
    "init=epsg:28992" 
    END
    
    METADATA
      "ows_title"           "grootstedelijkgebied"
      "ows_abstract"        "Grootstedelijke Gebieden van de gemeente Amsterdam"
      "gml_featureid"       "ID"
      "gml_include_items"   "all"
    END

    CLASS
      STYLE
        ANTIALIAS      true
        OUTLINECOLOR   150 40 255
        WIDTH          2
      END
    END
    
  END
  
  #-----------------------------------------------------------------------------   
  
  
  LAYER
    NAME            "gebiedsgerichtwerken"
    GROUP           "gebieden"
    INCLUDE         "connection.inc"
    DATA            "geometrie FROM public.geo_bag_gebiedsgerichtwerken USING srid=28992 USING UNIQUE id"
    TYPE            POLYGON
    MINSCALEDENOM   100
    MAXSCALEDENOM   40001
    TEMPLATE        "fooOnlyForWMSGetFeatureInfo.html"
    PROJECTION
    "init=epsg:28992" 
    END
    
    METADATA
      "ows_title"           "gebiedsgerichtwerken"
      "ows_abstract"        "Gebiedsgerichtwerken gebieden van de gemeente Amsterdam"
      "gml_featureid"       "ID"
      "gml_include_items"   "all"
    END

    CLASS
      STYLE
        ANTIALIAS      true
        OUTLINECOLOR   40 150 10
        WIDTH          2
      END
    END
    
  END
  
  #-----------------------------------------------------------------------------   
  
  
  LAYER
    NAME            "unesco"
    GROUP           "gebieden"
    INCLUDE         "connection.inc"
    DATA            "geometrie FROM public.geo_bag_unesco USING srid=28992 USING UNIQUE id"
    TYPE            POLYGON
    MINSCALEDENOM   100
    MAXSCALEDENOM   20001
    OPACITY         60
    TEMPLATE        "fooOnlyForWMSGetFeatureInfo.html"
    PROJECTION
    "init=epsg:28992" 
    END
    
    METADATA
      "ows_title"           "unesco"
      "ows_abstract"        "Unesco werelderfgoedgrens van de gemeente Amsterdam"
      "gml_featureid"       "ID"
      "gml_include_items"   "all"
    END
    
    CLASSITEM         naam
    
    CLASS
      NAME            Kernzone
      EXPRESSION      /Kernzone/
      STYLE
        COLOR          255 140 40
        OUTLINECOLOR   172 172 172
        WIDTH          1
      END
    END
    
    CLASS
      NAME             Bufferzone
      EXPRESSION       /Bufferzone/
      STYLE
        COLOR          255 200 150
        OUTLINECOLOR   172 172 172
        WIDTH          1
      END
    END

    
  END
  
  
  #-----------------------------------------------------------------------------   
  #-----------------------------------------------------------------------------
  
  
  LAYER
    NAME            "stadsdeel_label"
    GROUP           "gebieden"
    INCLUDE         "connection.inc"
    DATA            "geometrie FROM public.geo_bag_stadsdeel USING srid=28992 USING UNIQUE id"
    TYPE            POLYGON
    MINSCALEDENOM   100
    MAXSCALEDENOM   100001
    TEMPLATE        "fooOnlyForWMSGetFeatureInfo.html"
    PROJECTION
    "init=epsg:28992" 
    END
    
    METADATA
      "ows_title"           "stadsdeel_label"
      "ows_abstract"        "Labels van stadsdelen van de gemeente Amsterdam"
    END
    
    CLASS
      TEXT             '[naam] ([code])'
      LABEL
        MINSCALEDENOM  500
        MAXSCALEDENOM  50001
        COLOR          200 0 0
        OUTLINECOLOR   255 255 255
        OUTLINEWIDTH   3
        FONT           "Ubuntu-M"
        TYPE           truetype
        SIZE           14
        POSITION       AUTO
        PARTIALS       FALSE
      END
      LABEL
        MINSCALEDENOM  50001
        MAXSCALEDENOM  100001
        COLOR          200 0 0
        OUTLINECOLOR   255 255 255
        OUTLINEWIDTH   3
        FONT           "Ubuntu-M"
        TYPE           truetype
        SIZE           11
        POSITION       AUTO
        PARTIALS       FALSE
      END
    END
    
  END
  
  #-----------------------------------------------------------------------------   
  

  LAYER
    NAME            "buurtcombinatie_label"
    GROUP           "gebieden"
    INCLUDE         "connection.inc"
    DATA            "geometrie FROM public.geo_bag_buurtcombinatie USING srid=28992 USING UNIQUE id"
    TYPE            POLYGON
    MINSCALEDENOM   100
    MAXSCALEDENOM   40001
    TEMPLATE        "fooOnlyForWMSGetFeatureInfo.html"
    PROJECTION
    "init=epsg:28992" 
    END
    
    METADATA
      "ows_title"           "buurtcombinatie_label"
      "ows_abstract"        "Labels van buurtcombinaties van de gemeente Amsterdam"
    END
    
    CLASS
      TEXT             '[naam] ([vollcode])'
      LABEL
        MINSCALEDENOM  500
        MAXSCALEDENOM  10001
        COLOR          200 200 0
        OUTLINECOLOR   255 255 255
        OUTLINEWIDTH   3
        FONT           "Ubuntu-M"
        TYPE           truetype
        SIZE           10
        POSITION       AUTO
        PARTIALS       FALSE
      END
      LABEL
        MINSCALEDENOM  10001
        MAXSCALEDENOM  40001
        COLOR          200 200 0
        OUTLINECOLOR   255 255 255
        OUTLINEWIDTH   3
        FONT           "Ubuntu-M"
        TYPE           truetype
        SIZE           8
        POSITION       AUTO
        PARTIALS       FALSE
      END
    END
    
  END
  
  #-----------------------------------------------------------------------------     
  

  LAYER
    NAME            "buurt_label"
    GROUP           "gebieden"
    INCLUDE         "connection.inc"
    DATA            "geometrie FROM public.geo_bag_buurt USING srid=28992 USING UNIQUE id"
    TYPE            POLYGON
    MINSCALEDENOM   100
    MAXSCALEDENOM   20001
    TEMPLATE        "fooOnlyForWMSGetFeatureInfo.html"
    PROJECTION
    "init=epsg:28992" 
    END
    
    METADATA
      "ows_title"           "buurt_label"
      "ows_abstract"        "Labels van buurten van de gemeente Amsterdam"
    END

    CLASS
      TEXT             '[naam] ([code])'
      LABEL
        MINSCALEDENOM  500
        MAXSCALEDENOM  5001
        COLOR          255 155 0
        OUTLINECOLOR   255 255 255
        OUTLINEWIDTH   3
        FONT           "Ubuntu-M"
        TYPE           truetype
        SIZE           10
        POSITION       AUTO
        PARTIALS       FALSE
      END
      LABEL
        MINSCALEDENOM  5001
        MAXSCALEDENOM  20001
        COLOR          255 155 0
        OUTLINECOLOR   255 255 255
        OUTLINEWIDTH   3
        FONT           "Ubuntu-M"
        TYPE           truetype
        SIZE           8
        POSITION       AUTO
        PARTIALS       FALSE
      END
    END
    
  END
  
  #-----------------------------------------------------------------------------   
  
  
  LAYER
    NAME            "bouwblok_label"
    GROUP           "gebieden"
    INCLUDE         "connection.inc"
    DATA            "geometrie FROM public.geo_bag_bouwblok USING srid=28992 USING UNIQUE id"
    TYPE            POLYGON
    MINSCALEDENOM   100
    MAXSCALEDENOM   5001
    TEMPLATE        "fooOnlyForWMSGetFeatureInfo.html"
    PROJECTION
    "init=epsg:28992" 
    END
    
    METADATA
      "ows_title"           "bouwblok_label"
      "ows_abstract"        "Labels van bouwblokken van de gemeente Amsterdam"
    END

    CLASS
      TEXT             '[code]'
      LABEL
        MINSCALEDENOM  500
        MAXSCALEDENOM  2500
        COLOR          0 150 255
        OUTLINECOLOR   255 255 255
        OUTLINEWIDTH   3
        FONT           "Ubuntu-M"
        TYPE           truetype
        SIZE           10
        POSITION       AUTO
        PARTIALS       FALSE
      END
      LABEL
        MINSCALEDENOM  2500
        MAXSCALEDENOM  5001
        COLOR          0 150 255
        OUTLINECOLOR   255 255 255
        OUTLINEWIDTH   3
        FONT           "Ubuntu-M"
        TYPE           truetype
        SIZE           8
        POSITION       AUTO
        PARTIALS       FALSE
      END
    END
    
  END
  
  #-----------------------------------------------------------------------------   


  LAYER
    NAME            "grootstedelijkgebied_label"
    GROUP           "gebieden"
    INCLUDE         "connection.inc"
    DATA            "geometrie FROM public.geo_bag_grootstedelijkgebied USING srid=28992 USING UNIQUE id"
    TYPE            POLYGON
    MINSCALEDENOM   100
    MAXSCALEDENOM   100001
    TEMPLATE        "fooOnlyForWMSGetFeatureInfo.html"
    PROJECTION
    "init=epsg:28992" 
    END
    
    METADATA
      "ows_title"           "grootstedelijkgebied_label"
      "ows_abstract"        "Labels van grootstedelijke gebieden van de gemeente Amsterdam"
    END

    CLASS
      TEXT             '[naam]'
      LABEL
        MINSCALEDENOM  500
        MAXSCALEDENOM  50001
        COLOR          150 40 255
        OUTLINECOLOR   255 255 255
        OUTLINEWIDTH   3
        FONT           "Ubuntu-M"
        TYPE           truetype
        SIZE           10
        POSITION       AUTO
        PARTIALS       FALSE
      END
      LABEL
        MINSCALEDENOM  50001
        MAXSCALEDENOM  100001
        COLOR          150 40 255
        OUTLINECOLOR   255 255 255
        OUTLINEWIDTH   3
        FONT           "Ubuntu-M"
        TYPE           truetype
        SIZE           8
        POSITION       AUTO
        PARTIALS       FALSE
      END
    END
    
  END
  
  #-----------------------------------------------------------------------------   
  
  
  LAYER
    NAME            "gebiedsgerichtwerken_label"
    GROUP           "gebieden"
    INCLUDE         "connection.inc"
    DATA            "geometrie FROM public.geo_bag_gebiedsgerichtwerken USING srid=28992 USING UNIQUE id"
    TYPE            POLYGON
    MINSCALEDENOM   500
    MAXSCALEDENOM   40001
    TEMPLATE        "fooOnlyForWMSGetFeatureInfo.html"
    PROJECTION
    "init=epsg:28992" 
    END
    
    METADATA
      "ows_title"           "gebiedsgerichtwerken_label"
      "ows_abstract"        "Labels van gebiedsgerichtwerken gebieden van de gemeente Amsterdam"
    END

    CLASS
      TEXT             '[naam] ([code])'
      LABEL
        MINSCALEDENOM  100
        MAXSCALEDENOM  10001
        COLOR          40 150 10
        OUTLINECOLOR   255 255 255
        OUTLINEWIDTH   3
        FONT           "Ubuntu-M"
        TYPE           truetype
        SIZE           10
        POSITION       AUTO
        PARTIALS       FALSE
      END
      LABEL
        MINSCALEDENOM  10001
        MAXSCALEDENOM  40001
        COLOR          40 150 10
        OUTLINECOLOR   255 255 255
        OUTLINEWIDTH   3
        FONT           "Ubuntu-M"
        TYPE           truetype
        SIZE           8
        POSITION       AUTO
        PARTIALS       FALSE
      END
    END
    
  END
  
  #-----------------------------------------------------------------------------   
  
  
  LAYER
    NAME            "unesco_label"
    GROUP           "gebieden"
    INCLUDE         "connection.inc"
    DATA            "geometrie FROM public.geo_bag_unesco USING srid=28992 USING UNIQUE id"
    TYPE            POLYGON
    MINSCALEDENOM   100
    MAXSCALEDENOM   20001
    TEMPLATE        "fooOnlyForWMSGetFeatureInfo.html"
    PROJECTION
    "init=epsg:28992" 
    END
    
    METADATA
      "ows_title"           "unesco_label"
      "ows_abstract"        "Labels van Unesco werelderfgoedgrens van de gemeente Amsterdam"
    END

    CLASS
      TEXT             '[naam]'
      LABEL
        MINSCALEDENOM  500
        MAXSCALEDENOM  10001
        COLOR          255 140 40
        OUTLINECOLOR   255 255 255
        OUTLINEWIDTH   3
        FONT           "Ubuntu-M"
        TYPE           truetype
        SIZE           10
        POSITION       AUTO
        PARTIALS       FALSE
      END
      LABEL
        MINSCALEDENOM  10001
        MAXSCALEDENOM  20001
        COLOR          255 140 40
        OUTLINECOLOR   255 255 255
        OUTLINEWIDTH   3
        FONT           "Ubuntu-M"
        TYPE           truetype
        SIZE           8
        POSITION       AUTO
        PARTIALS       FALSE
      END
    END
    
  END



#=============================================================================
END
