#==============================================================================
#
# handelsregister.map
# doel: serveren van handelsregister gegevens
#
#==============================================================================
#
# naam                  datum         wijziging
# ------------------    ----------    -----------------------------------------
# S. Preeker 		20-09-2016    schepping
#==============================================================================

MAP
  NAME "Handelsregister"
  INCLUDE "header.inc"

  WEB
    METADATA
      "ows_title"           "Handelsregister"
      "ows_abstract"        "Vestigingen van bedrijfigheid gerelateerd aan de gemeente Amsterdam"
    END
  END

  #=============================================================================
  # LAYERS
  #=============================================================================

  LAYER
    NAME            "alle_vestigingen"
    GROUP           "Vestiging"
    INCLUDE         "connection_handelsregister.inc"
    DATA            "geometrie FROM public.geo_hr_vestiging_locaties USING srid=28992 USING UNIQUE id"
    TYPE            POINT
    MINSCALEDENOM   100
    MAXSCALEDENOM   500001
    TEMPLATE        "fooOnlyForWMSGetFeatureInfo.html"
    PROCESSING      CLOSE_CONNECTION=DEFER
    STATUS          OFF
    PROJECTION
      "init=epsg:28992"
    END

    METADATA
      "ows_title"           "Alle vestigingen"
      "ows_group_title"     "vestigingen"
      "ows_abstract"        "vestiging locaties bezoek en post adressen gerelateerd aan Amsterdam"
      "gml_featureid"       "ID"
      "gml_include_items"   "all"
      "wms_extent"          "100000 450000 150000 500000"
    END


    CLASS
      NAME "Vestiging"
      STYLE
        MINSCALEDENOM  100
        MAXSCALEDENOM  500001
        SYMBOL         'stip'
        SIZE           10
        OUTLINECOLOR   0 0 200
        COLOR          255 255 255
        WIDTH          2
      END
    END
  END


  #-----------------------------------------------------------------------------

  LAYER
    NAME            "vestiging_namen"
    GROUP           "Vestiging"
    INCLUDE         "connection_handelsregister.inc"
    DATA            "geometrie FROM public.geo_hr_vestiging_locaties USING srid=28992 USING UNIQUE id"
    TYPE            POINT
    MINSCALEDENOM   100
    MAXSCALEDENOM   1001
    PROCESSING      CLOSE_CONNECTION=DEFER
    STATUS          OFF
    PROJECTION
      "init=epsg:28992"
    END

    METADATA
      "ows_title"           "vestiging_namen"
      "ows_group_title"     "vestigingen"
      "ows_abstract"        "Labels van vestigingen"
    END

    LABELITEM          "naam"

    CLASS
      LABEL
        MINSCALEDENOM  100
        MAXSCALEDENOM  1000
        COLOR   0 200 0
        OUTLINECOLOR   255 255 255
        OUTLINEWIDTH   3
        FONT           "Ubuntu-M"
        TYPE           truetype
        SIZE           10
        POSITION       AUTO
        PARTIALS       FALSE
        OFFSET         -60 10
      END

    END
  END


  #-----------------------------------------------------------------------------

  LAYER
    NAME            "horeca"
    GROUP           "Vestiging"
    INCLUDE         "connection_handelsregister.inc"
    DATA            "geometrie FROM public.geo_hr_vestiging_locaties_horeca USING srid=28992 USING UNIQUE id"
    TYPE            POINT
    MINSCALEDENOM   100
    MAXSCALEDENOM   500001
    PROCESSING      CLOSE_CONNECTION=DEFER
    STATUS          OFF
    PROJECTION
      "init=epsg:28992"
    END

    METADATA
      "ows_title"           "horeca"
      "ows_group_title"     "vestigingen"
      "ows_abstract"        "horeca binnen Amsterdam"
      "gml_featureid"       "ID"
      "gml_include_items"   "all"
      "wms_extent"          "100000 450000 150000 500000"
    END


    CLASS
      NAME "Horeca"
      STYLE
        MINSCALEDENOM  100
        MAXSCALEDENOM  500001
        SYMBOL         'stip'
        SIZE           10
        OUTLINECOLOR   0 0 200
        COLOR          255 0 0
        WIDTH          2
      END
    END
  END


  #-----------------------------------------------------------------------------

  LAYER
    NAME            "onderwijs"
    GROUP           "Vestiging"
    INCLUDE         "connection_handelsregister.inc"
    DATA            "geometrie FROM public.geo_hr_vestiging_locaties_onderwijs USING srid=28992 USING UNIQUE id"
    TYPE            POINT
    MINSCALEDENOM   100
    MAXSCALEDENOM   500001
    PROCESSING      CLOSE_CONNECTION=DEFER
    STATUS          OFF
    PROJECTION
      "init=epsg:28992"
    END

    METADATA
      "ows_title"           "onderwijs"
      "ows_group_title"     "vestigingen"
      "ows_abstract"        "onderwijs binnen Amsterdam"
      "gml_featureid"       "ID"
      "gml_include_items"   "all"
      "wms_extent"          "100000 450000 150000 500000"
    END


    CLASS
      NAME "Onderwijs"
      STYLE
        MINSCALEDENOM  100
        MAXSCALEDENOM  500001
        SYMBOL         'stip'
        SIZE           10
        OUTLINECOLOR   0 0 200
        COLOR          255 100 0
        WIDTH          2
      END
    END
  END

  #-----------------------------------------------------------------------------

  LAYER
    NAME            "hotels"
    GROUP           "Vestiging"
    INCLUDE         "connection_handelsregister.inc"
    DATA            "geometrie FROM public.geo_hr_vestiging_locaties_hotels USING srid=28992 USING UNIQUE id"
    TYPE            POINT
    MINSCALEDENOM   100
    MAXSCALEDENOM   500001
    PROCESSING      CLOSE_CONNECTION=DEFER
    STATUS          OFF
    PROJECTION
      "init=epsg:28992"
    END

    METADATA
      "ows_title"           "hotels"
      "ows_group_title"     "vestigingen"
      "ows_abstract"        "Hotels binnen Amsterdam"
      "gml_featureid"       "ID"
      "gml_include_items"   "all"
      "wms_extent"          "100000 450000 150000 500000"
    END


    CLASS
      NAME "Hotels"
      STYLE
        MINSCALEDENOM  100
        MAXSCALEDENOM  500001
        SYMBOL         'stip'
        SIZE           10
        OUTLINECOLOR   0 0 200
        COLOR          100 100 0
        WIDTH          2
      END
    END
  END


  #-----------------------------------------------------------------------------

  LAYER
    NAME            "kinderopvang"
    GROUP           "Vestiging"
    INCLUDE         "connection_handelsregister.inc"
    DATA            "geometrie FROM public.geo_hr_vestiging_locaties_kinderopvang USING srid=28992 USING UNIQUE id"
    TYPE            POINT
    MINSCALEDENOM   100
    MAXSCALEDENOM   500001
    PROCESSING      CLOSE_CONNECTION=DEFER
    STATUS          OFF
    PROJECTION
      "init=epsg:28992"
    END

    METADATA
      "ows_title"           "kinderopvang"
      "ows_group_title"     "vestigingen"
      "ows_abstract"        "Kinderopvang binnen Amsterdam"
      "gml_featureid"       "ID"
      "gml_include_items"   "all"
      "wms_extent"          "100000 450000 150000 500000"
    END


    CLASS
      NAME "Kinderopvang"
      STYLE
        MINSCALEDENOM  100
        MAXSCALEDENOM  500001
        SYMBOL         'stip'
        SIZE           10
        OUTLINECOLOR   0 0 200
        COLOR          250 250 0
        WIDTH          2
      END
    END
  END


  #-----------------------------------------------------------------------------

  LAYER
    NAME            "cultuur"
    GROUP           "Vestiging"
    INCLUDE         "connection_handelsregister.inc"
    DATA            "geometrie FROM public.geo_hr_vestiging_locaties_cultuur USING srid=28992 USING UNIQUE id"
    TYPE            POINT
    MINSCALEDENOM   100
    MAXSCALEDENOM   500001
    PROCESSING      CLOSE_CONNECTION=DEFER
    STATUS          OFF
    PROJECTION
      "init=epsg:28992"
    END

    METADATA
      "ows_title"           "cultuur"
      "ows_group_title"     "vestigingen"
      "ows_abstract"        "Culturele instellingen binnen Amsterdam"
      "gml_featureid"       "ID"
      "gml_include_items"   "all"
      "wms_extent"          "100000 450000 150000 500000"
    END


    CLASS
      NAME "Cultuur"
      STYLE
        MINSCALEDENOM  100
        MAXSCALEDENOM  500001
        SYMBOL         'stip'
        SIZE           10
        OUTLINECOLOR   0 0 200
        COLOR          140 255 70
        WIDTH          2
      END
    END
  END

  #-----------------------------------------------------------------------------

  LAYER
    NAME            "religie"
    GROUP           "Vestiging"
    INCLUDE         "connection_handelsregister.inc"
    DATA            "geometrie FROM public.geo_hr_vestiging_locaties_religies USING srid=28992 USING UNIQUE id"
    TYPE            POINT
    MINSCALEDENOM   100
    MAXSCALEDENOM   500001
    PROCESSING      CLOSE_CONNECTION=DEFER
    STATUS          OFF
    PROJECTION
      "init=epsg:28992"
    END

    METADATA
      "ows_title"           "religie"
      "ows_group_title"     "vestigingen"
      "ows_abstract"        "Religieuze instellingen binnen Amsterdam"
      "gml_featureid"       "ID"
      "gml_include_items"   "all"
      "wms_extent"          "100000 450000 150000 500000"
    END


    CLASS
      NAME "Religie"
      STYLE
        MINSCALEDENOM  100
        MAXSCALEDENOM  500001
        SYMBOL         'stip'
        SIZE           10
        OUTLINECOLOR   0 0 200
        COLOR          50 250 200
        WIDTH          2
      END
    END
  END


  #-----------------------------------------------------------------------------

  LAYER
    NAME            "sport"
    GROUP           "Vestiging"
    INCLUDE         "connection_handelsregister.inc"
    DATA            "geometrie FROM public.geo_hr_vestiging_locaties_sport USING srid=28992 USING UNIQUE id"
    TYPE            POINT
    MINSCALEDENOM   100
    MAXSCALEDENOM   500001
    PROCESSING      CLOSE_CONNECTION=DEFER
    STATUS          OFF
    PROJECTION
      "init=epsg:28992"
    END

    METADATA
      "ows_title"           "sport"
      "ows_group_title"     "vestigingen"
      "ows_abstract"        "Sportvelden en clubs binnen Amsterdam"
      "gml_featureid"       "ID"
      "gml_include_items"   "all"
      "wms_extent"          "100000 450000 150000 500000"
    END


    CLASS
      NAME "Sport"
      STYLE
        MINSCALEDENOM  100
        MAXSCALEDENOM  500001
        SYMBOL         'stip'
        SIZE           10
        OUTLINECOLOR   0 0 200
        COLOR          250 150 0
        WIDTH          2
      END
    END
  END


  #-----------------------------------------------------------------------------

  LAYER
    NAME            "zorg"
    GROUP           "Vestiging"
    INCLUDE         "connection_handelsregister.inc"
    DATA            "geometrie FROM public.geo_hr_vestiging_locaties_zorg USING srid=28992 USING UNIQUE id"
    TYPE            POINT
    MINSCALEDENOM   100
    MAXSCALEDENOM   500001
    PROCESSING      CLOSE_CONNECTION=DEFER
    STATUS          OFF
    PROJECTION
      "init=epsg:28992"
    END

    METADATA
      "ows_title"           "zorg"
      "ows_group_title"     "vestigingen"
      "ows_abstract"        "Zorginstellingen binnen Amsterdam"
      "gml_featureid"       "ID"
      "gml_include_items"   "all"
      "wms_extent"          "100000 450000 150000 500000"
    END


    CLASS
      NAME "Zorg"
      STYLE
        MINSCALEDENOM  100
        MAXSCALEDENOM  500001
        SYMBOL         'stip'
        SIZE           10
        OUTLINECOLOR   0 0 200
        COLOR          150 250 0
        WIDTH          2
      END
    END
  END


  #-----------------------------------------------------------------------------

  LAYER
    NAME            "gemeente"
    GROUP           "Vestiging"
    INCLUDE         "connection_handelsregister.inc"
    DATA            "geometrie FROM public.geo_hr_vestiging_locaties_gemeente USING srid=28992 USING UNIQUE id"
    TYPE            POINT
    MINSCALEDENOM   100
    MAXSCALEDENOM   500001
    PROCESSING      CLOSE_CONNECTION=DEFER
    STATUS          OFF
    PROJECTION
      "init=epsg:28992"
    END

    METADATA
      "ows_title"           "gemeente"
      "ows_group_title"     "vestigingen"
      "ows_abstract"        "Gemeente instellingen binnen Amsterdam"
      "gml_featureid"       "ID"
      "gml_include_items"   "all"
      "wms_extent"          "100000 450000 150000 500000"
    END


    CLASS
      NAME "Gemeente"
      STYLE
        MINSCALEDENOM  100
        MAXSCALEDENOM  500001
        SYMBOL         'stip'
        SIZE           10
        OUTLINECOLOR   0 0 200
        COLOR          120 200 200
        WIDTH          2
      END
    END
  END


END
