#==============================================================================
#
# kbka50.map
# doel: serveren van KBKA50, cartografische levering
#
#==============================================================================
#
# naam                  datum         wijziging
# ------------------    ----------    -----------------------------------------
# Rob Kromwijk          17-09-2015    schepping
#
#==============================================================================

MAP
  NAME "KBKA50"
  INCLUDE "header.map"


  WEB
    METADATA
      "ows_title"    "KBKA50"
      "ows_abstract" "KBKA 50:000 cartografische weergave"
    END
  END



  #=============================================================================
  # LAYERS
  #============================================================================= 
  
  # TE DOEN:
  #   WMS LAYERS VERVANGEN DOOR DATAPUNT BRONNEN

  LAYER
    NAME            "vlak"
    CONNECTION      "http://www.diva.amsterdam.nl/cgi-bin/topografie?"
    CONNECTIONTYPE  WMS
    TYPE            RASTER
    
    METADATA
      "ows_title"           "vlak"
      "ows_abstract"        "KBKA50 vlakken van de gemeente Amsterdam"
      "wms_onlineresource"  "http://www.diva.amsterdam.nl/cgi-bin/topografie?"
      "wms_server_version"  "1.1.1"
      "wms_formatlist"      "png_afb"
      "wms_srs"             "EPSG:28992"
      "wms_name"            "KBK50_vlakken"
    END
    
  END  
  
  #-----------------------------------------------------------------------------   


  LAYER
    NAME            "vlak_snelweg"
    CONNECTION      "http://www.diva.amsterdam.nl/cgi-bin/topografie?"
    CONNECTIONTYPE  WMS
    TYPE            RASTER
    
    METADATA
      "ows_title"           "vlak_snelweg"
      "ows_abstract"        "KBKA50 vlakken snelweg van de gemeente Amsterdam"
      "wms_onlineresource"  "http://www.diva.amsterdam.nl/cgi-bin/topografie?"
      "wms_server_version"  "1.1.1"
      "wms_formatlist"      "png_afb"
      "wms_srs"             "EPSG:28992"
      "wms_name"            "KBK50_vlakken_snelweg"
    END
    
  END  
  
  #-----------------------------------------------------------------------------   


  LAYER
    NAME            "lijn"
    CONNECTION      "http://www.diva.amsterdam.nl/cgi-bin/topografie?"
    CONNECTIONTYPE  WMS
    TYPE            RASTER
    
    METADATA
      "ows_title"           "lijn"
      "ows_abstract"        "KBKA50 lijnen van de gemeente Amsterdam"
      "wms_onlineresource"  "http://www.diva.amsterdam.nl/cgi-bin/topografie?"
      "wms_server_version"  "1.1.1"
      "wms_formatlist"      "png_afb"
      "wms_srs"             "EPSG:28992"
      "wms_name"            "KBK50_lijnen"
    END
    
  END  
  
  #----------------------------------------------------------------------------- 


  LAYER
    NAME            "spoor"
    CONNECTION      "http://www.diva.amsterdam.nl/cgi-bin/topografie?"
    CONNECTIONTYPE  WMS
    TYPE            RASTER
    
    METADATA
      "ows_title"           "spoor"
      "ows_abstract"        "KBKA50 sporen van de gemeente Amsterdam"
      "wms_onlineresource"  "http://www.diva.amsterdam.nl/cgi-bin/topografie?"
      "wms_server_version"  "1.1.1"
      "wms_formatlist"      "png_afb"
      "wms_srs"             "EPSG:28992"
      "wms_name"            "KBK50_sporen"
    END
    
  END  
  


#============================================================================= 
END