#==============================================================================
#
# lufo.map
# doel: serveren van luchtfoto's
#
#==============================================================================
#
# naam                  datum         wijziging
# ------------------    ----------    -----------------------------------------
# E. Mac Gillavry       06-11-2015    schepping
#
#==============================================================================

MAP
  NAME "LUFO"
  INCLUDE "header.inc"


  WEB
    METADATA
      "ows_title"    "LUFO"
      "ows_abstract" "Luchtfoto's van het grondgebied van de gemeente Amsterdam"
    END
  END



  #=============================================================================
  # LAYERS
  #============================================================================= 
  
  
  LAYER
    NAME            "lufo2015"
    GROUP           "lufo"
    TILEINDEX       "/srv/mapserver/lufo/2015/imagery.shp"
    TILEITEM        "location"
    TYPE            RASTER
    PROJECTION
      "init=epsg:28992" 
    END

    METADATA
      "ows_title"           "lufo2015"
      "ows_group_title"     "lufo"
      "ows_abstract"        "Luchtfoto's van 2015 van het grondgebied van de gemeente Amsterdam"
    END
  END

  LAYER
    NAME            "lufo2014"
    GROUP           "lufo"
    TILEINDEX       "/srv/mapserver/lufo/2014/imagery.shp"
    TILEITEM        "location"
    TYPE            RASTER
    PROJECTION
      "init=epsg:28992"
    END

    METADATA
      "ows_title"           "lufo2014"
      "ows_group_title"     "lufo"
      "ows_abstract"        "Luchtfoto's van 2014 van het grondgebied van de gemeente Amsterdam"
    END
  END

  LAYER
    NAME            "lufo2013"
    GROUP           "lufo"
    TILEINDEX       "/srv/mapserver/lufo/2013/imagery.shp"
    TILEITEM        "location"
    TYPE            RASTER
    PROJECTION
      "init=epsg:28992"
    END

    METADATA
      "ows_title"           "lufo2013"
      "ows_group_title"     "lufo"
      "ows_abstract"        "Luchtfoto's van 2013 van het grondgebied van de gemeente Amsterdam"
    END
  END


#=============================================================================
END
