MAP
  NAME                      "milieuzonesenuitstootvrijezonesverkeer"
  INCLUDE                   "header.inc"
  WEB
    METADATA
      "team" "MOBI"
      "ows_title"           "Milieuzones en uitstootvrije zones verkeer"
      "ows_abstract"        "Milieuzones en uitstootvrije zones verkeer"
      "ows_onlineresource"  "MAP_URL_REPLACE/maps/milieuzonesenuitstootvrijezonesverkeer"
    END
  END

  #==============================================================================================

  LAYER
    NAME                    "milieuzone_personenauto"
    GROUP                   "milieuzones"
    INCLUDE                 "connection/dataservices.inc"
    DATA                    "geometry FROM public.milieuzones_2025_personenauto USING srid=28992 USING UNIQUE id"
    TYPE                    POLYGON
    TEMPLATE                "empty"
    PROJECTION
      "init=epsg:28992"
    END

    METADATA
      "ows_title"           "Milieuzone: personenauto's"
      "ows_abstract"        "Milieuzone: personenauto's"
      "wms_group_title"     "Milieuzones"
      "gml_featureid"       "id"
      "gml_geometries"      "geometry"
      "gml_geometry_type"   "multipolygon"
      "gml_include_items"   "all"
      "gml_types"           "auto"
      "wms_include_items"   "all"
    END

    CLASS
      NAME                  "milieuzone_personenauto"
      TITLE                 "Milieuzone: personenauto's"
      STYLE
        ANTIALIAS           true
        COLOR               "#4CBC84"
        OPACITY             20
      END
      STYLE
        OUTLINECOLOR        "#4CBC84"
        WIDTH               2
      END
    END
  END

  #==============================================================================================

  LAYER
    NAME                    "milieuzone_touringcar"
    GROUP                   "milieuzones"
    INCLUDE                 "connection/dataservices.inc"
    DATA                    "geometry FROM public.milieuzones_2025_touringcar USING srid=28992 USING UNIQUE id"
    TYPE                    POLYGON
    TEMPLATE                "empty"
    PROJECTION
      "init=epsg:28992"
    END

    METADATA
      "ows_title"           "Milieuzone: touringcars"
      "ows_abstract"        "Milieuzone: touringcars"
      "wms_group_title"     "Milieuzones"
      "gml_featureid"       "id"
      "gml_geometries"      "geometry"
      "gml_geometry_type"   "multipolygon"
      "gml_include_items"   "all"
      "gml_types"           "auto"
      "wms_include_items"   "all"
    END

    CLASS
      NAME                  "milieuzone_touringcar"
      TITLE                 "Milieuzone: touringcars"
      STYLE
        ANTIALIAS           true
        COLOR               "#4CC2E9"
        OPACITY             20
      END
      STYLE
        OUTLINECOLOR        "#4CC2E9"
        WIDTH               2
      END
    END
  END

  #==============================================================================================

  LAYER
    NAME                    "milieuzone_taxi"
    GROUP                   "milieuzones"
    INCLUDE                 "connection/dataservices.inc"
    DATA                    "geometry FROM public.milieuzones_2025_taxi USING srid=28992 USING UNIQUE id"
    TYPE                    POLYGON
    TEMPLATE                "empty"
    PROJECTION
      "init=epsg:28992"
    END

    METADATA
      "ows_title"           "Milieuzone: taxi's"
      "ows_abstract"        "Milieuzone: taxi's"
      "wms_group_title"     "Milieuzones"
      "gml_featureid"       "id"
      "gml_geometries"      "geometry"
      "gml_geometry_type"   "multipolygon"
      "gml_include_items"   "all"
      "gml_types"           "auto"
      "wms_include_items"   "all"
    END

    CLASS
      NAME                  "milieuzone_taxi"
      TITLE                 "Milieuzone: taxi's"
      STYLE
        ANTIALIAS           true
        COLOR               "#FFBC4C"
        OPACITY             20
      END
      STYLE
        OUTLINECOLOR        "#FFBC4C"
        WIDTH               2
      END
    END
  END

  #==============================================================================================

  LAYER
    NAME                    "milieuzone_vrachtenbestelauto"
    GROUP                   "milieuzones"
    INCLUDE                 "connection/dataservices.inc"
    DATA                    "geometry FROM public.milieuzones_2025_vracht_en_bestelauto USING srid=28992 USING UNIQUE id"
    TYPE                    POLYGON
    TEMPLATE                "empty"
    PROJECTION
      "init=epsg:28992"
    END

    METADATA
      "ows_title"           "Milieuzone: vracht- en bestelauto's"
      "ows_abstract"        "Milieuzone: vracht- en bestelauto's"
      "wms_group_title"     "Milieuzones"
      "gml_featureid"       "id"
      "gml_geometries"      "geometry"
      "gml_geometry_type"   "multipolygon"
      "gml_include_items"   "all"
      "gml_types"           "auto"
      "wms_include_items"   "all"
    END

    CLASS
      NAME                  "milieuzone_vrachtenbestelauto"
      TITLE                 "Milieuzone: vracht- en bestelauto's"
      STYLE
        ANTIALIAS           true
        COLOR               "#FF6262"
        OPACITY             20
      END
      STYLE
        OUTLINECOLOR        "#FF6262"
        WIDTH               2
      END
    END
  END

  #==============================================================================================

  LAYER
    NAME                    "uitstootvrijezone_bromensnorfietsen"
    GROUP                   "uitstootvrijezones"
    INCLUDE                 "connection/dataservices.inc"
    DATA                    "geometry FROM public.uitstootvrije_zones_brom_en_snorfiets USING srid=28992 USING UNIQUE id"
    TYPE                    POLYGON
    TEMPLATE                "empty"
    PROJECTION
      "init=epsg:28992"
    END

    METADATA
      "ows_title"           "Uitstootvrije Zone: brom- en snorfietsen"
      "ows_abstract"        "Uitstootvrije Zone: brom- en snorfietsen"
      "wms_group_title"     "Uitstootvrije Zones"
      "gml_featureid"       "id"
      "gml_geometries"      "geometry"
      "gml_geometry_type"   "multipolygon"
      "gml_include_items"   "all"
      "gml_types"           "auto"
      "wms_include_items"   "all"
    END

    CLASS
      NAME                  "uitstootvrijezone_bromensnorfietsen"
      TITLE                 "Uitstootvrije Zone: brom- en snorfietsen"
      STYLE
        ANTIALIAS           true
        COLOR               "#8C4EAB"
        OPACITY             20
      END
      STYLE
        OUTLINECOLOR        "#8C4EAB"
        WIDTH               2
      END
    END
  END

#==============================================================================================

  LAYER
    NAME                    "uitstootvrijezone_vrachtenbestelauto"
    GROUP                   "uitstootvrijezones"
    INCLUDE                 "connection/dataservices.inc"
    DATA                    "geometry FROM public.uitstootvrije_zones_vracht_en_bestelauto USING srid=28992 USING UNIQUE id"
    TYPE                    POLYGON
    TEMPLATE                "empty"
    PROJECTION
      "init=epsg:28992"
    END

    METADATA
      "ows_title"           "Uitstootvrije Zone: vracht- en bestelauto's"
      "ows_abstract"        "Uitstootvrije Zone: vracht- en bestelauto's"
      "wms_group_title"     "Uitstootvrije Zones"
      "gml_featureid"       "id"
      "gml_geometries"      "geometry"
      "gml_geometry_type"   "multipolygon"
      "gml_include_items"   "all"
      "gml_types"           "auto"
      "wms_include_items"   "all"
    END

    CLASS
      NAME                  "uitstootvrijezone_vrachtenbestelauto"
      TITLE                 "Uitstootvrije Zone: vracht- en bestelauto's"
      STYLE
        ANTIALIAS           true
        COLOR               "#008080"
        OPACITY             20
      END
      STYLE
        OUTLINECOLOR        "#008080"
        WIDTH               2
      END
    END
  END

END
