#==============================================================================
#
# panorama.map
# doel: serveren van Panorama gegevens
#
#==============================================================================
#
# naam                  datum         wijziging
# ------------------    ----------    -----------------------------------------
# S. Preeker            04-06-2016    schepping
#
#==============================================================================

MAP
  NAME "Panoramas"
  INCLUDE "header.inc"

  WEB
    METADATA
      "ows_title"           "Panoramas"
      "ows_abstract"        "Panorama opnamelocaties en trajecten"
    END
  END

  #=============================================================================
  # LAYERS
  #=============================================================================

  LAYER
    NAME            "panorama_opnamelocaties"
    GROUP           "panorama opnamelocaties"
    INCLUDE         "connection_panorama.inc"
    DATA            "geometrie FROM public.geo_panoramas_panoramafotopunt USING srid=4326 USING UNIQUE id"
    TYPE            POINT
    MINSCALEDENOM   100
    MAXSCALEDENOM   150001
    TEMPLATE        "fooOnlyForWMSGetFeatureInfo.html"

    PROJECTION
      "init=epsg:4326"
    END

    METADATA
      "ows_title"           "panorama_opnamelocaties"
      "ows_group_title"     "panorama opnames"
      "ows_abstract"        "panorama opnames"
      "gml_featureid"       "ID"
      "gml_include_items"   "all"
      "gml_types"           "auto"
    END

    CLASS
      NAME "openamelocatie"
      STYLE
	MINSCALEDENOM   100
	MAXSCALEDENOM   8001
        SYMBOL         'stip'
        SIZE           10
        COLOR          250 155 155
        OUTLINECOLOR   200 200 10
        WIDTH          2
      END

      STYLE
	MINSCALEDENOM   8002
	MAXSCALEDENOM   1808001
        SYMBOL         'stip'
        SIZE           2
        COLOR          250 155 155
        OUTLINECOLOR   200 200 10
        WIDTH          2
      END

    END


  END

  #-----------------------------------------------------------------------------

  LAYER
    NAME            "panorama_trajecten"
    GROUP           "panorama opnamelocaties"
    INCLUDE         "connection_panorama.inc"
    DATA            "geolocation FROM public.panoramas_traject USING srid=4326 USING UNIQUE id"
    TYPE            POINT
    MINSCALEDENOM   100
    MAXSCALEDENOM   50001
    TEMPLATE        "fooOnlyForWMSGetFeatureInfo.html"

    PROJECTION
      "init=epsg:4326"
    END

    METADATA
      "ows_title"           "panorama_trajecten"
      "ows_group_title"     "panorama trajecten"
      "ows_abstract"        "panorama trajecten"
      "gml_featureid"       "id"
      "gml_include_items"   "all"
      "gml_types"           "auto"
    END

    CLASS
      NAME "traject"
      STYLE
	MINSCALEDENOM   100
	MAXSCALEDENOM   8001
        SYMBOL         'stip'
        SIZE           10
        COLOR          200 255 255
        OUTLINECOLOR   200 200 10
        WIDTH          2
      END

      STYLE
	MINSCALEDENOM   8002
	MAXSCALEDENOM   1808001
        SYMBOL         'stip'
        SIZE           2
        COLOR          200 255 255
        OUTLINECOLOR   200 200 10
        WIDTH          2
      END

    END
  END

  #-----------------------------------------------------------------------------

  LAYER
    NAME            "panorama_recent"
    GROUP           "panorama opnamelocaties"
    INCLUDE         "connection_panorama.inc"
    DATA            "geometrie FROM public.geo_panoramas_recente_opnames_alle USING srid=4326 USING UNIQUE id"
    TYPE            POINT
    MINSCALEDENOM   100
    MAXSCALEDENOM   10001
    TEMPLATE        "fooOnlyForWMSGetFeatureInfo.html"

    PROJECTION
      "init=epsg:4326"
    END

    METADATA
      "ows_title"           "panorama_recent"
      "ows_group_title"     "recente panorama's"
      "ows_abstract"        "recente panorama's"
      "gml_featureid"       "id"
      "gml_include_items"   "all"
      "gml_types"           "auto"
    END


# Spec for future use:
#
#    CLASS
#      NAME "2020"
#      EXPRESSION ("[year]" eq "2020")
#      STYLE
#        MINSCALEDENOM   100
#        MAXSCALEDENOM   1001
#        SYMBOL         'stip'
#        SIZE           10
#        COLOR          160 0 120
#        OUTLINECOLOR   160 0 120
#        WIDTH          2
#      END
#      STYLE
#        MINSCALEDENOM   1002
#        MAXSCALEDENOM   4001
#        SYMBOL         'stip'
#        SIZE           6
#        COLOR          160 0 120
#        OUTLINECOLOR   160 0 120
#        WIDTH          2
#      END
#      STYLE
#        MINSCALEDENOM   4002
#        MAXSCALEDENOM   10001
#        SYMBOL         'stip'
#        SIZE           2
#        COLOR          160 0 120
#        OUTLINECOLOR   160 0 120
#        WIDTH          2
#      END
#    END
#
#    CLASS
#      NAME "2019"
#      EXPRESSION ("[year]" eq "2019")
#      STYLE
#        MINSCALEDENOM   100
#        MAXSCALEDENOM   1001
#        SYMBOL         'stip'
#        SIZE           10
#        COLOR          190 210 0
#        OUTLINECOLOR   190 210 0
#        WIDTH          2
#      END
#      STYLE
#        MINSCALEDENOM   1002
#        MAXSCALEDENOM   4001
#        SYMBOL         'stip'
#        SIZE           6
#        COLOR          190 210 0
#        OUTLINECOLOR   190 210 0
#        WIDTH          2
#      END
#      STYLE
#        MINSCALEDENOM   4002
#        MAXSCALEDENOM   10001
#        SYMBOL         'stip'
#        SIZE           2
#        COLOR          190 210 0
#        OUTLINECOLOR   190 210 0
#        WIDTH          2
#      END
#    END
#
#    CLASS
#      NAME "2018"
#      EXPRESSION ("[year]" eq "2018")
#      STYLE
#        MINSCALEDENOM   100
#        MAXSCALEDENOM   1001
#        SYMBOL         'stip'
#        SIZE           10
#        COLOR          0 160 60
#        OUTLINECOLOR   0 160 60
#        WIDTH          2
#      END
#      STYLE
#        MINSCALEDENOM   1002
#        MAXSCALEDENOM   4001
#        SYMBOL         'stip'
#        SIZE           6
#        COLOR          0 160 60
#        OUTLINECOLOR   0 160 60
#        WIDTH          2
#      END
#      STYLE
#        MINSCALEDENOM   4002
#        MAXSCALEDENOM   10001
#        SYMBOL         'stip'
#        SIZE           2
#        COLOR          0 160 60
#        OUTLINECOLOR   0 160 60
#        WIDTH          2
#      END
#    END

    CLASS
      NAME "2017"
      EXPRESSION ("[year]" eq "2017")
      STYLE
        MINSCALEDENOM   100
        MAXSCALEDENOM   1001
        SYMBOL         'stip'
        SIZE           10
        COLOR          60 201 255
        OUTLINECOLOR   60 201 255
        WIDTH          2
      END
      STYLE
        MINSCALEDENOM   1002
        MAXSCALEDENOM   4001
        SYMBOL         'stip'
        SIZE           6
        COLOR          60 201 255
        OUTLINECOLOR   60 201 255
        WIDTH          2
      END
      STYLE
        MINSCALEDENOM   4002
        MAXSCALEDENOM   10001
        SYMBOL         'stip'
        SIZE           2
        COLOR          60 201 255
        OUTLINECOLOR   60 201 255
        WIDTH          2
      END
    END

    CLASS
      NAME "2016"
      EXPRESSION ("[year]" eq "2016")
      STYLE
        MINSCALEDENOM   100
        MAXSCALEDENOM   1001
        SYMBOL         'stip'
        SIZE           10
        COLOR          0 61 133
        OUTLINECOLOR   0 61 133
        WIDTH          2
      END
      STYLE
        MINSCALEDENOM   1002
        MAXSCALEDENOM   4001
        SYMBOL         'stip'
        SIZE           6
        COLOR          0 61 133
        OUTLINECOLOR   0 61 133
        WIDTH          2
      END
      STYLE
        MINSCALEDENOM   4002
        MAXSCALEDENOM   10001
        SYMBOL         'stip'
        SIZE           2
        COLOR          0 61 133
        OUTLINECOLOR   0 61 133
        WIDTH          2
      END
    END

  END

  #-----------------------------------------------------------------------------

  LAYER
    NAME            "panorama_recent_2016"
    GROUP           "panorama opnamelocaties"
    INCLUDE         "connection_panorama.inc"
    DATA            "geometrie FROM public.geo_panoramas_recente_opnames_2016 USING srid=4326 USING UNIQUE id"
    TYPE            POINT
    MINSCALEDENOM   100
    MAXSCALEDENOM   10001
    TEMPLATE        "fooOnlyForWMSGetFeatureInfo.html"

    PROJECTION
      "init=epsg:4326"
    END

    METADATA
      "ows_title"           "panorama_recent_2016"
      "ows_group_title"     "recente panorama's uit 2016"
      "ows_abstract"        "recente panorama's uit 2016"
      "gml_featureid"       "id"
      "gml_include_items"   "all"
      "gml_types"           "auto"
    END

    CLASS
      NAME "2016"
      STYLE
        MINSCALEDENOM   100
        MAXSCALEDENOM   1001
        SYMBOL         'stip'
        SIZE           10
        COLOR          0 61 133
        OUTLINECOLOR   0 61 133
        WIDTH          2
      END

      STYLE
        MINSCALEDENOM   1002
        MAXSCALEDENOM   4001
        SYMBOL         'stip'
        SIZE           6
        COLOR          0 61 133
        OUTLINECOLOR   0 61 133
        WIDTH          2
      END

      STYLE
        MINSCALEDENOM   4002
        MAXSCALEDENOM   10001
        SYMBOL         'stip'
        SIZE           2
        COLOR          0 61 133
        OUTLINECOLOR   0 61 133
        WIDTH          2
      END
    END
  END

  #-----------------------------------------------------------------------------

  LAYER
    NAME            "panorama_recent_2017"
    GROUP           "panorama opnamelocaties"
    INCLUDE         "connection_panorama.inc"
    DATA            "geometrie FROM public.geo_panoramas_recente_opnames_2017 USING srid=4326 USING UNIQUE id"
    TYPE            POINT
    MINSCALEDENOM   100
    MAXSCALEDENOM   10001
    TEMPLATE        "fooOnlyForWMSGetFeatureInfo.html"

    PROJECTION
      "init=epsg:4326"
    END

    METADATA
      "ows_title"           "panorama_recent_2017"
      "ows_group_title"     "recente panorama's uit 2017"
      "ows_abstract"        "recente panorama's uit 2017"
      "gml_featureid"       "id"
      "gml_include_items"   "all"
      "gml_types"           "auto"
    END

    CLASS
      NAME "2017"
      STYLE
        MINSCALEDENOM   100
        MAXSCALEDENOM   1001
        SYMBOL         'stip'
        SIZE           10
        COLOR          60 201 255
        OUTLINECOLOR   30 100 126
        WIDTH          2
      END

      STYLE
        MINSCALEDENOM   1002
        MAXSCALEDENOM   4001
        SYMBOL         'stip'
        SIZE           6
        COLOR          60 201 255
        OUTLINECOLOR   30 100 126
        WIDTH          2
      END

      STYLE
        MINSCALEDENOM   4002
        MAXSCALEDENOM   10001
        SYMBOL         'stip'
        SIZE           2
        COLOR          60 201 255
        OUTLINECOLOR   30 100 126
        WIDTH          2
      END

    END

  END

  #-----------------------------------------------------------------------------

END
