MAP
    NAME "reclamebelasting"
    LAYER
        NAME "reclamebelasting"
        TYPE POLYGON
        DATA "wkb_geometry from reclamebelasting USING srid=28992 USING UNIQUE ogc_fid"
         
        VALIDATION
          'default_tarief' '1'
          'tarief'     '^[A-C]{1}$'
        END

        FILTER ("[tarief]" = 'Tariefgebied %tarief%')

        CLASS
            NAME "Tariefgebied A"
            EXPRESSION ('[tarief]' ~* 'A$')
            STYLE
                COLOR 236 0 0
                OPACITY 50
                ANTIALIAS TRUE
            END
            STYLE
                OUTLINECOLOR 236 0 0
                OPACITY 100
                WIDTH 1
            END
            LABEL
                COLOR          0 0 0
                OUTLINECOLOR   255 255 255
                OUTLINEWIDTH   3
                FONT           "Ubuntu-MI"
                TYPE           truetype
                SIZE           11
                POSITION       AUTO
                PARTIALS       FALSE
                OFFSET         -4 -5
                ANTIALIAS      true
                ALIGN          center
                TEXT           "Tariefgebied A"
            END
        END
        CLASS
            NAME "Tariefgebied B"
            EXPRESSION ('[tarief]' ~* 'B$')
            STYLE
                COLOR 255 145 0
                OPACITY 50
                ANTIALIAS TRUE
            END
            STYLE
                OUTLINECOLOR 255 145 0
                OPACITY 100
                WIDTH 1
            END
            LABEL
                COLOR          0 0 0
                OUTLINECOLOR   255 255 255
                OUTLINEWIDTH   3
                FONT           "Ubuntu-MI"
                TYPE           truetype
                SIZE           11
                POSITION       AUTO
                PARTIALS       FALSE
                OFFSET         -4 -5
                ANTIALIAS      true
                ALIGN          center
                TEXT           "Tariefgebied B"
            END
        END
        CLASS
            NAME "Tariefgebied C"
            EXPRESSION ('[tarief]' ~* 'C$')
            STYLE
                COLOR 255 230 0
                OPACITY 30
                ANTIALIAS TRUE
            END
            STYLE
                OUTLINECOLOR 255 230 0
                OPACITY 100
                WIDTH 1
            END
            LABEL
                COLOR          0 0 0
                OUTLINECOLOR   255 255 255
                OUTLINEWIDTH   3
                FONT           "Ubuntu-MI"
                TYPE           truetype
                SIZE           11
                POSITION       AUTO
                PARTIALS       FALSE
                OFFSET         -4 -5
                ANTIALIAS      true
                ALIGN          center
                TEXT           "Tariefgebied C"
            END
        END
        INCLUDE "connection_various_small_datasets.inc"
        METADATA
            "ows_title" "Reclame belastingtarieven"
            "ows_group_title" "reclamebelasting"
            "ows_abstract" "Reclame belastingtarieven"
            "ows_enable_request" "*"
            "wms_extent" "100000 450000 150000 500000"
        END
    END
    INCLUDE "header.inc"
    WEB
        METADATA
            "ows_abstract" "Reclame"
            "ows_title" "reclamebelasting"
        END
    END
END
