#==============================================================================
#
# sport.map
# omschrijving: sportfaciliteiten en aanbieders
# datasets:
# (1) zwembaden
# (2) hardlooproutes
# (3) aanbieders
# (4) openbare sportplekken
# (5) sportparken
# (6) sporthallen
# (7) sportvelden
# (8) gym- en sportzalen
#==============================================================================

MAP
  NAME                      "sport"
  INCLUDE                   "header.inc"
  DEBUG 1

  WEB
    METADATA
      "ows_title"           "sport"
      "ows_abstract"        "sport"
      "wms_extent"          "100000 450000 150000 500000"
    END
  END

  LEGEND
       STATUS ON
       KEYSIZE 17 17
  END


   #-----------------------------------------------------------------------------
  
    LAYER
    NAME            "zwembaden"
    GROUP           "sport"
    INCLUDE         "connection_dataservices.inc"
    DATA            "geometry FROM public.sport_zwembad USING srid=28992 USING UNIQUE id"
    TYPE            POINT
    MINSCALEDENOM   100
    MAXSCALEDENOM   400000
    TEMPLATE        "fooOnlyForWMSGetFeatureInfo.html"
    PROJECTION
    "init=epsg:28992"
    END

    METADATA
      "ows_title"           "zwembaden"
      "ows_group_title"     "zwembaden"
      "ows_abstract"        "zwembaden"
      "gml_featureid"       "id"
      "gml_include_items"   "all"
    END

    CLASS
            NAME          "zwembaden"
            STYLE
                SYMBOL         'cirkel_lichtblauw'
                SIZE           16
            END
           
        END
    END

#-----------------------------------------------------------------------------
  
    LAYER
    NAME            "hardlooproutes"
    GROUP           "sport"
    INCLUDE         "connection_dataservices.inc"
    DATA            "geometry FROM public.sport_hardlooproute USING srid=28992 USING UNIQUE id"
    TYPE            LINE
    MINSCALEDENOM   100
    MAXSCALEDENOM   400000
    TEMPLATE        "fooOnlyForWMSGetFeatureInfo.html"
    PROJECTION
    "init=epsg:28992"
    END

    METADATA
      "ows_title"           "hardlooproutes"
      "ows_group_title"     "hardlooproutes"
      "ows_abstract"        "hardlooproutes"
      "gml_featureid"       "id"
      "gml_include_items"   "all"
    END

    CLASS
        NAME       "hardlooproutes"
        STYLE
                    ANTIALIAS    true
                    COLOR        255 3 3              
                    OPACITY      100
        END
        STYLE
                    OUTLINECOLOR 255 3 3
                    WIDTH        2
        END       
    END

END

#-----------------------------------------------------------------------------
  
    LAYER
    NAME            "openbaresportplekken"
    GROUP           "sport"
    INCLUDE         "connection_dataservices.inc"
    DATA            "geometry FROM public.sport_openbaresportplek USING srid=28992 USING UNIQUE id"
    TYPE            POINT
    MINSCALEDENOM   100
    MAXSCALEDENOM   400000
    TEMPLATE        "fooOnlyForWMSGetFeatureInfo.html"
    PROJECTION
    "init=epsg:28992"
    END

    METADATA
      "ows_title"           "openbaresportplekken"
      "ows_group_title"     "openbaresportplekken"
      "ows_abstract"        "openbaresportplekken"
      "gml_featureid"       "id"
      "gml_include_items"   "all"
    END

    CLASS
            NAME          "openbaresportplekken"
            STYLE
                SYMBOL         'cirkel_oranje'
                SIZE           16
            END
           
        END
    END

#-----------------------------------------------------------------------------
  
    LAYER
    NAME            "sportaanbieders"
    GROUP           "sport"
    INCLUDE         "connection_dataservices.inc"
    DATA            "geometry FROM public.sport_sportaanbieder USING srid=28992 USING UNIQUE id"
    TYPE            POINT
    MINSCALEDENOM   100
    MAXSCALEDENOM   400000
    TEMPLATE        "fooOnlyForWMSGetFeatureInfo.html"
    PROJECTION
    "init=epsg:28992"
    END

    METADATA
      "ows_title"           "sportaanbieders"
      "ows_group_title"     "sportaanbieders"
      "ows_abstract"        "sportaanbieders"
      "gml_featureid"       "id"
      "gml_include_items"   "all"
    END

    CLASS
            NAME          "sportaanbieders"
            STYLE
                SYMBOL         'cirkel_geel'
                SIZE           16
            END
           
        END
    END

#-----------------------------------------------------------------------------
  
    LAYER
    NAME            "sportparken"
    GROUP           "sport"
    INCLUDE         "connection_dataservices.inc"
    DATA            "geometry FROM public.sport_sportpark USING srid=28992 USING UNIQUE id"
    TYPE            POLYGON
    MINSCALEDENOM   100
    MAXSCALEDENOM   400000
    TEMPLATE        "fooOnlyForWMSGetFeatureInfo.html"
    PROJECTION
    "init=epsg:28992"
    END

    METADATA
      "ows_title"           "sportparken"
      "ows_group_title"     "sportparken"
      "ows_abstract"        "sportparken"
      "gml_featureid"       "id"
      "gml_include_items"   "all"
    END

    CLASS
        NAME       "sportparken"
        STYLE
                    ANTIALIAS    true
                    COLOR        0 102 0              
                    OPACITY      20
        END
        STYLE
                    OUTLINECOLOR 0 102 0
                    WIDTH        2
        END       
    END

END


#-----------------------------------------------------------------------------
  
    LAYER
    NAME            "sportvelden"
    GROUP           "sport"
    INCLUDE         "connection_dataservices.inc"
    DATA            "geometry FROM public.sport_sportveld USING srid=28992 USING UNIQUE id"
    TYPE            POLYGON
    MINSCALEDENOM   100
    MAXSCALEDENOM   400000
    TEMPLATE        "fooOnlyForWMSGetFeatureInfo.html"
    PROJECTION
    "init=epsg:28992"
    END

    METADATA
      "ows_title"           "sportvelden"
      "ows_group_title"     "sportvelden"
      "ows_abstract"        "sportvelden"
      "gml_featureid"       "id"
      "gml_include_items"   "all"
    END

    CLASS
        NAME       "sportvelden"
        STYLE
                    ANTIALIAS    true
                    COLOR        255 0 255              
                    OPACITY      20
        END
        STYLE
                    OUTLINECOLOR 255 0 255
                    WIDTH        2
        END       
    END

END


#-----------------------------------------------------------------------------
  
    LAYER
    NAME            "sporthallen"
    GROUP           "sport"
    INCLUDE         "connection_dataservices.inc"
    DATA            "geometry FROM public.sport_sporthal USING srid=28992 USING UNIQUE id"
    TYPE            POINT
    MINSCALEDENOM   100
    MAXSCALEDENOM   400000
    TEMPLATE        "fooOnlyForWMSGetFeatureInfo.html"
    PROJECTION
    "init=epsg:28992"
    END

    METADATA
      "ows_title"           "sporthallen"
      "ows_group_title"     "sporthallen"
      "ows_abstract"        "sporthallen"
      "gml_featureid"       "id"
      "gml_include_items"   "all"
    END

    CLASS
            NAME          "sporthallen"
            STYLE
                SYMBOL         'cirkel_paars'
                SIZE           16
            END
           
        END
    END


#---------------------------------------------------------------------------------

END # map
