#==============================================================================
#
# kaartteksten.map
# doel: serveren van kaartteksten ten behoeve van de basiskaart

#==============================================================================

MAP
  NAME                      "kaartteksten"
  INCLUDE                   "header.inc"

  WEB
    METADATA
      "wms_title"           "kaartteksten"
      "wms_abstract"        "Kaartteksten op de referentiekaart"
      "ows_onlineresource"  "http://localhost:8383/tiled/kaartteksten"
    END
  END

  IMAGECOLOR                "#fefafa"


# kbk50: 80000-20000
  # kbk50_lbl_plaats
  # kbk50_lbl_stadsdeel
  # kbk50_lbl_water
# kbk25: 20000-5000
  # kbk25_lbl_gebied
  # kbk25_lbl_gemeente
  # kbk25_lbl_kunstwerk
  # kbk25_lbl_park
  # kbk25_lbl_plaats
  # kbk25_lbl_polder
  # kbk25_lbl_provincie
  # kbk25_lbl_stadsdeel
  # kbk25_lbl_water
  # kbk25_lbl_weg
# kbk10: 5000-2500
  # kbk10_lbl_gemeente
  # kbk10_lbl_kunstwerk
  # kbk10_lbl_park
  # kbk10_lbl_plaats
  # kbk10_lbl_polder
  # kbk10_lbl_provincie
  # kbk10_lbl_stadsdeel
  # kbk10_lbl_water
  # kbk10_lbl_weg
  # kbk10_lbl_wijk
# bgt:   2500-0



  #=============================================================================
  # LAYER KBK50 LABEL
  #=============================================================================

  LAYER
    NAME            "kbk50_lbl_plaats"
    GROUP           "kbk50_label"
    INCLUDE         "connection/dataservices.inc"
    DATA            "geometrie FROM (SELECT identificatie, type, geometrie_vlak AS geometrie FROM brt_50_pluslabels) AS sub USING srid=28992 using unique identificatie"
    FILTER          ("[type]" eq "plaats")
    TYPE            POLYGON
    MINSCALEDENOM   40000
    MAXSCALEDENOM   80000
    PROJECTION
    "init=epsg:28992"
    END

    METADATA
      "wms_title"           "kbk50_lbl_plaats"
      "wms_group_title"     "kbk50_label"
      "wms_abstract"        "KBK50 labels van plaatsen"
    END

    CLASS
      STYLE
        ANTIALIAS      true
        COLOR          "#787878"
        OUTLINECOLOR   "#787878"
        WIDTH          0.5
      END
    END

  END

  #-----------------------------------------------------------------------------

  LAYER
    NAME            "kbk50_lbl_stadsdeel"
    GROUP           "kbk50_label"
    INCLUDE         "connection/dataservices.inc"
    DATA            "geometrie FROM (SELECT identificatie, type, geometrie_vlak AS geometrie FROM brt_50_pluslabels) AS sub USING srid=28992 using unique identificatie"
    FILTER          ("[type]" eq "stadsdeel")
    TYPE            POLYGON
    MINSCALEDENOM   20000
    MAXSCALEDENOM   40000
    PROJECTION
    "init=epsg:28992"
    END

    METADATA
      "wms_title"           "kbk50_lbl_stadsdeel"
      "wms_group_title"     "kbk50_label"
      "wms_abstract"        "KBK50 labels van stadsdelen"
    END

    CLASS
      STYLE
        ANTIALIAS      true
        COLOR          "#787878"
        OUTLINECOLOR   "#787878"
        WIDTH          0.5
      END
    END

  END

  #-----------------------------------------------------------------------------

  LAYER
    NAME            "kbk50_lbl_water"
    GROUP           "kbk50_label"
    INCLUDE         "connection/dataservices.inc"
    DATA            "geometrie FROM (SELECT identificatie, type, geometrie_vlak AS geometrie FROM brt_50_pluslabels) AS sub USING srid=28992 using unique identificatie"
    FILTER          ("[type]" eq "water")
    TYPE            POLYGON
    MINSCALEDENOM   20000
    MAXSCALEDENOM   40000
    PROJECTION
    "init=epsg:28992"
    END

    METADATA
      "wms_title"           "kbk50_lbl_water"
      "wms_group_title"     "kbk50_label"
      "wms_abstract"        "KBK50 labels van wateren"
    END

    CLASS
      STYLE
        ANTIALIAS      true
        COLOR          "#787878"
        OUTLINECOLOR   "#787878"
        WIDTH          0.5
      END
    END

  END

  #=============================================================================
  # LAYER KBK25 LABEL
  #=============================================================================

  LAYER
    NAME            "kbk25_lbl_gebied"
    GROUP           "kbk25_label"
    INCLUDE         "connection/dataservices.inc"
    DATA            "geometrie FROM (SELECT identificatie, type, geometrie_vlak AS geometrie FROM brt_25_pluslabels) AS sub USING srid=28992 using unique identificatie"
    FILTER          ("[type]" eq "gebied")
    TYPE            POLYGON
    MINSCALEDENOM   10000
    MAXSCALEDENOM   20000
    PROJECTION
    "init=epsg:28992"
    END

    METADATA
      "wms_title"           "kbk25_lbl_gebied"
      "wms_group_title"     "kbk25_label"
      "wms_abstract"        "KBK25 labels van gebieden"
    END

    CLASS
      STYLE
        ANTIALIAS      true
        COLOR          "#787878"
        OUTLINECOLOR   "#787878"
        WIDTH          0.5
      END
    END

  END

  #-----------------------------------------------------------------------------

  LAYER
    NAME            "kbk25_lbl_gemeente"
    GROUP           "kbk25_label"
    INCLUDE         "connection/dataservices.inc"
    DATA            "geometrie FROM (SELECT identificatie, type, geometrie_vlak AS geometrie FROM brt_25_pluslabels) AS sub USING srid=28992 using unique identificatie"
    FILTER          ("[type]" eq "gemeente")
    TYPE            POLYGON
    MINSCALEDENOM   10000
    MAXSCALEDENOM   40000
    PROJECTION
    "init=epsg:28992"
    END

    METADATA
      "wms_title"           "kbk25_lbl_gemeente"
      "wms_group_title"     "kbk25_label"
      "wms_abstract"        "KBK25 labels van gemeenten"
    END

    CLASS
      STYLE
        ANTIALIAS      true
        COLOR          "#787878"
        OUTLINECOLOR   "#787878"
        WIDTH          0.5
      END
    END

  END

  #-----------------------------------------------------------------------------

  LAYER
    NAME            "kbk25_lbl_kunstwerk"
    GROUP           "kbk25_label"
    INCLUDE         "connection/dataservices.inc"
    DATA            "geometrie FROM (SELECT identificatie, type, geometrie_vlak AS geometrie FROM brt_25_pluslabels) AS sub USING srid=28992 using unique identificatie"
    FILTER          ("[type]" eq "kunstwerk")
    TYPE            POLYGON
    MINSCALEDENOM   5000
    MAXSCALEDENOM   10000
    PROJECTION
    "init=epsg:28992"
    END

    METADATA
      "wms_title"           "kbk25_lbl_kunstwerk"
      "wms_group_title"     "kbk25_label"
      "wms_abstract"        "KBK25 labels van kunstwerken"
    END

    CLASS
      STYLE
        ANTIALIAS      true
        COLOR          "#787878"
        OUTLINECOLOR   "#787878"
        WIDTH          0.5
      END
    END

  END

  #-----------------------------------------------------------------------------

  LAYER
    NAME            "kbk25_lbl_park"
    GROUP           "kbk25_label"
    INCLUDE         "connection/dataservices.inc"
    DATA            "geometrie FROM (SELECT identificatie, type, geometrie_vlak AS geometrie FROM brt_25_pluslabels) AS sub USING srid=28992 using unique identificatie"
    FILTER          ("[type]" eq "park")
    TYPE            POLYGON
    MINSCALEDENOM   5000
    MAXSCALEDENOM   20000
    PROJECTION
    "init=epsg:28992"
    END

    METADATA
      "wms_title"           "kbk25_lbl_park"
      "wms_group_title"     "kbk25_label"
      "wms_abstract"        "KBK25 labels van parken"
    END

    CLASS
      STYLE
        ANTIALIAS      true
        COLOR          "#787878"
        OUTLINECOLOR   "#787878"
        WIDTH          0.5
      END
    END

  END

  #-----------------------------------------------------------------------------

  LAYER
    NAME            "kbk25_lbl_plaats"
    GROUP           "kbk25_label"
    INCLUDE         "connection/dataservices.inc"
    DATA            "geometrie FROM (SELECT identificatie, type, geometrie_vlak AS geometrie FROM brt_25_pluslabels) AS sub USING srid=28992 using unique identificatie"
    FILTER          ("[type]" eq "plaats")
    TYPE            POLYGON
    MINSCALEDENOM   10000
    MAXSCALEDENOM   40000
    PROJECTION
    "init=epsg:28992"
    END

    METADATA
      "wms_title"           "kbk25_lbl_plaats"
      "wms_group_title"     "kbk25_label"
      "wms_abstract"        "KBK25 labels van plaatsen"
    END

    CLASS
      STYLE
        ANTIALIAS      true
        COLOR          "#787878"
      END
    END

  END

  #-----------------------------------------------------------------------------

  LAYER
    NAME            "kbk25_lbl_polder"
    GROUP           "kbk25_label"
    INCLUDE         "connection/dataservices.inc"
    DATA            "geometrie FROM (SELECT identificatie, type, geometrie_vlak AS geometrie FROM brt_25_pluslabels) AS sub USING srid=28992 using unique identificatie"
    FILTER          ("[type]" eq "polder")
    TYPE            POLYGON
    MINSCALEDENOM   20000
    MAXSCALEDENOM   40000
    PROJECTION
    "init=epsg:28992"
    END

    METADATA
      "wms_title"           "kbk25_lbl_polder"
      "wms_group_title"     "kbk25_label"
      "wms_abstract"        "KBK25 labels van polders"
    END

    CLASS
      STYLE
        ANTIALIAS      true
        COLOR          "#787878"
        OUTLINECOLOR   "#787878"
        WIDTH          0.5
      END
    END

  END

  #-----------------------------------------------------------------------------

  LAYER
    NAME            "kbk25_lbl_provincie"
    GROUP           "kbk25_label"
    INCLUDE         "connection/dataservices.inc"
    DATA            "geometrie FROM (SELECT identificatie, type, geometrie_vlak AS geometrie FROM brt_25_pluslabels) AS sub USING srid=28992 using unique identificatie"
    FILTER          ("[type]" eq "provincie")
    TYPE            POLYGON
    MINSCALEDENOM   5000
    MAXSCALEDENOM   10000
    PROJECTION
    "init=epsg:28992"
    END

    METADATA
      "wms_title"           "kbk25_lbl_provincie"
      "wms_group_title"     "kbk25_label"
      "wms_abstract"        "KBK25 labels van provincies"
    END

    CLASS
      STYLE
        ANTIALIAS      true
        COLOR          "#787878"
        OUTLINECOLOR   "#787878"
        WIDTH          0.5
      END
    END

  END

  #-----------------------------------------------------------------------------

  LAYER
    NAME            "kbk25_lbl_stadsdeel"
    GROUP           "kbk25_label"
    INCLUDE         "connection/dataservices.inc"
    DATA            "geometrie FROM (SELECT identificatie, type, geometrie_vlak AS geometrie FROM brt_25_pluslabels) AS sub USING srid=28992 using unique identificatie"
    FILTER          ("[type]" eq "stadsdeel")
    TYPE            POLYGON
    MINSCALEDENOM   10000
    MAXSCALEDENOM   20000
    PROJECTION
    "init=epsg:28992"
    END

    METADATA
      "wms_title"           "kbk25_lbl_stadsdeel"
      "wms_group_title"     "kbk25_label"
      "wms_abstract"        "KBK25 labels van stadsdelen"
    END

    CLASS
      STYLE
        ANTIALIAS      true
        COLOR          "#787878"
        OUTLINECOLOR   "#787878"
        WIDTH          0.5
      END
    END

  END

  #-----------------------------------------------------------------------------

  LAYER
    NAME            "kbk25_lbl_water"
    GROUP           "kbk25_label"
    INCLUDE         "connection/dataservices.inc"
    DATA            "geometrie FROM (SELECT identificatie, type, geometrie_vlak AS geometrie FROM brt_25_pluslabels) AS sub USING srid=28992 using unique identificatie"
    FILTER          ("[type]" eq "water")
    TYPE            POLYGON
    MINSCALEDENOM   5000
    MAXSCALEDENOM   20000
    PROJECTION
    "init=epsg:28992"
    END

    METADATA
      "wms_title"           "kbk25_lbl_water"
      "wms_group_title"     "kbk25_label"
      "wms_abstract"        "KBK25 labels van wateren"
    END

    CLASS
      STYLE
        ANTIALIAS      true
        COLOR          "#787878"
        OUTLINECOLOR   "#787878"
        WIDTH          0.5
      END
    END

  END

  #-----------------------------------------------------------------------------

  LAYER
    NAME            "kbk25_lbl_weg"
    GROUP           "kbk25_label"
    INCLUDE         "connection/dataservices.inc"
    DATA            "geometrie FROM (SELECT identificatie, type, geometrie_vlak AS geometrie FROM brt_25_pluslabels) AS sub USING srid=28992 using unique identificatie"
    FILTER          ("[type]" eq "weg")
    TYPE            POLYGON
    MINSCALEDENOM   5000
    MAXSCALEDENOM   20000
    PROJECTION
    "init=epsg:28992"
    END

    METADATA
      "wms_title"           "kbk25_lbl_weg"
      "wms_group_title"     "kbk25_label"
      "wms_abstract"        "KBK25 labels van wegen"
    END

    CLASS
      STYLE
        ANTIALIAS      true
        COLOR          "#787878"
        OUTLINECOLOR   "#787878"
        WIDTH          0.5
      END
    END

  END



  #=============================================================================
  # LAYER KBK10 LABEL
  #=============================================================================

  LAYER
    NAME            "kbk10_lbl_gemeente"
    GROUP           "kbk10_label"
    INCLUDE         "connection/dataservices.inc"
    DATA            "geometrie FROM (SELECT identificatie, type, geometrie_vlak AS geometrie FROM brt_10_pluslabels) AS sub USING srid=28992 using unique identificatie"
    FILTER          ("[type]" eq "gemeente")
    TYPE            POLYGON
    MINSCALEDENOM   5000
    MAXSCALEDENOM   10000
    PROJECTION
    "init=epsg:28992"
    END

    METADATA
      "wms_title"           "kbk10_lbl_gemeente"
      "wms_group_title"     "kbk10_label"
      "wms_abstract"        "KBK10 labels van gemeenten"
    END

    CLASS
      STYLE
        ANTIALIAS      true
        COLOR          "#787878"
        OUTLINECOLOR   "#787878"
        WIDTH          0.5
      END
    END

  END

  #-----------------------------------------------------------------------------

  LAYER
    NAME            "kbk10_lbl_kunstwerk"
    GROUP           "kbk10_label"
    INCLUDE         "connection/dataservices.inc"
    DATA            "geometrie FROM (SELECT identificatie, type, geometrie_vlak AS geometrie FROM brt_10_pluslabels) AS sub USING srid=28992 using unique identificatie"
    FILTER          ("[type]" eq "kunstwerk")
    TYPE            POLYGON
    MINSCALEDENOM   2500
    MAXSCALEDENOM   5000
    PROJECTION
    "init=epsg:28992"
    END

    METADATA
      "wms_title"           "kbk10_lbl_kunstwerk"
      "wms_group_title"     "kbk10_label"
      "wms_abstract"        "KBK10 labels van kunstwerken"
    END

    CLASS
      STYLE
        ANTIALIAS      true
        COLOR          "#787878"
        OUTLINECOLOR   "#787878"
        WIDTH          0.5
      END
    END

  END

  #-----------------------------------------------------------------------------

  LAYER
    NAME            "kbk10_lbl_plaats"
    GROUP           "kbk10_label"
    INCLUDE         "connection/dataservices.inc"
    DATA            "geometrie FROM (SELECT identificatie, type, geometrie_vlak AS geometrie FROM brt_10_pluslabels) AS sub USING srid=28992 using unique identificatie"
    FILTER          ("[type]" eq "plaats")
    TYPE            POLYGON
    MINSCALEDENOM   5000
    MAXSCALEDENOM   10000
    PROJECTION
    "init=epsg:28992"
    END

    METADATA
      "wms_title"           "kbk10_lbl_plaats"
      "wms_group_title"     "kbk10_label"
      "wms_abstract"        "KBK10 labels van plaatsen"
    END

    CLASS
      STYLE
        ANTIALIAS      true
        COLOR          "#787878"
        OUTLINECOLOR   "#787878"
        WIDTH          0.5
      END
    END

  END

  #-----------------------------------------------------------------------------

  LAYER
    NAME            "kbk10_lbl_park"
    GROUP           "kbk10_label"
    INCLUDE         "connection/dataservices.inc"
    DATA            "geometrie FROM (SELECT identificatie, type, geometrie_vlak AS geometrie FROM brt_10_pluslabels) AS sub USING srid=28992 using unique identificatie"
    FILTER          ("[type]" eq "park")
    TYPE            POLYGON
    MINSCALEDENOM   2500
    MAXSCALEDENOM   5000
    PROJECTION
    "init=epsg:28992"
    END

    METADATA
      "wms_title"           "kbk10_lbl_park"
      "wms_group_title"     "kbk10_label"
      "wms_abstract"        "KBK10 labels van parken"
    END

    CLASS
      STYLE
        ANTIALIAS      true
        COLOR          "#787878"
        OUTLINECOLOR   "#787878"
        WIDTH          0.5
      END
    END

  END

  #-----------------------------------------------------------------------------

  LAYER
    NAME            "kbk10_lbl_polder"
    GROUP           "kbk10_label"
    INCLUDE         "connection/dataservices.inc"
    DATA            "geometrie FROM (SELECT identificatie, type, geometrie_vlak AS geometrie FROM brt_10_pluslabels) AS sub USING srid=28992 using unique identificatie"
    FILTER          ("[type]" eq "polder")
    TYPE            POLYGON
    MINSCALEDENOM   5000
    MAXSCALEDENOM   20000
    PROJECTION
    "init=epsg:28992"
    END

    METADATA
      "wms_title"           "kbk10_lbl_polder"
      "wms_group_title"     "kbk10_label"
      "wms_abstract"        "KBK10 labels van polder"
    END

    CLASS
      STYLE
        ANTIALIAS      true
        COLOR          "#787878"
        OUTLINECOLOR   "#787878"
        WIDTH          0.5
      END
    END

  END

  #-----------------------------------------------------------------------------

  LAYER
    NAME            "kbk10_lbl_provincie"
    GROUP           "kbk10_label"
    INCLUDE         "connection/dataservices.inc"
    DATA            "geometrie FROM (SELECT identificatie, type, geometrie_vlak AS geometrie FROM brt_10_pluslabels) AS sub USING srid=28992 using unique identificatie"
    FILTER          ("[type]" eq "provincie")
    TYPE            POLYGON
    MINSCALEDENOM   2500
    MAXSCALEDENOM   5000
    PROJECTION
    "init=epsg:28992"
    END

    METADATA
      "wms_title"           "kbk10_lbl_provincie"
      "wms_group_title"     "kbk10_label"
      "wms_abstract"        "KBK10 labels van provincies"
    END

    CLASS
      STYLE
        ANTIALIAS      true
        COLOR          "#787878"
        OUTLINECOLOR   "#787878"
        WIDTH          0.5
      END
    END

  END

  #-----------------------------------------------------------------------------

  LAYER
    NAME            "kbk10_lbl_stadsdeel"
    GROUP           "kbk10_label"
    INCLUDE         "connection/dataservices.inc"
    DATA            "geometrie FROM (SELECT identificatie, type, geometrie_vlak AS geometrie FROM brt_10_pluslabels) AS sub USING srid=28992 using unique identificatie"
    FILTER          ("[type]" eq "stadsdeel")
    TYPE            POLYGON
    MINSCALEDENOM   2500
    MAXSCALEDENOM   10000
    PROJECTION
    "init=epsg:28992"
    END

    METADATA
      "wms_title"           "kbk10_lbl_stadsdeel"
      "wms_group_title"     "kbk10_label"
      "wms_abstract"        "KBK10 labels van stadsdelen"
    END

    CLASS
      STYLE
        ANTIALIAS      true
        COLOR          "#787878"
      END
    END

  END

  #-----------------------------------------------------------------------------

  LAYER
    NAME            "kbk10_lbl_water"
    GROUP           "kbk10_label"
    INCLUDE         "connection/dataservices.inc"
    DATA            "geometrie FROM (SELECT identificatie, type, geometrie_vlak AS geometrie FROM brt_10_pluslabels) AS sub USING srid=28992 using unique identificatie"
    FILTER          ("[type]" eq "water")
    TYPE            POLYGON
    MINSCALEDENOM   2500
    MAXSCALEDENOM   5000
    PROJECTION
    "init=epsg:28992"
    END

    METADATA
      "wms_title"           "kbk10_lbl_water"
      "wms_group_title"     "kbk10_label"
      "wms_abstract"        "KBK10 labels van wateren"
    END

    CLASS
      STYLE
        ANTIALIAS      true
        COLOR          "#787878"
        OUTLINECOLOR   "#787878"
        WIDTH          0.5
      END
    END

  END

  #-----------------------------------------------------------------------------

  LAYER
    NAME            "kbk10_lbl_weg"
    GROUP           "kbk10_label"
    INCLUDE         "connection/dataservices.inc"
    DATA            "geometrie FROM (SELECT identificatie, type, geometrie_vlak AS geometrie FROM brt_10_pluslabels) AS sub USING srid=28992 using unique identificatie"
    FILTER          ("[type]" eq "weg")
    TYPE            POLYGON
    MINSCALEDENOM   2500
    MAXSCALEDENOM   5000
    PROJECTION
    "init=epsg:28992"
    END

    METADATA
      "wms_title"           "kbk10_lbl_weg"
      "wms_group_title"     "kbk10_label"
      "wms_abstract"        "KBK10 labels van wegen"
    END

    CLASS
      STYLE
        ANTIALIAS      true
        COLOR          "#787878"
        OUTLINECOLOR   "#787878"
        WIDTH          0.5
      END
    END

  END

  #-----------------------------------------------------------------------------

  LAYER
    NAME            "kbk10_lbl_wijk"
    GROUP           "kbk10_label"
    INCLUDE         "connection/dataservices.inc"
    DATA            "geometrie FROM (SELECT identificatie, type, geometrie_vlak AS geometrie FROM brt_10_pluslabels) AS sub USING srid=28992 using unique identificatie"
    FILTER          ("[type]" eq "wijk")
    TYPE            POLYGON
    MINSCALEDENOM   5000
    MAXSCALEDENOM   10000
    PROJECTION
    "init=epsg:28992"
    END

    METADATA
      "wms_title"           "kbk10_lbl_wijk"
      "wms_group_title"     "kbk10_label"
      "wms_abstract"        "KBK10 labels van wijken"
    END

    CLASS
      STYLE
        ANTIALIAS      true
        COLOR          "#787878"
        OUTLINECOLOR   "#787878"
        WIDTH          0.5
      END
    END

  END



  #=============================================================================
  # LAYER BGT LABEL
  #=============================================================================

  LAYER
    NAME                    BGT_LBL_weg
    GROUP                   bgt_label
    MAXSCALEDENOM           2500
    INCLUDE                 "connection/dataservices.inc"
    DATA                    "geometrie FROM (SELECT bgt_type, geometrie_punt AS geometrie, upper(naam) AS tekst, (360 - label_hoek::numeric) as hoek, identificatie FROM bgt_openbareruimtelabels WHERE object_eindtijd IS NULL) AS data USING srid=28992 using unique identificatie"
    FILTER                  ("[bgt_type]" eq "Weg")
    TYPE                    POINT
    PROJECTION
      "init=epsg:28992"
    END
    METADATA
      "wms_title"           "BGT_LBL_weg"
	    "wms_group_title"     "bgt_label"
    END

    LABELITEM               "tekst"

    CLASS
      LABEL
        MINSCALEDENOM       1250
        MAXSCALEDENOM       2500
        SIZE                8
        COLOR               "#787878"
        FONT                "Univers"
        TYPE                truetype
        ANGLE               [hoek]
        POSITION            CC
      END
      LABEL
        MINSCALEDENOM       625
        MAXSCALEDENOM       1250
        SIZE                10
        COLOR               "#787878"
        FONT                "Univers"
        TYPE                truetype
        ANGLE               [hoek]
        POSITION            CC
      END
      LABEL
        MINSCALEDENOM       312
        MAXSCALEDENOM       625
        SIZE                15
        COLOR               "#787878"
        FONT                "Univers"
        TYPE                truetype
        ANGLE               [hoek]
        POSITION            CC
      END
      LABEL
        MAXSCALEDENOM       312
        SIZE                19
        COLOR               "#787878"
        FONT                "Univers"
        TYPE                truetype
        ANGLE               [hoek]
        POSITION            CC
      END
    END

  END

  #------------------------------------------------------------------------------------------------

  LAYER
    NAME                    BGT_LBL_water
    GROUP                   bgt_label
    MAXSCALEDENOM           2500
    INCLUDE                 "connection/dataservices.inc"
    DATA                    "geometrie FROM (SELECT bgt_type, geometrie_punt AS geometrie, upper(naam) AS tekst, (360 - label_hoek::numeric) as hoek, identificatie FROM bgt_openbareruimtelabels WHERE object_eindtijd IS NULL) AS data USING srid=28992 using unique identificatie"
    FILTER                  ("[bgt_type]" eq "Water")
    TYPE                    POINT
    PROJECTION
      "init=epsg:28992"
    END
    METADATA
      "wms_title"           "BGT_LBL_water"
	    "wms_group_title"     "bgt_label"
    END

    LABELITEM               "tekst"

    CLASS
      LABEL
        MINSCALEDENOM       1250
        MAXSCALEDENOM       2500
        SIZE                8
        COLOR               "#474747"
        FONT                "Univers-I"
        TYPE                truetype
        ANGLE               [hoek]
        POSITION            CC
      END
      LABEL
        MINSCALEDENOM       625
        MAXSCALEDENOM       1250
        SIZE                10
        COLOR               "#474747"
        FONT                "Univers-I"
        TYPE                truetype
        ANGLE               [hoek]
        POSITION            CC
      END
      LABEL
        MINSCALEDENOM       312
        MAXSCALEDENOM       625
        SIZE                15
        COLOR               "#474747"
        FONT                "Univers-I"
        TYPE                truetype
        ANGLE               [hoek]
        POSITION            CC
      END
      LABEL
        MAXSCALEDENOM       312
        SIZE                19
        COLOR               "#474747"
        FONT                "Univers-I"
        TYPE                truetype
        ANGLE               [hoek]
        POSITION            CC
      END
    END

  END

  #------------------------------------------------------------------------------------------------

  LAYER
    NAME                    BGT_LBL_terrein
    GROUP                   bgt_label
    MAXSCALEDENOM           2500
    INCLUDE                 "connection/dataservices.inc"
    DATA                    "geometrie FROM (SELECT bgt_type, geometrie_punt AS geometrie, naam AS tekst, (360 - label_hoek::numeric) as hoek, identificatie FROM bgt_openbareruimtelabels WHERE object_eindtijd IS NULL) AS data USING srid=28992 using unique identificatie"
    FILTER                  ("[bgt_type]" eq "Terrein")
    TYPE                    POINT
    PROJECTION
      "init=epsg:28992"
    END
    METADATA
      "wms_title"            "BGT_LBL_terrein"
	    "wms_group_title"      "bgt_label"
    END

    LABELITEM               "tekst"

    CLASS
      LABEL
        MINSCALEDENOM       1250
        MAXSCALEDENOM       2500
        SIZE                11
        COLOR               "#787878"
        FONT                "Univers"
        TYPE                truetype
        ANGLE               [hoek]
        POSITION            CC
      END
      LABEL
        MINSCALEDENOM       625
        MAXSCALEDENOM       1250
        SIZE                12
        COLOR               "#787878"
        FONT                "Univers"
        TYPE                truetype
        ANGLE               [hoek]
        POSITION            CC
      END
      LABEL
        MINSCALEDENOM       312
        MAXSCALEDENOM       625
        SIZE                16
        COLOR               "#787878"
        FONT                "Univers"
        TYPE                truetype
        ANGLE               [hoek]
        POSITION            CC
      END
      LABEL
        MAXSCALEDENOM       312
        SIZE                19
        COLOR               "#787878"
        FONT                "Univers"
        TYPE                truetype
        ANGLE               [hoek]
        POSITION            CC
      END
    END

  END

  #------------------------------------------------------------------------------------------------

  LAYER
    NAME                    BGT_LBL_kunstwerk
    GROUP                   bgt_label
    MAXSCALEDENOM           2500
    INCLUDE                 "connection/dataservices.inc"
    DATA                    "geometrie FROM (SELECT bgt_type, geometrie_punt AS geometrie, naam AS tekst, (360 - label_hoek::numeric) as hoek, identificatie FROM bgt_openbareruimtelabels WHERE object_eindtijd IS NULL) AS data USING srid=28992 using unique identificatie"
    FILTER                  ("[bgt_type]" eq "Kunstwerk")
    TYPE                    POINT
    PROJECTION
      "init=epsg:28992"
    END
    METADATA
      "wms_title"            "BGT_LBL_kunstwerk"
	    "wms_group_title"      "bgt_label"
    END

    LABELITEM               "tekst"

    CLASS
      LABEL
        MINSCALEDENOM       1250
        MAXSCALEDENOM       2500
        SIZE                8
        COLOR               "#787878"
        FONT                "Univers-I"
        TYPE                truetype
        ANGLE               [hoek]
        POSITION            CC
      END
      LABEL
        MINSCALEDENOM       625
        MAXSCALEDENOM       1250
        SIZE                10
        COLOR               "#787878"
        FONT                "Univers-I"
        TYPE                truetype
        ANGLE               [hoek]
        POSITION            CC
      END
      LABEL
        MINSCALEDENOM       312
        MAXSCALEDENOM       625
        SIZE                13
        COLOR               "#787878"
        FONT                "Univers-I"
        TYPE                truetype
        ANGLE               [hoek]
        POSITION            CC
      END
      LABEL
        MAXSCALEDENOM       312
        SIZE                15
        COLOR               "#787878"
        FONT                "Univers-I"
        TYPE                truetype
        ANGLE               [hoek]
        POSITION            CC
      END
    END

  END

  #------------------------------------------------------------------------------------------------

  LAYER
    NAME                    BGT_LBL_administratief_gebied
    GROUP                   bgt_label
    MAXSCALEDENOM           2500
    INCLUDE                 "connection/dataservices.inc"
    DATA                    "geometrie FROM (SELECT bgt_type, geometrie_punt AS geometrie, upper(naam) AS tekst, (360 - label_hoek::numeric) as hoek, identificatie FROM bgt_openbareruimtelabels WHERE object_eindtijd IS NULL) AS data USING srid=28992 using unique identificatie"
    FILTER                  ("[bgt_type]" eq "Administratief gebied")
    TYPE                    POINT
    PROJECTION
      "init=epsg:28992"
    END
    METADATA
     "wms_title"            "BGT_LBL_administratief_gebied"
	 "wms_group_title"      "bgt"
    END

    LABELITEM               "tekst"

    CLASS
      LABEL
        MINSCALEDENOM       1250
        MAXSCALEDENOM       2500
        SIZE                11
        COLOR               "#787878"
        FONT                "Univers"
        TYPE                truetype
        ANGLE               [hoek]
        POSITION            CC
      END
      LABEL
        MINSCALEDENOM       750
        MAXSCALEDENOM       1250
        SIZE                12
        COLOR               "#787878"
        FONT                "Univers"
        TYPE                truetype
        ANGLE               [hoek]
        POSITION            CC
      END
      LABEL
        MINSCALEDENOM       500
        MAXSCALEDENOM       750
        SIZE                14
        COLOR               "#787878"
        FONT                "Univers"
        TYPE                truetype
        ANGLE               [hoek]
        POSITION            CC
      END
      LABEL
        MINSCALEDENOM       250
        MAXSCALEDENOM       500
        SIZE                16
        COLOR               "#787878"
        FONT                "Univers"
        TYPE                truetype
        ANGLE               [hoek]
        POSITION            CC
      END
      LABEL
        MINSCALEDENOM       1
        MAXSCALEDENOM       250
        SIZE                20
        COLOR               "#787878"
        FONT                "Univers"
        TYPE                truetype
        ANGLE               [hoek]
        POSITION            CC
      END
    END

  END

  #------------------------------------------------------------------------------------------------

  LAYER
    NAME                    BGT_LBL_landschappelijk_gebied
    GROUP                   bgt_label
    MAXSCALEDENOM           2500
    INCLUDE                 "connection/dataservices.inc"
    DATA                    "geometrie FROM (SELECT bgt_type, geometrie_punt AS geometrie, upper(naam) AS tekst, (360 - label_hoek::numeric) as hoek, identificatie FROM bgt_openbareruimtelabels WHERE object_eindtijd IS NULL) AS data USING srid=28992 using unique identificatie"
    FILTER                  ("[bgt_type]" eq "Landschappelijk gebied")
    TYPE                    POINT
    PROJECTION
      "init=epsg:28992"
    END
    METADATA
      "wms_title"            "BGT_LBL_landschappelijk_gebied"
	    "wms_group_title"      "bgt"
    END

    LABELITEM               "tekst"

    CLASS
      LABEL
        MINSCALEDENOM       1250
        MAXSCALEDENOM       2500
        SIZE                11
        COLOR               "#787878"
        FONT                "Univers"
        TYPE                truetype
        ANGLE               [hoek]
        POSITION            CC
      END
      LABEL
        MINSCALEDENOM       750
        MAXSCALEDENOM       1250
        SIZE                12
        COLOR               "#787878"
        FONT                "Univers"
        TYPE                truetype
        ANGLE               [hoek]
        POSITION            CC
      END
      LABEL
        MINSCALEDENOM       500
        MAXSCALEDENOM       750
        SIZE                14
        COLOR               "#787878"
        FONT                "Univers"
        TYPE                truetype
        ANGLE               [hoek]
        POSITION            CC
      END
      LABEL
        MINSCALEDENOM       250
        MAXSCALEDENOM       500
        SIZE                16
        COLOR               "#787878"
        FONT                "Univers"
        TYPE                truetype
        ANGLE               [hoek]
        POSITION            CC
      END
      LABEL
        MINSCALEDENOM       1
        MAXSCALEDENOM       250
        SIZE                20
        COLOR               "#787878"
        FONT                "Univers"
        TYPE                truetype
        ANGLE               [hoek]
        POSITION            CC
      END
    END

  END

  #------------------------------------------------------------------------------------------------

  LAYER
    NAME                    BGT_LBL_nummeraanduidingreeks
    GROUP                   bgt_label
    MAXSCALEDENOM           1250
    INCLUDE                 "connection/dataservices.inc"
    DATA                    "geometrie FROM (SELECT geometrie_punt AS geometrie, upper(nummeraanduidingreeks_afgekort) AS tekst, (360 - labelhoek::numeric) as hoek, identificatie FROM bgt_nummeraanduidingreekslabels WHERE object_eindtijd IS NULL) AS data USING srid=28992 using unique identificatie"
    TYPE                    POINT
    PROJECTION
      "init=epsg:28992"
    END
    METADATA
     "wms_title"            "BGT_LBL_nummeraanduidingreeks"
	   "wms_group_title"      "bgt"
    END

    LABELITEM               "tekst"

    CLASS
      LABEL
        MINSCALEDENOM       750
        MAXSCALEDENOM       1250
        SIZE                9
        COLOR               "#787878"
        FONT                "UniversCD"
        TYPE                truetype
        ANGLE               [hoek]
        POSITION            CC
      END
      LABEL
        MINSCALEDENOM       600
        MAXSCALEDENOM       750
        SIZE                11
        COLOR               "#787878"
        FONT                "UniversCD"
        TYPE                truetype
        ANGLE               [hoek]
        POSITION            CC
      END
      LABEL
        MINSCALEDENOM       450
        MAXSCALEDENOM       600
        SIZE                13
        COLOR               "#787878"
        FONT                "UniversCD"
        TYPE                truetype
        ANGLE               [hoek]
        POSITION            CC
      END
      LABEL
        MINSCALEDENOM       300
        MAXSCALEDENOM       450
        SIZE                15
        COLOR               "#787878"
        FONT                "UniversCD"
        TYPE                truetype
        ANGLE               [hoek]
        POSITION            CC
      END
      LABEL
        MINSCALEDENOM       200
        MAXSCALEDENOM       300
        SIZE                17
        COLOR               "#787878"
        FONT                "UniversCD"
        TYPE                truetype
        ANGLE               [hoek]
        POSITION            CC
      END
      LABEL
        MINSCALEDENOM       1
        MAXSCALEDENOM       200
        SIZE                19
        COLOR               "#787878"
        FONT                "UniversCD"
        TYPE                truetype
        ANGLE               [hoek]
        POSITION            CC
      END
    END

  END

  #------------------------------------------------------------------------------------------------

  LAYER
    NAME                    BAG_LBL_ligplaatsnummeraanduidingreeks
    GROUP                   bgt_label
    MAXSCALEDENOM           1250
    INCLUDE                 "connection/dataservices.inc"
    DATA                    "geometrie FROM (SELECT geometrie_punt AS geometrie, nummeraanduidingreeks AS tekst, (360 - label_hoek::numeric) as hoek, hoort_bij_bag_ligplaats FROM bgt_ligplaatsnummeraanduidingreekslabels) AS data USING srid=28992 USING UNIQUE hoort_bij_bag_ligplaats"
    TYPE                    POINT
    PROJECTION
      "init=epsg:28992"
    END
    METADATA
      "wms_title"           "BAG_LBL_ligplaatsnummeraanduidingreeks"
	    "wms_group_title"     "bgt"
    END

    LABELITEM               "tekst"

    CLASS
      LABEL
        MINSCALEDENOM       750
        MAXSCALEDENOM       1250
        SIZE                9
        COLOR               "#787878"
        FONT                "UniversCD"
        TYPE                truetype
        ANGLE               [hoek]
        POSITION            CC
      END
      LABEL
        MINSCALEDENOM       600
        MAXSCALEDENOM       750
        SIZE                11
        COLOR               "#787878"
        FONT                "UniversCD"
        TYPE                truetype
        ANGLE               [hoek]
        POSITION            CC
      END
      LABEL
        MINSCALEDENOM       450
        MAXSCALEDENOM       600
        SIZE                13
        COLOR               "#787878"
        FONT                "UniversCD"
        TYPE                truetype
        ANGLE               [hoek]
        POSITION            CC
      END
      LABEL
        MINSCALEDENOM       300
        MAXSCALEDENOM       450
        SIZE                15
        COLOR               "#787878"
        FONT                "UniversCD"
        TYPE                truetype
        ANGLE               [hoek]
        POSITION            CC
      END
      LABEL
        MINSCALEDENOM       200
        MAXSCALEDENOM       300
        SIZE                17
        COLOR               "#787878"
        FONT                "UniversCD"
        TYPE                truetype
        ANGLE               [hoek]
        POSITION            CC
      END
      LABEL
        MINSCALEDENOM       1
        MAXSCALEDENOM       200
        SIZE                19
        COLOR               "#787878"
        FONT                "UniversCD"
        TYPE                truetype
        ANGLE               [hoek]
        POSITION            CC
      END
    END

  END

  #------------------------------------------------------------------------------------------------

  LAYER
    NAME                    BAG_LBL_standplaatsnummeraanduidingreeks
    GROUP                   bgt_label
    MAXSCALEDENOM           1250
    INCLUDE                 "connection/dataservices.inc"
    DATA                    "geometrie FROM (SELECT geometrie_punt AS geometrie, nummeraanduidingreeks AS tekst, (360 - label_hoek::numeric) as hoek, hoort_bij_bag_standplaats FROM bgt_standplaatsnummeraanduidingreekslabels) AS data USING srid=28992 USING UNIQUE hoort_bij_bag_standplaats"
	  TYPE                    POINT
    PROJECTION
      "init=epsg:28992"
    END
    METADATA
      "wms_title"           "BAG_LBL_standplaatsnummeraanduidingreeks"
	    "wms_group_title"     "bgt"
    END

    LABELITEM               "tekst"

    CLASS
      LABEL
        MINSCALEDENOM       750
        MAXSCALEDENOM       1250
        SIZE                9
        COLOR               "#787878"
        FONT                "UniversCD"
        TYPE                truetype
        ANGLE               [hoek]
        POSITION            CC
      END
      LABEL
        MINSCALEDENOM       600
        MAXSCALEDENOM       750
        SIZE                11
        COLOR               "#787878"
        FONT                "UniversCD"
        TYPE                truetype
        ANGLE               [hoek]
        POSITION            CC
      END
      LABEL
        MINSCALEDENOM       450
        MAXSCALEDENOM       600
        SIZE                13
        COLOR               "#787878"
        FONT                "UniversCD"
        TYPE                truetype
        ANGLE               [hoek]
        POSITION            CC
      END
      LABEL
        MINSCALEDENOM       300
        MAXSCALEDENOM       450
        SIZE                15
        COLOR               "#787878"
        FONT                "UniversCD"
        TYPE                truetype
        ANGLE               [hoek]
        POSITION            CC
      END
      LABEL
        MINSCALEDENOM       200
        MAXSCALEDENOM       300
        SIZE                17
        COLOR               "#787878"
        FONT                "UniversCD"
        TYPE                truetype
        ANGLE               [hoek]
        POSITION            CC
      END
      LABEL
        MINSCALEDENOM       1
        MAXSCALEDENOM       200
        SIZE                19
        COLOR               "#787878"
        FONT                "UniversCD"
        TYPE                truetype
        ANGLE               [hoek]
        POSITION            CC
      END
    END

  END


#=============================================================================

END
